---
source: mux-compiler/tests/executable_integration.rs
expression: normalized
---
error: Non-exhaustive match: missing pattern for Optional: some
--> test_scripts/error_cases/semantic_match_optional_guard.mux:5:11
   |
 5 |     match x {
   |           ^
   |
= help: Add match arm for: some, or add a wildcard '_' pattern
