---
source: mux-compiler/tests/executable_integration.rs
expression: normalized
---
error: 1 error found

error[E0304]: Function 'main' must return void, not 'int'
--> test_scripts/error_cases/semantic_main_returns_value.mux:2:21
   |
 2 | func main() returns int {
   |                     ^^^
   |
= help: The entry point 'main' function must be declared as 'returns void'. Change the return type to void.
