---
source: mux-compiler/tests/executable_integration.rs
expression: normalized
---
error: 1 error found

error[E0303]: arguments to 'Status.Code' violate its where constraint
--> test_scripts/error_cases/semantic_where_enum_violation.mux:9:12
   |
 9 | auto bad = Status.Code(9999)
   |            ^^^^^^^^^^^
   |
= help: The where predicate at 6:43 is always false for these argument values, so this call would panic on every execution
