---
source: mux-compiler/tests/executable_integration.rs
expression: normalized
---
error: 4 errors found

error[E0106]: Char literal must be exactly one character
--> test_scripts/error_cases/lexer_char_too_long.mux:2:10
   |
 2 | auto c = 'ab'
   |          ^^^
   |
= help: Example: 'a', '\n', '\''

error[E0201]: Expected expression, found Invalid("'ab")
--> test_scripts/error_cases/lexer_char_too_long.mux:2:10
   |
 2 | auto c = 'ab'
   |          ^^^

error[E0106]: Unterminated character literal
--> test_scripts/error_cases/lexer_char_too_long.mux:2:13
   |
 2 | auto c = 'ab'
   |             ^
   |
= help: Make sure to close the character with a matching quote

error[E0201]: Expected expression, found Invalid("'\n")
--> test_scripts/error_cases/lexer_char_too_long.mux:2:13
   |
 2 | auto c = 'ab'
   |             ^
