---
source: mux-compiler/tests/lexer_integration.rs
expression: tokens
---
[
    Token {
        token_type: Func,
        span: Span { .. },
    },
    Token {
        token_type: Id(
            "cursor_test",
        ),
        span: Span { .. },
    },
    Token {
        token_type: OpenParen,
        span: Span { .. },
    },
    Token {
        token_type: Id(
            "bytes",
        ),
        span: Span { .. },
    },
    Token {
        token_type: Id(
            "wire",
        ),
        span: Span { .. },
    },
    Token {
        token_type: CloseParen,
        span: Span { .. },
    },
    Token {
        token_type: Returns,
        span: Span { .. },
    },
    Token {
        token_type: Id(
            "result",
        ),
        span: Span { .. },
    },
    Token {
        token_type: Lt,
        span: Span { .. },
    },
    Token {
        token_type: Id(
            "int",
        ),
        span: Span { .. },
    },
    Token {
        token_type: Comma,
        span: Span { .. },
    },
    Token {
        token_type: Id(
            "BytesError",
        ),
        span: Span { .. },
    },
    Token {
        token_type: Gt,
        span: Span { .. },
    },
    Token {
        token_type: OpenBrace,
        span: Span { .. },
    },
    Token {
        token_type: NewLine,
        span: Span { .. },
    },
    Token {
        token_type: Auto,
        span: Span { .. },
    },
    Token {
        token_type: Id(
            "cursor",
        ),
        span: Span { .. },
    },
    Token {
        token_type: Eq,
        span: Span { .. },
    },
    Token {
        token_type: Use,
        span: Span { .. },
    },
    Token {
        token_type: Id(
            "wire",
        ),
        span: Span { .. },
    },
    Token {
        token_type: Dot,
        span: Span { .. },
    },
    Token {
        token_type: Id(
            "cursor",
        ),
        span: Span { .. },
    },
    Token {
        token_type: OpenParen,
        span: Span { .. },
    },
    Token {
        token_type: CloseParen,
        span: Span { .. },
    },
    Token {
        token_type: NewLine,
        span: Span { .. },
    },
    Token {
        token_type: Auto,
        span: Span { .. },
    },
    Token {
        token_type: Id(
            "value",
        ),
        span: Span { .. },
    },
    Token {
        token_type: Eq,
        span: Span { .. },
    },
    Token {
        token_type: Use,
        span: Span { .. },
    },
    Token {
        token_type: Id(
            "cursor",
        ),
        span: Span { .. },
    },
    Token {
        token_type: Dot,
        span: Span { .. },
    },
    Token {
        token_type: Id(
            "read_uint_le",
        ),
        span: Span { .. },
    },
    Token {
        token_type: OpenParen,
        span: Span { .. },
    },
    Token {
        token_type: Int(
            2,
        ),
        span: Span { .. },
    },
    Token {
        token_type: CloseParen,
        span: Span { .. },
    },
    Token {
        token_type: NewLine,
        span: Span { .. },
    },
    Token {
        token_type: Id(
            "print",
        ),
        span: Span { .. },
    },
    Token {
        token_type: OpenParen,
        span: Span { .. },
    },
    Token {
        token_type: Str(
            "cursor:",
        ),
        span: Span { .. },
    },
    Token {
        token_type: Plus,
        span: Span { .. },
    },
    Token {
        token_type: Id(
            "value",
        ),
        span: Span { .. },
    },
    Token {
        token_type: Dot,
        span: Span { .. },
    },
    Token {
        token_type: Id(
            "to_string",
        ),
        span: Span { .. },
    },
    Token {
        token_type: OpenParen,
        span: Span { .. },
    },
    Token {
        token_type: CloseParen,
        span: Span { .. },
    },
    Token {
        token_type: CloseParen,
        span: Span { .. },
    },
    Token {
        token_type: NewLine,
        span: Span { .. },
    },
    Token {
        token_type: Auto,
        span: Span { .. },
    },
    Token {
        token_type: Id(
            "position",
        ),
        span: Span { .. },
    },
    Token {
        token_type: Eq,
        span: Span { .. },
    },
    Token {
        token_type: Use,
        span: Span { .. },
    },
    Token {
        token_type: Id(
            "cursor",
        ),
        span: Span { .. },
    },
    Token {
        token_type: Dot,
        span: Span { .. },
    },
    Token {
        token_type: Id(
            "position",
        ),
        span: Span { .. },
    },
    Token {
        token_type: OpenParen,
        span: Span { .. },
    },
    Token {
        token_type: CloseParen,
        span: Span { .. },
    },
    Token {
        token_type: NewLine,
        span: Span { .. },
    },
    Token {
        token_type: Id(
            "print",
        ),
        span: Span { .. },
    },
    Token {
        token_type: OpenParen,
        span: Span { .. },
    },
    Token {
        token_type: Str(
            "position:",
        ),
        span: Span { .. },
    },
    Token {
        token_type: Plus,
        span: Span { .. },
    },
    Token {
        token_type: Id(
            "position",
        ),
        span: Span { .. },
    },
    Token {
        token_type: Dot,
        span: Span { .. },
    },
    Token {
        token_type: Id(
            "to_string",
        ),
        span: Span { .. },
    },
    Token {
        token_type: OpenParen,
        span: Span { .. },
    },
    Token {
        token_type: CloseParen,
        span: Span { .. },
    },
    Token {
        token_type: CloseParen,
        span: Span { .. },
    },
    Token {
        token_type: NewLine,
        span: Span { .. },
    },
    Token {
        token_type: Auto,
        span: Span { .. },
    },
    Token {
        token_type: Id(
            "remaining",
        ),
        span: Span { .. },
    },
    Token {
        token_type: Eq,
        span: Span { .. },
    },
    Token {
        token_type: Use,
        span: Span { .. },
    },
    Token {
        token_type: Id(
            "cursor",
        ),
        span: Span { .. },
    },
    Token {
        token_type: Dot,
        span: Span { .. },
    },
    Token {
        token_type: Id(
            "remaining",
        ),
        span: Span { .. },
    },
    Token {
        token_type: OpenParen,
        span: Span { .. },
    },
    Token {
        token_type: CloseParen,
        span: Span { .. },
    },
    Token {
        token_type: NewLine,
        span: Span { .. },
    },
    Token {
        token_type: Id(
            "print",
        ),
        span: Span { .. },
    },
    Token {
        token_type: OpenParen,
        span: Span { .. },
    },
    Token {
        token_type: Str(
            "remaining:",
        ),
        span: Span { .. },
    },
    Token {
        token_type: Plus,
        span: Span { .. },
    },
    Token {
        token_type: Id(
            "remaining",
        ),
        span: Span { .. },
    },
    Token {
        token_type: Dot,
        span: Span { .. },
    },
    Token {
        token_type: Id(
            "to_string",
        ),
        span: Span { .. },
    },
    Token {
        token_type: OpenParen,
        span: Span { .. },
    },
    Token {
        token_type: CloseParen,
        span: Span { .. },
    },
    Token {
        token_type: CloseParen,
        span: Span { .. },
    },
    Token {
        token_type: NewLine,
        span: Span { .. },
    },
    Token {
        token_type: Auto,
        span: Span { .. },
    },
    Token {
        token_type: Id(
            "cursor_bytes",
        ),
        span: Span { .. },
    },
    Token {
        token_type: Eq,
        span: Span { .. },
    },
    Token {
        token_type: Use,
        span: Span { .. },
    },
    Token {
        token_type: Id(
            "cursor",
        ),
        span: Span { .. },
    },
    Token {
        token_type: Dot,
        span: Span { .. },
    },
    Token {
        token_type: Id(
            "into_bytes",
        ),
        span: Span { .. },
    },
    Token {
        token_type: OpenParen,
        span: Span { .. },
    },
    Token {
        token_type: CloseParen,
        span: Span { .. },
    },
    Token {
        token_type: NewLine,
        span: Span { .. },
    },
    Token {
        token_type: Id(
            "print",
        ),
        span: Span { .. },
    },
    Token {
        token_type: OpenParen,
        span: Span { .. },
    },
    Token {
        token_type: Str(
            "cursor-bytes:",
        ),
        span: Span { .. },
    },
    Token {
        token_type: Plus,
        span: Span { .. },
    },
    Token {
        token_type: Id(
            "cursor_bytes",
        ),
        span: Span { .. },
    },
    Token {
        token_type: Dot,
        span: Span { .. },
    },
    Token {
        token_type: Id(
            "to_string",
        ),
        span: Span { .. },
    },
    Token {
        token_type: OpenParen,
        span: Span { .. },
    },
    Token {
        token_type: CloseParen,
        span: Span { .. },
    },
    Token {
        token_type: CloseParen,
        span: Span { .. },
    },
    Token {
        token_type: NewLine,
        span: Span { .. },
    },
    Token {
        token_type: Return,
        span: Span { .. },
    },
    Token {
        token_type: Id(
            "ok",
        ),
        span: Span { .. },
    },
    Token {
        token_type: OpenParen,
        span: Span { .. },
    },
    Token {
        token_type: Int(
            1,
        ),
        span: Span { .. },
    },
    Token {
        token_type: CloseParen,
        span: Span { .. },
    },
    Token {
        token_type: NewLine,
        span: Span { .. },
    },
    Token {
        token_type: CloseBrace,
        span: Span { .. },
    },
    Token {
        token_type: NewLine,
        span: Span { .. },
    },
    Token {
        token_type: NewLine,
        span: Span { .. },
    },
    Token {
        token_type: Id(
            "bytes",
        ),
        span: Span { .. },
    },
    Token {
        token_type: Id(
            "data",
        ),
        span: Span { .. },
    },
    Token {
        token_type: NewLine,
        span: Span { .. },
    },
    Token {
        token_type: Auto,
        span: Span { .. },
    },
    Token {
        token_type: Id(
            "literal",
        ),
        span: Span { .. },
    },
    Token {
        token_type: Eq,
        span: Span { .. },
    },
    Token {
        token_type: Bytes(
            [
                77,
                117,
                120,
                0,
                255,
            ],
        ),
        span: Span { .. },
    },
    Token {
        token_type: NewLine,
        span: Span { .. },
    },
    Token {
        token_type: Id(
            "print",
        ),
        span: Span { .. },
    },
    Token {
        token_type: OpenParen,
        span: Span { .. },
    },
    Token {
        token_type: Id(
            "literal",
        ),
        span: Span { .. },
    },
    Token {
        token_type: Dot,
        span: Span { .. },
    },
    Token {
        token_type: Id(
            "to_string",
        ),
        span: Span { .. },
    },
    Token {
        token_type: OpenParen,
        span: Span { .. },
    },
    Token {
        token_type: CloseParen,
        span: Span { .. },
    },
    Token {
        token_type: CloseParen,
        span: Span { .. },
    },
    Token {
        token_type: NewLine,
        span: Span { .. },
    },
    Token {
        token_type: Id(
            "print",
        ),
        span: Span { .. },
    },
    Token {
        token_type: OpenParen,
        span: Span { .. },
    },
    Token {
        token_type: Id(
            "literal",
        ),
        span: Span { .. },
    },
    Token {
        token_type: OpenBracket,
        span: Span { .. },
    },
    Token {
        token_type: Int(
            0,
        ),
        span: Span { .. },
    },
    Token {
        token_type: CloseBracket,
        span: Span { .. },
    },
    Token {
        token_type: Dot,
        span: Span { .. },
    },
    Token {
        token_type: Id(
            "to_string",
        ),
        span: Span { .. },
    },
    Token {
        token_type: OpenParen,
        span: Span { .. },
    },
    Token {
        token_type: CloseParen,
        span: Span { .. },
    },
    Token {
        token_type: CloseParen,
        span: Span { .. },
    },
    Token {
        token_type: NewLine,
        span: Span { .. },
    },
    Token {
        token_type: Id(
            "print",
        ),
        span: Span { .. },
    },
    Token {
        token_type: OpenParen,
        span: Span { .. },
    },
    Token {
        token_type: Id(
            "literal",
        ),
        span: Span { .. },
    },
    Token {
        token_type: OpenBracket,
        span: Span { .. },
    },
    Token {
        token_type: Int(
            1,
        ),
        span: Span { .. },
    },
    Token {
        token_type: Colon,
        span: Span { .. },
    },
    Token {
        token_type: Int(
            3,
        ),
        span: Span { .. },
    },
    Token {
        token_type: CloseBracket,
        span: Span { .. },
    },
    Token {
        token_type: Dot,
        span: Span { .. },
    },
    Token {
        token_type: Id(
            "to_string",
        ),
        span: Span { .. },
    },
    Token {
        token_type: OpenParen,
        span: Span { .. },
    },
    Token {
        token_type: CloseParen,
        span: Span { .. },
    },
    Token {
        token_type: CloseParen,
        span: Span { .. },
    },
    Token {
        token_type: NewLine,
        span: Span { .. },
    },
    Token {
        token_type: Id(
            "print",
        ),
        span: Span { .. },
    },
    Token {
        token_type: OpenParen,
        span: Span { .. },
    },
    Token {
        token_type: OpenParen,
        span: Span { .. },
    },
    Token {
        token_type: Bytes(
            [
                97,
            ],
        ),
        span: Span { .. },
    },
    Token {
        token_type: Lt,
        span: Span { .. },
    },
    Token {
        token_type: Bytes(
            [
                98,
            ],
        ),
        span: Span { .. },
    },
    Token {
        token_type: CloseParen,
        span: Span { .. },
    },
    Token {
        token_type: Dot,
        span: Span { .. },
    },
    Token {
        token_type: Id(
            "to_string",
        ),
        span: Span { .. },
    },
    Token {
        token_type: OpenParen,
        span: Span { .. },
    },
    Token {
        token_type: CloseParen,
        span: Span { .. },
    },
    Token {
        token_type: CloseParen,
        span: Span { .. },
    },
    Token {
        token_type: NewLine,
        span: Span { .. },
    },
    Token {
        token_type: Id(
            "print",
        ),
        span: Span { .. },
    },
    Token {
        token_type: OpenParen,
        span: Span { .. },
    },
    Token {
        token_type: OpenParen,
        span: Span { .. },
    },
    Token {
        token_type: Int(
            77,
        ),
        span: Span { .. },
    },
    Token {
        token_type: In,
        span: Span { .. },
    },
    Token {
        token_type: Bytes(
            [
                77,
                117,
                120,
            ],
        ),
        span: Span { .. },
    },
    Token {
        token_type: CloseParen,
        span: Span { .. },
    },
    Token {
        token_type: Dot,
        span: Span { .. },
    },
    Token {
        token_type: Id(
            "to_string",
        ),
        span: Span { .. },
    },
    Token {
        token_type: OpenParen,
        span: Span { .. },
    },
    Token {
        token_type: CloseParen,
        span: Span { .. },
    },
    Token {
        token_type: CloseParen,
        span: Span { .. },
    },
    Token {
        token_type: NewLine,
        span: Span { .. },
    },
    Token {
        token_type: Id(
            "byte",
        ),
        span: Span { .. },
    },
    Token {
        token_type: Id(
            "exclamation",
        ),
        span: Span { .. },
    },
    Token {
        token_type: Eq,
        span: Span { .. },
    },
    Token {
        token_type: Int(
            33,
        ),
        span: Span { .. },
    },
    Token {
        token_type: NewLine,
        span: Span { .. },
    },
    Token {
        token_type: Id(
            "literal",
        ),
        span: Span { .. },
    },
    Token {
        token_type: Dot,
        span: Span { .. },
    },
    Token {
        token_type: Id(
            "insert",
        ),
        span: Span { .. },
    },
    Token {
        token_type: OpenParen,
        span: Span { .. },
    },
    Token {
        token_type: Int(
            1,
        ),
        span: Span { .. },
    },
    Token {
        token_type: Comma,
        span: Span { .. },
    },
    Token {
        token_type: Id(
            "exclamation",
        ),
        span: Span { .. },
    },
    Token {
        token_type: CloseParen,
        span: Span { .. },
    },
    Token {
        token_type: NewLine,
        span: Span { .. },
    },
    Token {
        token_type: Id(
            "print",
        ),
        span: Span { .. },
    },
    Token {
        token_type: OpenParen,
        span: Span { .. },
    },
    Token {
        token_type: Id(
            "literal",
        ),
        span: Span { .. },
    },
    Token {
        token_type: Dot,
        span: Span { .. },
    },
    Token {
        token_type: Id(
            "to_string",
        ),
        span: Span { .. },
    },
    Token {
        token_type: OpenParen,
        span: Span { .. },
    },
    Token {
        token_type: CloseParen,
        span: Span { .. },
    },
    Token {
        token_type: CloseParen,
        span: Span { .. },
    },
    Token {
        token_type: NewLine,
        span: Span { .. },
    },
    Token {
        token_type: Auto,
        span: Span { .. },
    },
    Token {
        token_type: Id(
            "removed",
        ),
        span: Span { .. },
    },
    Token {
        token_type: Eq,
        span: Span { .. },
    },
    Token {
        token_type: Id(
            "literal",
        ),
        span: Span { .. },
    },
    Token {
        token_type: Dot,
        span: Span { .. },
    },
    Token {
        token_type: Id(
            "remove",
        ),
        span: Span { .. },
    },
    Token {
        token_type: OpenParen,
        span: Span { .. },
    },
    Token {
        token_type: Int(
            -1,
        ),
        span: Span { .. },
    },
    Token {
        token_type: CloseParen,
        span: Span { .. },
    },
    Token {
        token_type: NewLine,
        span: Span { .. },
    },
    Token {
        token_type: If,
        span: Span { .. },
    },
    Token {
        token_type: Id(
            "removed",
        ),
        span: Span { .. },
    },
    Token {
        token_type: Dot,
        span: Span { .. },
    },
    Token {
        token_type: Id(
            "is_some",
        ),
        span: Span { .. },
    },
    Token {
        token_type: OpenParen,
        span: Span { .. },
    },
    Token {
        token_type: CloseParen,
        span: Span { .. },
    },
    Token {
        token_type: OpenBrace,
        span: Span { .. },
    },
    Token {
        token_type: Id(
            "print",
        ),
        span: Span { .. },
    },
    Token {
        token_type: OpenParen,
        span: Span { .. },
    },
    Token {
        token_type: Id(
            "removed",
        ),
        span: Span { .. },
    },
    Token {
        token_type: Dot,
        span: Span { .. },
    },
    Token {
        token_type: Id(
            "value",
        ),
        span: Span { .. },
    },
    Token {
        token_type: OpenParen,
        span: Span { .. },
    },
    Token {
        token_type: CloseParen,
        span: Span { .. },
    },
    Token {
        token_type: Dot,
        span: Span { .. },
    },
    Token {
        token_type: Id(
            "to_string",
        ),
        span: Span { .. },
    },
    Token {
        token_type: OpenParen,
        span: Span { .. },
    },
    Token {
        token_type: CloseParen,
        span: Span { .. },
    },
    Token {
        token_type: CloseParen,
        span: Span { .. },
    },
    Token {
        token_type: CloseBrace,
        span: Span { .. },
    },
    Token {
        token_type: Else,
        span: Span { .. },
    },
    Token {
        token_type: OpenBrace,
        span: Span { .. },
    },
    Token {
        token_type: Id(
            "print",
        ),
        span: Span { .. },
    },
    Token {
        token_type: OpenParen,
        span: Span { .. },
    },
    Token {
        token_type: Str(
            "missing",
        ),
        span: Span { .. },
    },
    Token {
        token_type: CloseParen,
        span: Span { .. },
    },
    Token {
        token_type: CloseBrace,
        span: Span { .. },
    },
    Token {
        token_type: NewLine,
        span: Span { .. },
    },
    Token {
        token_type: Id(
            "literal",
        ),
        span: Span { .. },
    },
    Token {
        token_type: Dot,
        span: Span { .. },
    },
    Token {
        token_type: Id(
            "copy_within",
        ),
        span: Span { .. },
    },
    Token {
        token_type: OpenParen,
        span: Span { .. },
    },
    Token {
        token_type: Int(
            0,
        ),
        span: Span { .. },
    },
    Token {
        token_type: Comma,
        span: Span { .. },
    },
    Token {
        token_type: Int(
            1,
        ),
        span: Span { .. },
    },
    Token {
        token_type: Comma,
        span: Span { .. },
    },
    Token {
        token_type: Int(
            2,
        ),
        span: Span { .. },
    },
    Token {
        token_type: CloseParen,
        span: Span { .. },
    },
    Token {
        token_type: NewLine,
        span: Span { .. },
    },
    Token {
        token_type: Id(
            "print",
        ),
        span: Span { .. },
    },
    Token {
        token_type: OpenParen,
        span: Span { .. },
    },
    Token {
        token_type: Id(
            "literal",
        ),
        span: Span { .. },
    },
    Token {
        token_type: Dot,
        span: Span { .. },
    },
    Token {
        token_type: Id(
            "to_string",
        ),
        span: Span { .. },
    },
    Token {
        token_type: OpenParen,
        span: Span { .. },
    },
    Token {
        token_type: CloseParen,
        span: Span { .. },
    },
    Token {
        token_type: CloseParen,
        span: Span { .. },
    },
    Token {
        token_type: NewLine,
        span: Span { .. },
    },
    Token {
        token_type: Match,
        span: Span { .. },
    },
    Token {
        token_type: Id(
            "literal",
        ),
        span: Span { .. },
    },
    Token {
        token_type: Dot,
        span: Span { .. },
    },
    Token {
        token_type: Id(
            "to_hex",
        ),
        span: Span { .. },
    },
    Token {
        token_type: OpenParen,
        span: Span { .. },
    },
    Token {
        token_type: CloseParen,
        span: Span { .. },
    },
    Token {
        token_type: OpenBrace,
        span: Span { .. },
    },
    Token {
        token_type: NewLine,
        span: Span { .. },
    },
    Token {
        token_type: Id(
            "ok",
        ),
        span: Span { .. },
    },
    Token {
        token_type: OpenParen,
        span: Span { .. },
    },
    Token {
        token_type: Id(
            "value",
        ),
        span: Span { .. },
    },
    Token {
        token_type: CloseParen,
        span: Span { .. },
    },
    Token {
        token_type: OpenBrace,
        span: Span { .. },
    },
    Token {
        token_type: Id(
            "print",
        ),
        span: Span { .. },
    },
    Token {
        token_type: OpenParen,
        span: Span { .. },
    },
    Token {
        token_type: Id(
            "value",
        ),
        span: Span { .. },
    },
    Token {
        token_type: Dot,
        span: Span { .. },
    },
    Token {
        token_type: Id(
            "to_string",
        ),
        span: Span { .. },
    },
    Token {
        token_type: OpenParen,
        span: Span { .. },
    },
    Token {
        token_type: CloseParen,
        span: Span { .. },
    },
    Token {
        token_type: CloseParen,
        span: Span { .. },
    },
    Token {
        token_type: CloseBrace,
        span: Span { .. },
    },
    Token {
        token_type: NewLine,
        span: Span { .. },
    },
    Token {
        token_type: Id(
            "err",
        ),
        span: Span { .. },
    },
    Token {
        token_type: OpenParen,
        span: Span { .. },
    },
    Token {
        token_type: Id(
            "error",
        ),
        span: Span { .. },
    },
    Token {
        token_type: CloseParen,
        span: Span { .. },
    },
    Token {
        token_type: OpenBrace,
        span: Span { .. },
    },
    Token {
        token_type: Id(
            "print",
        ),
        span: Span { .. },
    },
    Token {
        token_type: OpenParen,
        span: Span { .. },
    },
    Token {
        token_type: Id(
            "error",
        ),
        span: Span { .. },
    },
    Token {
        token_type: Dot,
        span: Span { .. },
    },
    Token {
        token_type: Id(
            "message",
        ),
        span: Span { .. },
    },
    Token {
        token_type: OpenParen,
        span: Span { .. },
    },
    Token {
        token_type: CloseParen,
        span: Span { .. },
    },
    Token {
        token_type: CloseParen,
        span: Span { .. },
    },
    Token {
        token_type: CloseBrace,
        span: Span { .. },
    },
    Token {
        token_type: NewLine,
        span: Span { .. },
    },
    Token {
        token_type: CloseBrace,
        span: Span { .. },
    },
    Token {
        token_type: NewLine,
        span: Span { .. },
    },
    Token {
        token_type: Auto,
        span: Span { .. },
    },
    Token {
        token_type: Id(
            "wire",
        ),
        span: Span { .. },
    },
    Token {
        token_type: Eq,
        span: Span { .. },
    },
    Token {
        token_type: Bytes(
            [
                0,
                0,
                0,
                0,
                0,
                0,
                0,
                0,
            ],
        ),
        span: Span { .. },
    },
    Token {
        token_type: NewLine,
        span: Span { .. },
    },
    Token {
        token_type: Match,
        span: Span { .. },
    },
    Token {
        token_type: Id(
            "wire",
        ),
        span: Span { .. },
    },
    Token {
        token_type: Dot,
        span: Span { .. },
    },
    Token {
        token_type: Id(
            "write_uint_le",
        ),
        span: Span { .. },
    },
    Token {
        token_type: OpenParen,
        span: Span { .. },
    },
    Token {
        token_type: Int(
            0,
        ),
        span: Span { .. },
    },
    Token {
        token_type: Comma,
        span: Span { .. },
    },
    Token {
        token_type: Int(
            258,
        ),
        span: Span { .. },
    },
    Token {
        token_type: Comma,
        span: Span { .. },
    },
    Token {
        token_type: Int(
            2,
        ),
        span: Span { .. },
    },
    Token {
        token_type: CloseParen,
        span: Span { .. },
    },
    Token {
        token_type: OpenBrace,
        span: Span { .. },
    },
    Token {
        token_type: NewLine,
        span: Span { .. },
    },
    Token {
        token_type: Id(
            "ok",
        ),
        span: Span { .. },
    },
    Token {
        token_type: OpenParen,
        span: Span { .. },
    },
    Token {
        token_type: Underscore,
        span: Span { .. },
    },
    Token {
        token_type: CloseParen,
        span: Span { .. },
    },
    Token {
        token_type: OpenBrace,
        span: Span { .. },
    },
    Token {
        token_type: Id(
            "print",
        ),
        span: Span { .. },
    },
    Token {
        token_type: OpenParen,
        span: Span { .. },
    },
    Token {
        token_type: Str(
            "write-ok",
        ),
        span: Span { .. },
    },
    Token {
        token_type: CloseParen,
        span: Span { .. },
    },
    Token {
        token_type: CloseBrace,
        span: Span { .. },
    },
    Token {
        token_type: NewLine,
        span: Span { .. },
    },
    Token {
        token_type: Id(
            "err",
        ),
        span: Span { .. },
    },
    Token {
        token_type: OpenParen,
        span: Span { .. },
    },
    Token {
        token_type: Id(
            "error",
        ),
        span: Span { .. },
    },
    Token {
        token_type: CloseParen,
        span: Span { .. },
    },
    Token {
        token_type: OpenBrace,
        span: Span { .. },
    },
    Token {
        token_type: Id(
            "print",
        ),
        span: Span { .. },
    },
    Token {
        token_type: OpenParen,
        span: Span { .. },
    },
    Token {
        token_type: Id(
            "error",
        ),
        span: Span { .. },
    },
    Token {
        token_type: Dot,
        span: Span { .. },
    },
    Token {
        token_type: Id(
            "message",
        ),
        span: Span { .. },
    },
    Token {
        token_type: OpenParen,
        span: Span { .. },
    },
    Token {
        token_type: CloseParen,
        span: Span { .. },
    },
    Token {
        token_type: CloseParen,
        span: Span { .. },
    },
    Token {
        token_type: CloseBrace,
        span: Span { .. },
    },
    Token {
        token_type: NewLine,
        span: Span { .. },
    },
    Token {
        token_type: CloseBrace,
        span: Span { .. },
    },
    Token {
        token_type: NewLine,
        span: Span { .. },
    },
    Token {
        token_type: Match,
        span: Span { .. },
    },
    Token {
        token_type: Id(
            "wire",
        ),
        span: Span { .. },
    },
    Token {
        token_type: Dot,
        span: Span { .. },
    },
    Token {
        token_type: Id(
            "read_uint_le",
        ),
        span: Span { .. },
    },
    Token {
        token_type: OpenParen,
        span: Span { .. },
    },
    Token {
        token_type: Int(
            0,
        ),
        span: Span { .. },
    },
    Token {
        token_type: Comma,
        span: Span { .. },
    },
    Token {
        token_type: Int(
            2,
        ),
        span: Span { .. },
    },
    Token {
        token_type: CloseParen,
        span: Span { .. },
    },
    Token {
        token_type: OpenBrace,
        span: Span { .. },
    },
    Token {
        token_type: NewLine,
        span: Span { .. },
    },
    Token {
        token_type: Id(
            "ok",
        ),
        span: Span { .. },
    },
    Token {
        token_type: OpenParen,
        span: Span { .. },
    },
    Token {
        token_type: Id(
            "value",
        ),
        span: Span { .. },
    },
    Token {
        token_type: CloseParen,
        span: Span { .. },
    },
    Token {
        token_type: OpenBrace,
        span: Span { .. },
    },
    Token {
        token_type: Id(
            "print",
        ),
        span: Span { .. },
    },
    Token {
        token_type: OpenParen,
        span: Span { .. },
    },
    Token {
        token_type: Id(
            "value",
        ),
        span: Span { .. },
    },
    Token {
        token_type: Dot,
        span: Span { .. },
    },
    Token {
        token_type: Id(
            "to_string",
        ),
        span: Span { .. },
    },
    Token {
        token_type: OpenParen,
        span: Span { .. },
    },
    Token {
        token_type: CloseParen,
        span: Span { .. },
    },
    Token {
        token_type: CloseParen,
        span: Span { .. },
    },
    Token {
        token_type: CloseBrace,
        span: Span { .. },
    },
    Token {
        token_type: NewLine,
        span: Span { .. },
    },
    Token {
        token_type: Id(
            "err",
        ),
        span: Span { .. },
    },
    Token {
        token_type: OpenParen,
        span: Span { .. },
    },
    Token {
        token_type: Id(
            "error",
        ),
        span: Span { .. },
    },
    Token {
        token_type: CloseParen,
        span: Span { .. },
    },
    Token {
        token_type: OpenBrace,
        span: Span { .. },
    },
    Token {
        token_type: Id(
            "print",
        ),
        span: Span { .. },
    },
    Token {
        token_type: OpenParen,
        span: Span { .. },
    },
    Token {
        token_type: Id(
            "error",
        ),
        span: Span { .. },
    },
    Token {
        token_type: Dot,
        span: Span { .. },
    },
    Token {
        token_type: Id(
            "message",
        ),
        span: Span { .. },
    },
    Token {
        token_type: OpenParen,
        span: Span { .. },
    },
    Token {
        token_type: CloseParen,
        span: Span { .. },
    },
    Token {
        token_type: CloseParen,
        span: Span { .. },
    },
    Token {
        token_type: CloseBrace,
        span: Span { .. },
    },
    Token {
        token_type: NewLine,
        span: Span { .. },
    },
    Token {
        token_type: CloseBrace,
        span: Span { .. },
    },
    Token {
        token_type: NewLine,
        span: Span { .. },
    },
    Token {
        token_type: Match,
        span: Span { .. },
    },
    Token {
        token_type: Id(
            "wire",
        ),
        span: Span { .. },
    },
    Token {
        token_type: Dot,
        span: Span { .. },
    },
    Token {
        token_type: Id(
            "write_float_be",
        ),
        span: Span { .. },
    },
    Token {
        token_type: OpenParen,
        span: Span { .. },
    },
    Token {
        token_type: Int(
            0,
        ),
        span: Span { .. },
    },
    Token {
        token_type: Comma,
        span: Span { .. },
    },
    Token {
        token_type: Float(
            1.5,
        ),
        span: Span { .. },
    },
    Token {
        token_type: CloseParen,
        span: Span { .. },
    },
    Token {
        token_type: OpenBrace,
        span: Span { .. },
    },
    Token {
        token_type: NewLine,
        span: Span { .. },
    },
    Token {
        token_type: Id(
            "ok",
        ),
        span: Span { .. },
    },
    Token {
        token_type: OpenParen,
        span: Span { .. },
    },
    Token {
        token_type: Underscore,
        span: Span { .. },
    },
    Token {
        token_type: CloseParen,
        span: Span { .. },
    },
    Token {
        token_type: OpenBrace,
        span: Span { .. },
    },
    Token {
        token_type: Id(
            "print",
        ),
        span: Span { .. },
    },
    Token {
        token_type: OpenParen,
        span: Span { .. },
    },
    Token {
        token_type: Str(
            "float-write-ok",
        ),
        span: Span { .. },
    },
    Token {
        token_type: CloseParen,
        span: Span { .. },
    },
    Token {
        token_type: CloseBrace,
        span: Span { .. },
    },
    Token {
        token_type: NewLine,
        span: Span { .. },
    },
    Token {
        token_type: Id(
            "err",
        ),
        span: Span { .. },
    },
    Token {
        token_type: OpenParen,
        span: Span { .. },
    },
    Token {
        token_type: Id(
            "error",
        ),
        span: Span { .. },
    },
    Token {
        token_type: CloseParen,
        span: Span { .. },
    },
    Token {
        token_type: OpenBrace,
        span: Span { .. },
    },
    Token {
        token_type: Id(
            "print",
        ),
        span: Span { .. },
    },
    Token {
        token_type: OpenParen,
        span: Span { .. },
    },
    Token {
        token_type: Id(
            "error",
        ),
        span: Span { .. },
    },
    Token {
        token_type: Dot,
        span: Span { .. },
    },
    Token {
        token_type: Id(
            "message",
        ),
        span: Span { .. },
    },
    Token {
        token_type: OpenParen,
        span: Span { .. },
    },
    Token {
        token_type: CloseParen,
        span: Span { .. },
    },
    Token {
        token_type: CloseParen,
        span: Span { .. },
    },
    Token {
        token_type: CloseBrace,
        span: Span { .. },
    },
    Token {
        token_type: NewLine,
        span: Span { .. },
    },
    Token {
        token_type: CloseBrace,
        span: Span { .. },
    },
    Token {
        token_type: NewLine,
        span: Span { .. },
    },
    Token {
        token_type: Match,
        span: Span { .. },
    },
    Token {
        token_type: Id(
            "wire",
        ),
        span: Span { .. },
    },
    Token {
        token_type: Dot,
        span: Span { .. },
    },
    Token {
        token_type: Id(
            "read_float_be",
        ),
        span: Span { .. },
    },
    Token {
        token_type: OpenParen,
        span: Span { .. },
    },
    Token {
        token_type: Int(
            0,
        ),
        span: Span { .. },
    },
    Token {
        token_type: CloseParen,
        span: Span { .. },
    },
    Token {
        token_type: OpenBrace,
        span: Span { .. },
    },
    Token {
        token_type: NewLine,
        span: Span { .. },
    },
    Token {
        token_type: Id(
            "ok",
        ),
        span: Span { .. },
    },
    Token {
        token_type: OpenParen,
        span: Span { .. },
    },
    Token {
        token_type: Id(
            "value",
        ),
        span: Span { .. },
    },
    Token {
        token_type: CloseParen,
        span: Span { .. },
    },
    Token {
        token_type: OpenBrace,
        span: Span { .. },
    },
    Token {
        token_type: Id(
            "print",
        ),
        span: Span { .. },
    },
    Token {
        token_type: OpenParen,
        span: Span { .. },
    },
    Token {
        token_type: Id(
            "value",
        ),
        span: Span { .. },
    },
    Token {
        token_type: Dot,
        span: Span { .. },
    },
    Token {
        token_type: Id(
            "to_string",
        ),
        span: Span { .. },
    },
    Token {
        token_type: OpenParen,
        span: Span { .. },
    },
    Token {
        token_type: CloseParen,
        span: Span { .. },
    },
    Token {
        token_type: CloseParen,
        span: Span { .. },
    },
    Token {
        token_type: CloseBrace,
        span: Span { .. },
    },
    Token {
        token_type: NewLine,
        span: Span { .. },
    },
    Token {
        token_type: Id(
            "err",
        ),
        span: Span { .. },
    },
    Token {
        token_type: OpenParen,
        span: Span { .. },
    },
    Token {
        token_type: Id(
            "error",
        ),
        span: Span { .. },
    },
    Token {
        token_type: CloseParen,
        span: Span { .. },
    },
    Token {
        token_type: OpenBrace,
        span: Span { .. },
    },
    Token {
        token_type: Id(
            "print",
        ),
        span: Span { .. },
    },
    Token {
        token_type: OpenParen,
        span: Span { .. },
    },
    Token {
        token_type: Id(
            "error",
        ),
        span: Span { .. },
    },
    Token {
        token_type: Dot,
        span: Span { .. },
    },
    Token {
        token_type: Id(
            "message",
        ),
        span: Span { .. },
    },
    Token {
        token_type: OpenParen,
        span: Span { .. },
    },
    Token {
        token_type: CloseParen,
        span: Span { .. },
    },
    Token {
        token_type: CloseParen,
        span: Span { .. },
    },
    Token {
        token_type: CloseBrace,
        span: Span { .. },
    },
    Token {
        token_type: NewLine,
        span: Span { .. },
    },
    Token {
        token_type: CloseBrace,
        span: Span { .. },
    },
    Token {
        token_type: NewLine,
        span: Span { .. },
    },
    Token {
        token_type: Auto,
        span: Span { .. },
    },
    Token {
        token_type: Id(
            "octets",
        ),
        span: Span { .. },
    },
    Token {
        token_type: Eq,
        span: Span { .. },
    },
    Token {
        token_type: Id(
            "literal",
        ),
        span: Span { .. },
    },
    Token {
        token_type: Dot,
        span: Span { .. },
    },
    Token {
        token_type: Id(
            "to_list",
        ),
        span: Span { .. },
    },
    Token {
        token_type: OpenParen,
        span: Span { .. },
    },
    Token {
        token_type: CloseParen,
        span: Span { .. },
    },
    Token {
        token_type: NewLine,
        span: Span { .. },
    },
    Token {
        token_type: Id(
            "print",
        ),
        span: Span { .. },
    },
    Token {
        token_type: OpenParen,
        span: Span { .. },
    },
    Token {
        token_type: Id(
            "octets",
        ),
        span: Span { .. },
    },
    Token {
        token_type: OpenBracket,
        span: Span { .. },
    },
    Token {
        token_type: Int(
            0,
        ),
        span: Span { .. },
    },
    Token {
        token_type: CloseBracket,
        span: Span { .. },
    },
    Token {
        token_type: Dot,
        span: Span { .. },
    },
    Token {
        token_type: Id(
            "to_string",
        ),
        span: Span { .. },
    },
    Token {
        token_type: OpenParen,
        span: Span { .. },
    },
    Token {
        token_type: CloseParen,
        span: Span { .. },
    },
    Token {
        token_type: CloseParen,
        span: Span { .. },
    },
    Token {
        token_type: NewLine,
        span: Span { .. },
    },
    Token {
        token_type: Match,
        span: Span { .. },
    },
    Token {
        token_type: Id(
            "octets",
        ),
        span: Span { .. },
    },
    Token {
        token_type: Dot,
        span: Span { .. },
    },
    Token {
        token_type: Id(
            "to_bytes",
        ),
        span: Span { .. },
    },
    Token {
        token_type: OpenParen,
        span: Span { .. },
    },
    Token {
        token_type: CloseParen,
        span: Span { .. },
    },
    Token {
        token_type: OpenBrace,
        span: Span { .. },
    },
    Token {
        token_type: NewLine,
        span: Span { .. },
    },
    Token {
        token_type: Id(
            "ok",
        ),
        span: Span { .. },
    },
    Token {
        token_type: OpenParen,
        span: Span { .. },
    },
    Token {
        token_type: Id(
            "value",
        ),
        span: Span { .. },
    },
    Token {
        token_type: CloseParen,
        span: Span { .. },
    },
    Token {
        token_type: OpenBrace,
        span: Span { .. },
    },
    Token {
        token_type: Id(
            "print",
        ),
        span: Span { .. },
    },
    Token {
        token_type: OpenParen,
        span: Span { .. },
    },
    Token {
        token_type: Id(
            "value",
        ),
        span: Span { .. },
    },
    Token {
        token_type: Dot,
        span: Span { .. },
    },
    Token {
        token_type: Id(
            "to_string",
        ),
        span: Span { .. },
    },
    Token {
        token_type: OpenParen,
        span: Span { .. },
    },
    Token {
        token_type: CloseParen,
        span: Span { .. },
    },
    Token {
        token_type: CloseParen,
        span: Span { .. },
    },
    Token {
        token_type: CloseBrace,
        span: Span { .. },
    },
    Token {
        token_type: NewLine,
        span: Span { .. },
    },
    Token {
        token_type: Id(
            "err",
        ),
        span: Span { .. },
    },
    Token {
        token_type: OpenParen,
        span: Span { .. },
    },
    Token {
        token_type: Id(
            "error",
        ),
        span: Span { .. },
    },
    Token {
        token_type: CloseParen,
        span: Span { .. },
    },
    Token {
        token_type: OpenBrace,
        span: Span { .. },
    },
    Token {
        token_type: Id(
            "print",
        ),
        span: Span { .. },
    },
    Token {
        token_type: OpenParen,
        span: Span { .. },
    },
    Token {
        token_type: Id(
            "error",
        ),
        span: Span { .. },
    },
    Token {
        token_type: Dot,
        span: Span { .. },
    },
    Token {
        token_type: Id(
            "message",
        ),
        span: Span { .. },
    },
    Token {
        token_type: OpenParen,
        span: Span { .. },
    },
    Token {
        token_type: CloseParen,
        span: Span { .. },
    },
    Token {
        token_type: CloseParen,
        span: Span { .. },
    },
    Token {
        token_type: CloseBrace,
        span: Span { .. },
    },
    Token {
        token_type: NewLine,
        span: Span { .. },
    },
    Token {
        token_type: CloseBrace,
        span: Span { .. },
    },
    Token {
        token_type: NewLine,
        span: Span { .. },
    },
    Token {
        token_type: Match,
        span: Span { .. },
    },
    Token {
        token_type: Bytes(
            [
                0,
            ],
        ),
        span: Span { .. },
    },
    Token {
        token_type: Dot,
        span: Span { .. },
    },
    Token {
        token_type: Id(
            "read_uint_le",
        ),
        span: Span { .. },
    },
    Token {
        token_type: OpenParen,
        span: Span { .. },
    },
    Token {
        token_type: Int(
            0,
        ),
        span: Span { .. },
    },
    Token {
        token_type: Comma,
        span: Span { .. },
    },
    Token {
        token_type: Int(
            2,
        ),
        span: Span { .. },
    },
    Token {
        token_type: CloseParen,
        span: Span { .. },
    },
    Token {
        token_type: OpenBrace,
        span: Span { .. },
    },
    Token {
        token_type: NewLine,
        span: Span { .. },
    },
    Token {
        token_type: Id(
            "ok",
        ),
        span: Span { .. },
    },
    Token {
        token_type: OpenParen,
        span: Span { .. },
    },
    Token {
        token_type: Underscore,
        span: Span { .. },
    },
    Token {
        token_type: CloseParen,
        span: Span { .. },
    },
    Token {
        token_type: OpenBrace,
        span: Span { .. },
    },
    Token {
        token_type: Id(
            "print",
        ),
        span: Span { .. },
    },
    Token {
        token_type: OpenParen,
        span: Span { .. },
    },
    Token {
        token_type: Str(
            "short read accepted",
        ),
        span: Span { .. },
    },
    Token {
        token_type: CloseParen,
        span: Span { .. },
    },
    Token {
        token_type: CloseBrace,
        span: Span { .. },
    },
    Token {
        token_type: NewLine,
        span: Span { .. },
    },
    Token {
        token_type: Id(
            "err",
        ),
        span: Span { .. },
    },
    Token {
        token_type: OpenParen,
        span: Span { .. },
    },
    Token {
        token_type: Id(
            "error",
        ),
        span: Span { .. },
    },
    Token {
        token_type: CloseParen,
        span: Span { .. },
    },
    Token {
        token_type: OpenBrace,
        span: Span { .. },
    },
    Token {
        token_type: Id(
            "print",
        ),
        span: Span { .. },
    },
    Token {
        token_type: OpenParen,
        span: Span { .. },
    },
    Token {
        token_type: Str(
            "short read: ",
        ),
        span: Span { .. },
    },
    Token {
        token_type: Plus,
        span: Span { .. },
    },
    Token {
        token_type: Id(
            "error",
        ),
        span: Span { .. },
    },
    Token {
        token_type: Dot,
        span: Span { .. },
    },
    Token {
        token_type: Id(
            "message",
        ),
        span: Span { .. },
    },
    Token {
        token_type: OpenParen,
        span: Span { .. },
    },
    Token {
        token_type: CloseParen,
        span: Span { .. },
    },
    Token {
        token_type: CloseParen,
        span: Span { .. },
    },
    Token {
        token_type: CloseBrace,
        span: Span { .. },
    },
    Token {
        token_type: NewLine,
        span: Span { .. },
    },
    Token {
        token_type: CloseBrace,
        span: Span { .. },
    },
    Token {
        token_type: NewLine,
        span: Span { .. },
    },
    Token {
        token_type: Id(
            "byte",
        ),
        span: Span { .. },
    },
    Token {
        token_type: Id(
            "first",
        ),
        span: Span { .. },
    },
    Token {
        token_type: Eq,
        span: Span { .. },
    },
    Token {
        token_type: Int(
            0,
        ),
        span: Span { .. },
    },
    Token {
        token_type: NewLine,
        span: Span { .. },
    },
    Token {
        token_type: Id(
            "byte",
        ),
        span: Span { .. },
    },
    Token {
        token_type: Id(
            "last",
        ),
        span: Span { .. },
    },
    Token {
        token_type: Eq,
        span: Span { .. },
    },
    Token {
        token_type: Int(
            255,
        ),
        span: Span { .. },
    },
    Token {
        token_type: NewLine,
        span: Span { .. },
    },
    Token {
        token_type: Id(
            "data",
        ),
        span: Span { .. },
    },
    Token {
        token_type: Dot,
        span: Span { .. },
    },
    Token {
        token_type: Id(
            "push_back",
        ),
        span: Span { .. },
    },
    Token {
        token_type: OpenParen,
        span: Span { .. },
    },
    Token {
        token_type: Id(
            "first",
        ),
        span: Span { .. },
    },
    Token {
        token_type: CloseParen,
        span: Span { .. },
    },
    Token {
        token_type: NewLine,
        span: Span { .. },
    },
    Token {
        token_type: Id(
            "data",
        ),
        span: Span { .. },
    },
    Token {
        token_type: Dot,
        span: Span { .. },
    },
    Token {
        token_type: Id(
            "push_back",
        ),
        span: Span { .. },
    },
    Token {
        token_type: OpenParen,
        span: Span { .. },
    },
    Token {
        token_type: Id(
            "last",
        ),
        span: Span { .. },
    },
    Token {
        token_type: CloseParen,
        span: Span { .. },
    },
    Token {
        token_type: NewLine,
        span: Span { .. },
    },
    Token {
        token_type: Id(
            "print",
        ),
        span: Span { .. },
    },
    Token {
        token_type: OpenParen,
        span: Span { .. },
    },
    Token {
        token_type: Id(
            "data",
        ),
        span: Span { .. },
    },
    Token {
        token_type: Dot,
        span: Span { .. },
    },
    Token {
        token_type: Id(
            "to_string",
        ),
        span: Span { .. },
    },
    Token {
        token_type: OpenParen,
        span: Span { .. },
    },
    Token {
        token_type: CloseParen,
        span: Span { .. },
    },
    Token {
        token_type: CloseParen,
        span: Span { .. },
    },
    Token {
        token_type: NewLine,
        span: Span { .. },
    },
    Token {
        token_type: Id(
            "print",
        ),
        span: Span { .. },
    },
    Token {
        token_type: OpenParen,
        span: Span { .. },
    },
    Token {
        token_type: Id(
            "data",
        ),
        span: Span { .. },
    },
    Token {
        token_type: Dot,
        span: Span { .. },
    },
    Token {
        token_type: Id(
            "size",
        ),
        span: Span { .. },
    },
    Token {
        token_type: OpenParen,
        span: Span { .. },
    },
    Token {
        token_type: CloseParen,
        span: Span { .. },
    },
    Token {
        token_type: Dot,
        span: Span { .. },
    },
    Token {
        token_type: Id(
            "to_string",
        ),
        span: Span { .. },
    },
    Token {
        token_type: OpenParen,
        span: Span { .. },
    },
    Token {
        token_type: CloseParen,
        span: Span { .. },
    },
    Token {
        token_type: CloseParen,
        span: Span { .. },
    },
    Token {
        token_type: NewLine,
        span: Span { .. },
    },
    Token {
        token_type: Id(
            "print",
        ),
        span: Span { .. },
    },
    Token {
        token_type: OpenParen,
        span: Span { .. },
    },
    Token {
        token_type: Id(
            "data",
        ),
        span: Span { .. },
    },
    Token {
        token_type: Dot,
        span: Span { .. },
    },
    Token {
        token_type: Id(
            "contains",
        ),
        span: Span { .. },
    },
    Token {
        token_type: OpenParen,
        span: Span { .. },
    },
    Token {
        token_type: Id(
            "last",
        ),
        span: Span { .. },
    },
    Token {
        token_type: CloseParen,
        span: Span { .. },
    },
    Token {
        token_type: Dot,
        span: Span { .. },
    },
    Token {
        token_type: Id(
            "to_string",
        ),
        span: Span { .. },
    },
    Token {
        token_type: OpenParen,
        span: Span { .. },
    },
    Token {
        token_type: CloseParen,
        span: Span { .. },
    },
    Token {
        token_type: CloseParen,
        span: Span { .. },
    },
    Token {
        token_type: NewLine,
        span: Span { .. },
    },
    Token {
        token_type: Auto,
        span: Span { .. },
    },
    Token {
        token_type: Id(
            "last_value",
        ),
        span: Span { .. },
    },
    Token {
        token_type: Eq,
        span: Span { .. },
    },
    Token {
        token_type: Id(
            "data",
        ),
        span: Span { .. },
    },
    Token {
        token_type: Dot,
        span: Span { .. },
    },
    Token {
        token_type: Id(
            "get",
        ),
        span: Span { .. },
    },
    Token {
        token_type: OpenParen,
        span: Span { .. },
    },
    Token {
        token_type: Int(
            -1,
        ),
        span: Span { .. },
    },
    Token {
        token_type: CloseParen,
        span: Span { .. },
    },
    Token {
        token_type: NewLine,
        span: Span { .. },
    },
    Token {
        token_type: If,
        span: Span { .. },
    },
    Token {
        token_type: Id(
            "last_value",
        ),
        span: Span { .. },
    },
    Token {
        token_type: Dot,
        span: Span { .. },
    },
    Token {
        token_type: Id(
            "is_some",
        ),
        span: Span { .. },
    },
    Token {
        token_type: OpenParen,
        span: Span { .. },
    },
    Token {
        token_type: CloseParen,
        span: Span { .. },
    },
    Token {
        token_type: OpenBrace,
        span: Span { .. },
    },
    Token {
        token_type: NewLine,
        span: Span { .. },
    },
    Token {
        token_type: Id(
            "print",
        ),
        span: Span { .. },
    },
    Token {
        token_type: OpenParen,
        span: Span { .. },
    },
    Token {
        token_type: Id(
            "last_value",
        ),
        span: Span { .. },
    },
    Token {
        token_type: Dot,
        span: Span { .. },
    },
    Token {
        token_type: Id(
            "value",
        ),
        span: Span { .. },
    },
    Token {
        token_type: OpenParen,
        span: Span { .. },
    },
    Token {
        token_type: CloseParen,
        span: Span { .. },
    },
    Token {
        token_type: Dot,
        span: Span { .. },
    },
    Token {
        token_type: Id(
            "to_string",
        ),
        span: Span { .. },
    },
    Token {
        token_type: OpenParen,
        span: Span { .. },
    },
    Token {
        token_type: CloseParen,
        span: Span { .. },
    },
    Token {
        token_type: CloseParen,
        span: Span { .. },
    },
    Token {
        token_type: NewLine,
        span: Span { .. },
    },
    Token {
        token_type: CloseBrace,
        span: Span { .. },
    },
    Token {
        token_type: Else,
        span: Span { .. },
    },
    Token {
        token_type: OpenBrace,
        span: Span { .. },
    },
    Token {
        token_type: NewLine,
        span: Span { .. },
    },
    Token {
        token_type: Id(
            "print",
        ),
        span: Span { .. },
    },
    Token {
        token_type: OpenParen,
        span: Span { .. },
    },
    Token {
        token_type: Str(
            "missing",
        ),
        span: Span { .. },
    },
    Token {
        token_type: CloseParen,
        span: Span { .. },
    },
    Token {
        token_type: NewLine,
        span: Span { .. },
    },
    Token {
        token_type: CloseBrace,
        span: Span { .. },
    },
    Token {
        token_type: NewLine,
        span: Span { .. },
    },
    Token {
        token_type: NewLine,
        span: Span { .. },
    },
    Token {
        token_type: Id(
            "print",
        ),
        span: Span { .. },
    },
    Token {
        token_type: OpenParen,
        span: Span { .. },
    },
    Token {
        token_type: Id(
            "data",
        ),
        span: Span { .. },
    },
    Token {
        token_type: Dot,
        span: Span { .. },
    },
    Token {
        token_type: Id(
            "to_utf8_lossy",
        ),
        span: Span { .. },
    },
    Token {
        token_type: OpenParen,
        span: Span { .. },
    },
    Token {
        token_type: CloseParen,
        span: Span { .. },
    },
    Token {
        token_type: CloseParen,
        span: Span { .. },
    },
    Token {
        token_type: NewLine,
        span: Span { .. },
    },
    Token {
        token_type: Match,
        span: Span { .. },
    },
    Token {
        token_type: Bytes(
            [
                255,
            ],
        ),
        span: Span { .. },
    },
    Token {
        token_type: Dot,
        span: Span { .. },
    },
    Token {
        token_type: Id(
            "to_utf8",
        ),
        span: Span { .. },
    },
    Token {
        token_type: OpenParen,
        span: Span { .. },
    },
    Token {
        token_type: CloseParen,
        span: Span { .. },
    },
    Token {
        token_type: OpenBrace,
        span: Span { .. },
    },
    Token {
        token_type: NewLine,
        span: Span { .. },
    },
    Token {
        token_type: Id(
            "ok",
        ),
        span: Span { .. },
    },
    Token {
        token_type: OpenParen,
        span: Span { .. },
    },
    Token {
        token_type: Underscore,
        span: Span { .. },
    },
    Token {
        token_type: CloseParen,
        span: Span { .. },
    },
    Token {
        token_type: OpenBrace,
        span: Span { .. },
    },
    Token {
        token_type: Id(
            "print",
        ),
        span: Span { .. },
    },
    Token {
        token_type: OpenParen,
        span: Span { .. },
    },
    Token {
        token_type: Str(
            "invalid UTF-8 accepted",
        ),
        span: Span { .. },
    },
    Token {
        token_type: CloseParen,
        span: Span { .. },
    },
    Token {
        token_type: CloseBrace,
        span: Span { .. },
    },
    Token {
        token_type: NewLine,
        span: Span { .. },
    },
    Token {
        token_type: Id(
            "err",
        ),
        span: Span { .. },
    },
    Token {
        token_type: OpenParen,
        span: Span { .. },
    },
    Token {
        token_type: Id(
            "error",
        ),
        span: Span { .. },
    },
    Token {
        token_type: CloseParen,
        span: Span { .. },
    },
    Token {
        token_type: OpenBrace,
        span: Span { .. },
    },
    Token {
        token_type: Id(
            "print",
        ),
        span: Span { .. },
    },
    Token {
        token_type: OpenParen,
        span: Span { .. },
    },
    Token {
        token_type: Str(
            "utf8: ",
        ),
        span: Span { .. },
    },
    Token {
        token_type: Plus,
        span: Span { .. },
    },
    Token {
        token_type: Id(
            "error",
        ),
        span: Span { .. },
    },
    Token {
        token_type: Dot,
        span: Span { .. },
    },
    Token {
        token_type: Id(
            "message",
        ),
        span: Span { .. },
    },
    Token {
        token_type: OpenParen,
        span: Span { .. },
    },
    Token {
        token_type: CloseParen,
        span: Span { .. },
    },
    Token {
        token_type: CloseParen,
        span: Span { .. },
    },
    Token {
        token_type: CloseBrace,
        span: Span { .. },
    },
    Token {
        token_type: NewLine,
        span: Span { .. },
    },
    Token {
        token_type: CloseBrace,
        span: Span { .. },
    },
    Token {
        token_type: NewLine,
        span: Span { .. },
    },
    Token {
        token_type: NewLine,
        span: Span { .. },
    },
    Token {
        token_type: Auto,
        span: Span { .. },
    },
    Token {
        token_type: Id(
            "cursor_result",
        ),
        span: Span { .. },
    },
    Token {
        token_type: Eq,
        span: Span { .. },
    },
    Token {
        token_type: Id(
            "cursor_test",
        ),
        span: Span { .. },
    },
    Token {
        token_type: OpenParen,
        span: Span { .. },
    },
    Token {
        token_type: Id(
            "wire",
        ),
        span: Span { .. },
    },
    Token {
        token_type: CloseParen,
        span: Span { .. },
    },
    Token {
        token_type: NewLine,
        span: Span { .. },
    },
    Token {
        token_type: If,
        span: Span { .. },
    },
    Token {
        token_type: Id(
            "cursor_result",
        ),
        span: Span { .. },
    },
    Token {
        token_type: Dot,
        span: Span { .. },
    },
    Token {
        token_type: Id(
            "is_err",
        ),
        span: Span { .. },
    },
    Token {
        token_type: OpenParen,
        span: Span { .. },
    },
    Token {
        token_type: CloseParen,
        span: Span { .. },
    },
    Token {
        token_type: OpenBrace,
        span: Span { .. },
    },
    Token {
        token_type: NewLine,
        span: Span { .. },
    },
    Token {
        token_type: Id(
            "print",
        ),
        span: Span { .. },
    },
    Token {
        token_type: OpenParen,
        span: Span { .. },
    },
    Token {
        token_type: Id(
            "cursor_result",
        ),
        span: Span { .. },
    },
    Token {
        token_type: Dot,
        span: Span { .. },
    },
    Token {
        token_type: Id(
            "error",
        ),
        span: Span { .. },
    },
    Token {
        token_type: OpenParen,
        span: Span { .. },
    },
    Token {
        token_type: CloseParen,
        span: Span { .. },
    },
    Token {
        token_type: Dot,
        span: Span { .. },
    },
    Token {
        token_type: Id(
            "message",
        ),
        span: Span { .. },
    },
    Token {
        token_type: OpenParen,
        span: Span { .. },
    },
    Token {
        token_type: CloseParen,
        span: Span { .. },
    },
    Token {
        token_type: CloseParen,
        span: Span { .. },
    },
    Token {
        token_type: NewLine,
        span: Span { .. },
    },
    Token {
        token_type: CloseBrace,
        span: Span { .. },
    },
    Token {
        token_type: NewLine,
        span: Span { .. },
    },
]
