---
source: mux-compiler/tests/lexer_integration.rs
expression: tokens
---
[
    Token {
        token_type: LineComment(
            "Importing one type, and nothing else.",
        ),
        span: Span { .. },
    },
    Token {
        token_type: NewLine,
        span: Span { .. },
    },
    Token {
        token_type: LineComment(
            "",
        ),
        span: Span { .. },
    },
    Token {
        token_type: NewLine,
        span: Span { .. },
    },
    Token {
        token_type: LineComment(
            "Every `std.dsa` container declares `is Collection<T>`. That interface was not",
        ),
        span: Span { .. },
    },
    Token {
        token_type: NewLine,
        span: Span { .. },
    },
    Token {
        token_type: LineComment(
            "part of what `import std.dsa.graph.Graph` brought in, so the import left the",
        ),
        span: Span { .. },
    },
    Token {
        token_type: NewLine,
        span: Span { .. },
    },
    Token {
        token_type: LineComment(
            "class half-resolved and the compiler crashed on it (#391). Naming the",
        ),
        span: Span { .. },
    },
    Token {
        token_type: NewLine,
        span: Span { .. },
    },
    Token {
        token_type: LineComment(
            "interface as well made it work, but a program that never mentions",
        ),
        span: Span { .. },
    },
    Token {
        token_type: NewLine,
        span: Span { .. },
    },
    Token {
        token_type: LineComment(
            "`Collection` should not have to import it - what a type implements is the",
        ),
        span: Span { .. },
    },
    Token {
        token_type: NewLine,
        span: Span { .. },
    },
    Token {
        token_type: LineComment(
            "type's business, not the importer's.",
        ),
        span: Span { .. },
    },
    Token {
        token_type: NewLine,
        span: Span { .. },
    },
    Token {
        token_type: NewLine,
        span: Span { .. },
    },
    Token {
        token_type: Import,
        span: Span { .. },
    },
    Token {
        token_type: Id(
            "std",
        ),
        span: Span { .. },
    },
    Token {
        token_type: Dot,
        span: Span { .. },
    },
    Token {
        token_type: Id(
            "dsa",
        ),
        span: Span { .. },
    },
    Token {
        token_type: Dot,
        span: Span { .. },
    },
    Token {
        token_type: Id(
            "graph",
        ),
        span: Span { .. },
    },
    Token {
        token_type: Dot,
        span: Span { .. },
    },
    Token {
        token_type: Id(
            "Graph",
        ),
        span: Span { .. },
    },
    Token {
        token_type: NewLine,
        span: Span { .. },
    },
    Token {
        token_type: Import,
        span: Span { .. },
    },
    Token {
        token_type: Id(
            "std",
        ),
        span: Span { .. },
    },
    Token {
        token_type: Dot,
        span: Span { .. },
    },
    Token {
        token_type: Id(
            "dsa",
        ),
        span: Span { .. },
    },
    Token {
        token_type: Dot,
        span: Span { .. },
    },
    Token {
        token_type: Id(
            "stack",
        ),
        span: Span { .. },
    },
    Token {
        token_type: Dot,
        span: Span { .. },
    },
    Token {
        token_type: Id(
            "Stack",
        ),
        span: Span { .. },
    },
    Token {
        token_type: NewLine,
        span: Span { .. },
    },
    Token {
        token_type: NewLine,
        span: Span { .. },
    },
    Token {
        token_type: Func,
        span: Span { .. },
    },
    Token {
        token_type: Id(
            "main",
        ),
        span: Span { .. },
    },
    Token {
        token_type: OpenParen,
        span: Span { .. },
    },
    Token {
        token_type: CloseParen,
        span: Span { .. },
    },
    Token {
        token_type: Returns,
        span: Span { .. },
    },
    Token {
        token_type: Id(
            "void",
        ),
        span: Span { .. },
    },
    Token {
        token_type: OpenBrace,
        span: Span { .. },
    },
    Token {
        token_type: NewLine,
        span: Span { .. },
    },
    Token {
        token_type: Id(
            "Graph",
        ),
        span: Span { .. },
    },
    Token {
        token_type: Lt,
        span: Span { .. },
    },
    Token {
        token_type: Id(
            "string",
        ),
        span: Span { .. },
    },
    Token {
        token_type: Gt,
        span: Span { .. },
    },
    Token {
        token_type: Id(
            "g",
        ),
        span: Span { .. },
    },
    Token {
        token_type: Eq,
        span: Span { .. },
    },
    Token {
        token_type: Id(
            "Graph",
        ),
        span: Span { .. },
    },
    Token {
        token_type: Lt,
        span: Span { .. },
    },
    Token {
        token_type: Id(
            "string",
        ),
        span: Span { .. },
    },
    Token {
        token_type: Gt,
        span: Span { .. },
    },
    Token {
        token_type: Dot,
        span: Span { .. },
    },
    Token {
        token_type: Id(
            "new",
        ),
        span: Span { .. },
    },
    Token {
        token_type: OpenParen,
        span: Span { .. },
    },
    Token {
        token_type: CloseParen,
        span: Span { .. },
    },
    Token {
        token_type: NewLine,
        span: Span { .. },
    },
    Token {
        token_type: Id(
            "g",
        ),
        span: Span { .. },
    },
    Token {
        token_type: Dot,
        span: Span { .. },
    },
    Token {
        token_type: Id(
            "add_vertex",
        ),
        span: Span { .. },
    },
    Token {
        token_type: OpenParen,
        span: Span { .. },
    },
    Token {
        token_type: Str(
            "a",
        ),
        span: Span { .. },
    },
    Token {
        token_type: CloseParen,
        span: Span { .. },
    },
    Token {
        token_type: NewLine,
        span: Span { .. },
    },
    Token {
        token_type: Id(
            "g",
        ),
        span: Span { .. },
    },
    Token {
        token_type: Dot,
        span: Span { .. },
    },
    Token {
        token_type: Id(
            "add_vertex",
        ),
        span: Span { .. },
    },
    Token {
        token_type: OpenParen,
        span: Span { .. },
    },
    Token {
        token_type: Str(
            "b",
        ),
        span: Span { .. },
    },
    Token {
        token_type: CloseParen,
        span: Span { .. },
    },
    Token {
        token_type: NewLine,
        span: Span { .. },
    },
    Token {
        token_type: Id(
            "g",
        ),
        span: Span { .. },
    },
    Token {
        token_type: Dot,
        span: Span { .. },
    },
    Token {
        token_type: Id(
            "add_edge",
        ),
        span: Span { .. },
    },
    Token {
        token_type: OpenParen,
        span: Span { .. },
    },
    Token {
        token_type: Str(
            "a",
        ),
        span: Span { .. },
    },
    Token {
        token_type: Comma,
        span: Span { .. },
    },
    Token {
        token_type: Str(
            "b",
        ),
        span: Span { .. },
    },
    Token {
        token_type: CloseParen,
        span: Span { .. },
    },
    Token {
        token_type: NewLine,
        span: Span { .. },
    },
    Token {
        token_type: Id(
            "print",
        ),
        span: Span { .. },
    },
    Token {
        token_type: OpenParen,
        span: Span { .. },
    },
    Token {
        token_type: Id(
            "g",
        ),
        span: Span { .. },
    },
    Token {
        token_type: Dot,
        span: Span { .. },
    },
    Token {
        token_type: Id(
            "len",
        ),
        span: Span { .. },
    },
    Token {
        token_type: OpenParen,
        span: Span { .. },
    },
    Token {
        token_type: CloseParen,
        span: Span { .. },
    },
    Token {
        token_type: Dot,
        span: Span { .. },
    },
    Token {
        token_type: Id(
            "to_string",
        ),
        span: Span { .. },
    },
    Token {
        token_type: OpenParen,
        span: Span { .. },
    },
    Token {
        token_type: CloseParen,
        span: Span { .. },
    },
    Token {
        token_type: CloseParen,
        span: Span { .. },
    },
    Token {
        token_type: NewLine,
        span: Span { .. },
    },
    Token {
        token_type: Id(
            "print",
        ),
        span: Span { .. },
    },
    Token {
        token_type: OpenParen,
        span: Span { .. },
    },
    Token {
        token_type: Id(
            "g",
        ),
        span: Span { .. },
    },
    Token {
        token_type: Dot,
        span: Span { .. },
    },
    Token {
        token_type: Id(
            "bfs",
        ),
        span: Span { .. },
    },
    Token {
        token_type: OpenParen,
        span: Span { .. },
    },
    Token {
        token_type: Str(
            "a",
        ),
        span: Span { .. },
    },
    Token {
        token_type: CloseParen,
        span: Span { .. },
    },
    Token {
        token_type: Dot,
        span: Span { .. },
    },
    Token {
        token_type: Id(
            "to_string",
        ),
        span: Span { .. },
    },
    Token {
        token_type: OpenParen,
        span: Span { .. },
    },
    Token {
        token_type: CloseParen,
        span: Span { .. },
    },
    Token {
        token_type: CloseParen,
        span: Span { .. },
    },
    Token {
        token_type: NewLine,
        span: Span { .. },
    },
    Token {
        token_type: NewLine,
        span: Span { .. },
    },
    Token {
        token_type: Id(
            "Stack",
        ),
        span: Span { .. },
    },
    Token {
        token_type: Lt,
        span: Span { .. },
    },
    Token {
        token_type: Id(
            "int",
        ),
        span: Span { .. },
    },
    Token {
        token_type: Gt,
        span: Span { .. },
    },
    Token {
        token_type: Id(
            "s",
        ),
        span: Span { .. },
    },
    Token {
        token_type: Eq,
        span: Span { .. },
    },
    Token {
        token_type: Id(
            "Stack",
        ),
        span: Span { .. },
    },
    Token {
        token_type: Lt,
        span: Span { .. },
    },
    Token {
        token_type: Id(
            "int",
        ),
        span: Span { .. },
    },
    Token {
        token_type: Gt,
        span: Span { .. },
    },
    Token {
        token_type: Dot,
        span: Span { .. },
    },
    Token {
        token_type: Id(
            "new",
        ),
        span: Span { .. },
    },
    Token {
        token_type: OpenParen,
        span: Span { .. },
    },
    Token {
        token_type: CloseParen,
        span: Span { .. },
    },
    Token {
        token_type: NewLine,
        span: Span { .. },
    },
    Token {
        token_type: Id(
            "s",
        ),
        span: Span { .. },
    },
    Token {
        token_type: Dot,
        span: Span { .. },
    },
    Token {
        token_type: Id(
            "push",
        ),
        span: Span { .. },
    },
    Token {
        token_type: OpenParen,
        span: Span { .. },
    },
    Token {
        token_type: Int(
            1,
        ),
        span: Span { .. },
    },
    Token {
        token_type: CloseParen,
        span: Span { .. },
    },
    Token {
        token_type: NewLine,
        span: Span { .. },
    },
    Token {
        token_type: Id(
            "s",
        ),
        span: Span { .. },
    },
    Token {
        token_type: Dot,
        span: Span { .. },
    },
    Token {
        token_type: Id(
            "push",
        ),
        span: Span { .. },
    },
    Token {
        token_type: OpenParen,
        span: Span { .. },
    },
    Token {
        token_type: Int(
            2,
        ),
        span: Span { .. },
    },
    Token {
        token_type: CloseParen,
        span: Span { .. },
    },
    Token {
        token_type: NewLine,
        span: Span { .. },
    },
    Token {
        token_type: Id(
            "print",
        ),
        span: Span { .. },
    },
    Token {
        token_type: OpenParen,
        span: Span { .. },
    },
    Token {
        token_type: Id(
            "s",
        ),
        span: Span { .. },
    },
    Token {
        token_type: Dot,
        span: Span { .. },
    },
    Token {
        token_type: Id(
            "len",
        ),
        span: Span { .. },
    },
    Token {
        token_type: OpenParen,
        span: Span { .. },
    },
    Token {
        token_type: CloseParen,
        span: Span { .. },
    },
    Token {
        token_type: Dot,
        span: Span { .. },
    },
    Token {
        token_type: Id(
            "to_string",
        ),
        span: Span { .. },
    },
    Token {
        token_type: OpenParen,
        span: Span { .. },
    },
    Token {
        token_type: CloseParen,
        span: Span { .. },
    },
    Token {
        token_type: CloseParen,
        span: Span { .. },
    },
    Token {
        token_type: NewLine,
        span: Span { .. },
    },
    Token {
        token_type: NewLine,
        span: Span { .. },
    },
    Token {
        token_type: Return,
        span: Span { .. },
    },
    Token {
        token_type: NewLine,
        span: Span { .. },
    },
    Token {
        token_type: CloseBrace,
        span: Span { .. },
    },
    Token {
        token_type: NewLine,
        span: Span { .. },
    },
]
