---
source: mux-compiler/tests/lexer_integration.rs
expression: tokens
---
[
    Token {
        token_type: LineComment(
            "mux-compiler#298 review: an owned inline enum value that is produced but not",
        ),
        span: Span { .. },
    },
    Token {
        token_type: NewLine,
        span: Span { .. },
    },
    Token {
        token_type: LineComment(
            "bound - a discarded expression statement, or an owned match subject - must be",
        ),
        span: Span { .. },
    },
    Token {
        token_type: NewLine,
        span: Span { .. },
    },
    Token {
        token_type: LineComment(
            "released, or its constructor-retained payload leaks. Owned enum temporaries",
        ),
        span: Span { .. },
    },
    Token {
        token_type: NewLine,
        span: Span { .. },
    },
    Token {
        token_type: LineComment(
            "are tracked and dropped on every exit path (fall-through and early return).",
        ),
        span: Span { .. },
    },
    Token {
        token_type: NewLine,
        span: Span { .. },
    },
    Token {
        token_type: LineComment(
            "rc-leak-check asserts zero live blocks at exit.",
        ),
        span: Span { .. },
    },
    Token {
        token_type: NewLine,
        span: Span { .. },
    },
    Token {
        token_type: Enum,
        span: Span { .. },
    },
    Token {
        token_type: Id(
            "Status",
        ),
        span: Span { .. },
    },
    Token {
        token_type: OpenBrace,
        span: Span { .. },
    },
    Token {
        token_type: Id(
            "Active",
        ),
        span: Span { .. },
    },
    Token {
        token_type: OpenParen,
        span: Span { .. },
    },
    Token {
        token_type: Id(
            "string",
        ),
        span: Span { .. },
    },
    Token {
        token_type: Id(
            "reason",
        ),
        span: Span { .. },
    },
    Token {
        token_type: CloseParen,
        span: Span { .. },
    },
    Token {
        token_type: Comma,
        span: Span { .. },
    },
    Token {
        token_type: Id(
            "Inactive",
        ),
        span: Span { .. },
    },
    Token {
        token_type: OpenParen,
        span: Span { .. },
    },
    Token {
        token_type: Id(
            "int",
        ),
        span: Span { .. },
    },
    Token {
        token_type: Id(
            "code",
        ),
        span: Span { .. },
    },
    Token {
        token_type: CloseParen,
        span: Span { .. },
    },
    Token {
        token_type: CloseBrace,
        span: Span { .. },
    },
    Token {
        token_type: NewLine,
        span: Span { .. },
    },
    Token {
        token_type: NewLine,
        span: Span { .. },
    },
    Token {
        token_type: LineComment(
            "A callee borrows its enum parameter, so an owned enum argument must be",
        ),
        span: Span { .. },
    },
    Token {
        token_type: NewLine,
        span: Span { .. },
    },
    Token {
        token_type: LineComment(
            "released by the caller after the call.",
        ),
        span: Span { .. },
    },
    Token {
        token_type: NewLine,
        span: Span { .. },
    },
    Token {
        token_type: Func,
        span: Span { .. },
    },
    Token {
        token_type: Id(
            "consume",
        ),
        span: Span { .. },
    },
    Token {
        token_type: OpenParen,
        span: Span { .. },
    },
    Token {
        token_type: Id(
            "Status",
        ),
        span: Span { .. },
    },
    Token {
        token_type: Id(
            "s",
        ),
        span: Span { .. },
    },
    Token {
        token_type: CloseParen,
        span: Span { .. },
    },
    Token {
        token_type: Returns,
        span: Span { .. },
    },
    Token {
        token_type: Id(
            "void",
        ),
        span: Span { .. },
    },
    Token {
        token_type: OpenBrace,
        span: Span { .. },
    },
    Token {
        token_type: NewLine,
        span: Span { .. },
    },
    Token {
        token_type: Return,
        span: Span { .. },
    },
    Token {
        token_type: NewLine,
        span: Span { .. },
    },
    Token {
        token_type: CloseBrace,
        span: Span { .. },
    },
    Token {
        token_type: NewLine,
        span: Span { .. },
    },
    Token {
        token_type: NewLine,
        span: Span { .. },
    },
    Token {
        token_type: LineComment(
            "An owned enum match subject whose arms all return: the subject must still be",
        ),
        span: Span { .. },
    },
    Token {
        token_type: NewLine,
        span: Span { .. },
    },
    Token {
        token_type: LineComment(
            "released on the return paths, where the match-end block is unreachable.",
        ),
        span: Span { .. },
    },
    Token {
        token_type: NewLine,
        span: Span { .. },
    },
    Token {
        token_type: Func,
        span: Span { .. },
    },
    Token {
        token_type: Id(
            "classify",
        ),
        span: Span { .. },
    },
    Token {
        token_type: OpenParen,
        span: Span { .. },
    },
    Token {
        token_type: CloseParen,
        span: Span { .. },
    },
    Token {
        token_type: Returns,
        span: Span { .. },
    },
    Token {
        token_type: Id(
            "int",
        ),
        span: Span { .. },
    },
    Token {
        token_type: OpenBrace,
        span: Span { .. },
    },
    Token {
        token_type: NewLine,
        span: Span { .. },
    },
    Token {
        token_type: Match,
        span: Span { .. },
    },
    Token {
        token_type: Id(
            "Status",
        ),
        span: Span { .. },
    },
    Token {
        token_type: Dot,
        span: Span { .. },
    },
    Token {
        token_type: Id(
            "Active",
        ),
        span: Span { .. },
    },
    Token {
        token_type: OpenParen,
        span: Span { .. },
    },
    Token {
        token_type: Str(
            "subject-return",
        ),
        span: Span { .. },
    },
    Token {
        token_type: CloseParen,
        span: Span { .. },
    },
    Token {
        token_type: OpenBrace,
        span: Span { .. },
    },
    Token {
        token_type: NewLine,
        span: Span { .. },
    },
    Token {
        token_type: Id(
            "Active",
        ),
        span: Span { .. },
    },
    Token {
        token_type: OpenParen,
        span: Span { .. },
    },
    Token {
        token_type: Id(
            "m",
        ),
        span: Span { .. },
    },
    Token {
        token_type: CloseParen,
        span: Span { .. },
    },
    Token {
        token_type: OpenBrace,
        span: Span { .. },
    },
    Token {
        token_type: Return,
        span: Span { .. },
    },
    Token {
        token_type: Int(
            1,
        ),
        span: Span { .. },
    },
    Token {
        token_type: CloseBrace,
        span: Span { .. },
    },
    Token {
        token_type: NewLine,
        span: Span { .. },
    },
    Token {
        token_type: Id(
            "Inactive",
        ),
        span: Span { .. },
    },
    Token {
        token_type: OpenParen,
        span: Span { .. },
    },
    Token {
        token_type: Id(
            "n",
        ),
        span: Span { .. },
    },
    Token {
        token_type: CloseParen,
        span: Span { .. },
    },
    Token {
        token_type: OpenBrace,
        span: Span { .. },
    },
    Token {
        token_type: Return,
        span: Span { .. },
    },
    Token {
        token_type: Int(
            2,
        ),
        span: Span { .. },
    },
    Token {
        token_type: CloseBrace,
        span: Span { .. },
    },
    Token {
        token_type: NewLine,
        span: Span { .. },
    },
    Token {
        token_type: CloseBrace,
        span: Span { .. },
    },
    Token {
        token_type: NewLine,
        span: Span { .. },
    },
    Token {
        token_type: CloseBrace,
        span: Span { .. },
    },
    Token {
        token_type: NewLine,
        span: Span { .. },
    },
    Token {
        token_type: NewLine,
        span: Span { .. },
    },
    Token {
        token_type: Func,
        span: Span { .. },
    },
    Token {
        token_type: Id(
            "main",
        ),
        span: Span { .. },
    },
    Token {
        token_type: OpenParen,
        span: Span { .. },
    },
    Token {
        token_type: CloseParen,
        span: Span { .. },
    },
    Token {
        token_type: Returns,
        span: Span { .. },
    },
    Token {
        token_type: Id(
            "void",
        ),
        span: Span { .. },
    },
    Token {
        token_type: OpenBrace,
        span: Span { .. },
    },
    Token {
        token_type: NewLine,
        span: Span { .. },
    },
    Token {
        token_type: LineComment(
            "Discarded owned enum expression statement.",
        ),
        span: Span { .. },
    },
    Token {
        token_type: NewLine,
        span: Span { .. },
    },
    Token {
        token_type: Id(
            "Status",
        ),
        span: Span { .. },
    },
    Token {
        token_type: Dot,
        span: Span { .. },
    },
    Token {
        token_type: Id(
            "Active",
        ),
        span: Span { .. },
    },
    Token {
        token_type: OpenParen,
        span: Span { .. },
    },
    Token {
        token_type: Str(
            "discarded",
        ),
        span: Span { .. },
    },
    Token {
        token_type: CloseParen,
        span: Span { .. },
    },
    Token {
        token_type: NewLine,
        span: Span { .. },
    },
    Token {
        token_type: NewLine,
        span: Span { .. },
    },
    Token {
        token_type: LineComment(
            "Owned enum as a direct match subject (constructor).",
        ),
        span: Span { .. },
    },
    Token {
        token_type: NewLine,
        span: Span { .. },
    },
    Token {
        token_type: Match,
        span: Span { .. },
    },
    Token {
        token_type: Id(
            "Status",
        ),
        span: Span { .. },
    },
    Token {
        token_type: Dot,
        span: Span { .. },
    },
    Token {
        token_type: Id(
            "Active",
        ),
        span: Span { .. },
    },
    Token {
        token_type: OpenParen,
        span: Span { .. },
    },
    Token {
        token_type: Str(
            "subject",
        ),
        span: Span { .. },
    },
    Token {
        token_type: CloseParen,
        span: Span { .. },
    },
    Token {
        token_type: OpenBrace,
        span: Span { .. },
    },
    Token {
        token_type: NewLine,
        span: Span { .. },
    },
    Token {
        token_type: Id(
            "Active",
        ),
        span: Span { .. },
    },
    Token {
        token_type: OpenParen,
        span: Span { .. },
    },
    Token {
        token_type: Id(
            "m",
        ),
        span: Span { .. },
    },
    Token {
        token_type: CloseParen,
        span: Span { .. },
    },
    Token {
        token_type: OpenBrace,
        span: Span { .. },
    },
    Token {
        token_type: Id(
            "print",
        ),
        span: Span { .. },
    },
    Token {
        token_type: OpenParen,
        span: Span { .. },
    },
    Token {
        token_type: Str(
            "subject: ",
        ),
        span: Span { .. },
    },
    Token {
        token_type: Plus,
        span: Span { .. },
    },
    Token {
        token_type: Id(
            "m",
        ),
        span: Span { .. },
    },
    Token {
        token_type: CloseParen,
        span: Span { .. },
    },
    Token {
        token_type: CloseBrace,
        span: Span { .. },
    },
    Token {
        token_type: NewLine,
        span: Span { .. },
    },
    Token {
        token_type: Id(
            "Inactive",
        ),
        span: Span { .. },
    },
    Token {
        token_type: OpenParen,
        span: Span { .. },
    },
    Token {
        token_type: Id(
            "n",
        ),
        span: Span { .. },
    },
    Token {
        token_type: CloseParen,
        span: Span { .. },
    },
    Token {
        token_type: OpenBrace,
        span: Span { .. },
    },
    Token {
        token_type: Id(
            "print",
        ),
        span: Span { .. },
    },
    Token {
        token_type: OpenParen,
        span: Span { .. },
    },
    Token {
        token_type: Str(
            "subject: inactive",
        ),
        span: Span { .. },
    },
    Token {
        token_type: CloseParen,
        span: Span { .. },
    },
    Token {
        token_type: CloseBrace,
        span: Span { .. },
    },
    Token {
        token_type: NewLine,
        span: Span { .. },
    },
    Token {
        token_type: CloseBrace,
        span: Span { .. },
    },
    Token {
        token_type: NewLine,
        span: Span { .. },
    },
    Token {
        token_type: NewLine,
        span: Span { .. },
    },
    Token {
        token_type: LineComment(
            "Owned enum ternary as a match subject.",
        ),
        span: Span { .. },
    },
    Token {
        token_type: NewLine,
        span: Span { .. },
    },
    Token {
        token_type: Auto,
        span: Span { .. },
    },
    Token {
        token_type: Id(
            "other",
        ),
        span: Span { .. },
    },
    Token {
        token_type: Eq,
        span: Span { .. },
    },
    Token {
        token_type: Id(
            "Status",
        ),
        span: Span { .. },
    },
    Token {
        token_type: Dot,
        span: Span { .. },
    },
    Token {
        token_type: Id(
            "Inactive",
        ),
        span: Span { .. },
    },
    Token {
        token_type: OpenParen,
        span: Span { .. },
    },
    Token {
        token_type: Int(
            7,
        ),
        span: Span { .. },
    },
    Token {
        token_type: CloseParen,
        span: Span { .. },
    },
    Token {
        token_type: NewLine,
        span: Span { .. },
    },
    Token {
        token_type: Match,
        span: Span { .. },
    },
    Token {
        token_type: OpenParen,
        span: Span { .. },
    },
    Token {
        token_type: If,
        span: Span { .. },
    },
    Token {
        token_type: Bool(
            true,
        ),
        span: Span { .. },
    },
    Token {
        token_type: OpenBrace,
        span: Span { .. },
    },
    Token {
        token_type: Id(
            "Status",
        ),
        span: Span { .. },
    },
    Token {
        token_type: Dot,
        span: Span { .. },
    },
    Token {
        token_type: Id(
            "Active",
        ),
        span: Span { .. },
    },
    Token {
        token_type: OpenParen,
        span: Span { .. },
    },
    Token {
        token_type: Str(
            "tern",
        ),
        span: Span { .. },
    },
    Token {
        token_type: CloseParen,
        span: Span { .. },
    },
    Token {
        token_type: CloseBrace,
        span: Span { .. },
    },
    Token {
        token_type: Else,
        span: Span { .. },
    },
    Token {
        token_type: OpenBrace,
        span: Span { .. },
    },
    Token {
        token_type: Id(
            "other",
        ),
        span: Span { .. },
    },
    Token {
        token_type: CloseBrace,
        span: Span { .. },
    },
    Token {
        token_type: CloseParen,
        span: Span { .. },
    },
    Token {
        token_type: OpenBrace,
        span: Span { .. },
    },
    Token {
        token_type: NewLine,
        span: Span { .. },
    },
    Token {
        token_type: Id(
            "Active",
        ),
        span: Span { .. },
    },
    Token {
        token_type: OpenParen,
        span: Span { .. },
    },
    Token {
        token_type: Id(
            "m",
        ),
        span: Span { .. },
    },
    Token {
        token_type: CloseParen,
        span: Span { .. },
    },
    Token {
        token_type: OpenBrace,
        span: Span { .. },
    },
    Token {
        token_type: Id(
            "print",
        ),
        span: Span { .. },
    },
    Token {
        token_type: OpenParen,
        span: Span { .. },
    },
    Token {
        token_type: Str(
            "tern: ",
        ),
        span: Span { .. },
    },
    Token {
        token_type: Plus,
        span: Span { .. },
    },
    Token {
        token_type: Id(
            "m",
        ),
        span: Span { .. },
    },
    Token {
        token_type: CloseParen,
        span: Span { .. },
    },
    Token {
        token_type: CloseBrace,
        span: Span { .. },
    },
    Token {
        token_type: NewLine,
        span: Span { .. },
    },
    Token {
        token_type: Id(
            "Inactive",
        ),
        span: Span { .. },
    },
    Token {
        token_type: OpenParen,
        span: Span { .. },
    },
    Token {
        token_type: Id(
            "n",
        ),
        span: Span { .. },
    },
    Token {
        token_type: CloseParen,
        span: Span { .. },
    },
    Token {
        token_type: OpenBrace,
        span: Span { .. },
    },
    Token {
        token_type: Id(
            "print",
        ),
        span: Span { .. },
    },
    Token {
        token_type: OpenParen,
        span: Span { .. },
    },
    Token {
        token_type: Str(
            "tern: inactive",
        ),
        span: Span { .. },
    },
    Token {
        token_type: CloseParen,
        span: Span { .. },
    },
    Token {
        token_type: CloseBrace,
        span: Span { .. },
    },
    Token {
        token_type: NewLine,
        span: Span { .. },
    },
    Token {
        token_type: CloseBrace,
        span: Span { .. },
    },
    Token {
        token_type: NewLine,
        span: Span { .. },
    },
    Token {
        token_type: NewLine,
        span: Span { .. },
    },
    Token {
        token_type: LineComment(
            "Owned enum passed as a function argument.",
        ),
        span: Span { .. },
    },
    Token {
        token_type: NewLine,
        span: Span { .. },
    },
    Token {
        token_type: Id(
            "consume",
        ),
        span: Span { .. },
    },
    Token {
        token_type: OpenParen,
        span: Span { .. },
    },
    Token {
        token_type: Id(
            "Status",
        ),
        span: Span { .. },
    },
    Token {
        token_type: Dot,
        span: Span { .. },
    },
    Token {
        token_type: Id(
            "Active",
        ),
        span: Span { .. },
    },
    Token {
        token_type: OpenParen,
        span: Span { .. },
    },
    Token {
        token_type: Str(
            "arg",
        ),
        span: Span { .. },
    },
    Token {
        token_type: CloseParen,
        span: Span { .. },
    },
    Token {
        token_type: CloseParen,
        span: Span { .. },
    },
    Token {
        token_type: NewLine,
        span: Span { .. },
    },
    Token {
        token_type: NewLine,
        span: Span { .. },
    },
    Token {
        token_type: LineComment(
            "Owned enums as collection elements (the collection copies them, so the",
        ),
        span: Span { .. },
    },
    Token {
        token_type: NewLine,
        span: Span { .. },
    },
    Token {
        token_type: LineComment(
            "constructed originals must be released).",
        ),
        span: Span { .. },
    },
    Token {
        token_type: NewLine,
        span: Span { .. },
    },
    Token {
        token_type: Auto,
        span: Span { .. },
    },
    Token {
        token_type: Id(
            "items",
        ),
        span: Span { .. },
    },
    Token {
        token_type: Eq,
        span: Span { .. },
    },
    Token {
        token_type: OpenBracket,
        span: Span { .. },
    },
    Token {
        token_type: Id(
            "Status",
        ),
        span: Span { .. },
    },
    Token {
        token_type: Dot,
        span: Span { .. },
    },
    Token {
        token_type: Id(
            "Active",
        ),
        span: Span { .. },
    },
    Token {
        token_type: OpenParen,
        span: Span { .. },
    },
    Token {
        token_type: Str(
            "i1",
        ),
        span: Span { .. },
    },
    Token {
        token_type: CloseParen,
        span: Span { .. },
    },
    Token {
        token_type: Comma,
        span: Span { .. },
    },
    Token {
        token_type: Id(
            "Status",
        ),
        span: Span { .. },
    },
    Token {
        token_type: Dot,
        span: Span { .. },
    },
    Token {
        token_type: Id(
            "Inactive",
        ),
        span: Span { .. },
    },
    Token {
        token_type: OpenParen,
        span: Span { .. },
    },
    Token {
        token_type: Int(
            2,
        ),
        span: Span { .. },
    },
    Token {
        token_type: CloseParen,
        span: Span { .. },
    },
    Token {
        token_type: CloseBracket,
        span: Span { .. },
    },
    Token {
        token_type: NewLine,
        span: Span { .. },
    },
    Token {
        token_type: Id(
            "print",
        ),
        span: Span { .. },
    },
    Token {
        token_type: OpenParen,
        span: Span { .. },
    },
    Token {
        token_type: Str(
            "items: ",
        ),
        span: Span { .. },
    },
    Token {
        token_type: Plus,
        span: Span { .. },
    },
    Token {
        token_type: Id(
            "items",
        ),
        span: Span { .. },
    },
    Token {
        token_type: Dot,
        span: Span { .. },
    },
    Token {
        token_type: Id(
            "len",
        ),
        span: Span { .. },
    },
    Token {
        token_type: OpenParen,
        span: Span { .. },
    },
    Token {
        token_type: CloseParen,
        span: Span { .. },
    },
    Token {
        token_type: Dot,
        span: Span { .. },
    },
    Token {
        token_type: Id(
            "to_string",
        ),
        span: Span { .. },
    },
    Token {
        token_type: OpenParen,
        span: Span { .. },
    },
    Token {
        token_type: CloseParen,
        span: Span { .. },
    },
    Token {
        token_type: CloseParen,
        span: Span { .. },
    },
    Token {
        token_type: NewLine,
        span: Span { .. },
    },
    Token {
        token_type: NewLine,
        span: Span { .. },
    },
    Token {
        token_type: Id(
            "print",
        ),
        span: Span { .. },
    },
    Token {
        token_type: OpenParen,
        span: Span { .. },
    },
    Token {
        token_type: Str(
            "classify: ",
        ),
        span: Span { .. },
    },
    Token {
        token_type: Plus,
        span: Span { .. },
    },
    Token {
        token_type: Id(
            "classify",
        ),
        span: Span { .. },
    },
    Token {
        token_type: OpenParen,
        span: Span { .. },
    },
    Token {
        token_type: CloseParen,
        span: Span { .. },
    },
    Token {
        token_type: Dot,
        span: Span { .. },
    },
    Token {
        token_type: Id(
            "to_string",
        ),
        span: Span { .. },
    },
    Token {
        token_type: OpenParen,
        span: Span { .. },
    },
    Token {
        token_type: CloseParen,
        span: Span { .. },
    },
    Token {
        token_type: CloseParen,
        span: Span { .. },
    },
    Token {
        token_type: NewLine,
        span: Span { .. },
    },
    Token {
        token_type: Return,
        span: Span { .. },
    },
    Token {
        token_type: NewLine,
        span: Span { .. },
    },
    Token {
        token_type: CloseBrace,
        span: Span { .. },
    },
    Token {
        token_type: NewLine,
        span: Span { .. },
    },
]
