---
source: mux-compiler/tests/lexer_integration.rs
expression: tokens
---
[
    Token {
        token_type: Import,
        span: Span {
            row_start: 1,
            row_end: Some(
                1,
            ),
            col_start: 1,
            col_end: Some(
                7,
            ),
        },
    },
    Token {
        token_type: Id(
            "std",
        ),
        span: Span {
            row_start: 1,
            row_end: Some(
                1,
            ),
            col_start: 8,
            col_end: Some(
                11,
            ),
        },
    },
    Token {
        token_type: Dot,
        span: Span {
            row_start: 1,
            row_end: None,
            col_start: 11,
            col_end: None,
        },
    },
    Token {
        token_type: Id(
            "env",
        ),
        span: Span {
            row_start: 1,
            row_end: Some(
                1,
            ),
            col_start: 12,
            col_end: Some(
                15,
            ),
        },
    },
    Token {
        token_type: NewLine,
        span: Span {
            row_start: 1,
            row_end: None,
            col_start: 15,
            col_end: None,
        },
    },
    Token {
        token_type: Import,
        span: Span {
            row_start: 2,
            row_end: Some(
                2,
            ),
            col_start: 1,
            col_end: Some(
                7,
            ),
        },
    },
    Token {
        token_type: Id(
            "std",
        ),
        span: Span {
            row_start: 2,
            row_end: Some(
                2,
            ),
            col_start: 8,
            col_end: Some(
                11,
            ),
        },
    },
    Token {
        token_type: Dot,
        span: Span {
            row_start: 2,
            row_end: None,
            col_start: 11,
            col_end: None,
        },
    },
    Token {
        token_type: Id(
            "assert",
        ),
        span: Span {
            row_start: 2,
            row_end: Some(
                2,
            ),
            col_start: 12,
            col_end: Some(
                18,
            ),
        },
    },
    Token {
        token_type: NewLine,
        span: Span {
            row_start: 2,
            row_end: None,
            col_start: 18,
            col_end: None,
        },
    },
    Token {
        token_type: NewLine,
        span: Span {
            row_start: 3,
            row_end: None,
            col_start: 1,
            col_end: None,
        },
    },
    Token {
        token_type: LineComment(
            "Use PATH as the canonical env var across dev and CI. Do not print its value.",
        ),
        span: Span {
            row_start: 4,
            row_end: None,
            col_start: 1,
            col_end: None,
        },
    },
    Token {
        token_type: NewLine,
        span: Span {
            row_start: 4,
            row_end: None,
            col_start: 80,
            col_end: None,
        },
    },
    Token {
        token_type: Match,
        span: Span {
            row_start: 5,
            row_end: Some(
                5,
            ),
            col_start: 1,
            col_end: Some(
                6,
            ),
        },
    },
    Token {
        token_type: Id(
            "env",
        ),
        span: Span {
            row_start: 5,
            row_end: Some(
                5,
            ),
            col_start: 7,
            col_end: Some(
                10,
            ),
        },
    },
    Token {
        token_type: Dot,
        span: Span {
            row_start: 5,
            row_end: None,
            col_start: 10,
            col_end: None,
        },
    },
    Token {
        token_type: Id(
            "get",
        ),
        span: Span {
            row_start: 5,
            row_end: Some(
                5,
            ),
            col_start: 11,
            col_end: Some(
                14,
            ),
        },
    },
    Token {
        token_type: OpenParen,
        span: Span {
            row_start: 5,
            row_end: None,
            col_start: 14,
            col_end: None,
        },
    },
    Token {
        token_type: Str(
            "PATH",
        ),
        span: Span {
            row_start: 5,
            row_end: Some(
                5,
            ),
            col_start: 15,
            col_end: Some(
                21,
            ),
        },
    },
    Token {
        token_type: CloseParen,
        span: Span {
            row_start: 5,
            row_end: None,
            col_start: 21,
            col_end: None,
        },
    },
    Token {
        token_type: OpenBrace,
        span: Span {
            row_start: 5,
            row_end: None,
            col_start: 23,
            col_end: None,
        },
    },
    Token {
        token_type: NewLine,
        span: Span {
            row_start: 5,
            row_end: None,
            col_start: 24,
            col_end: None,
        },
    },
    Token {
        token_type: Id(
            "some",
        ),
        span: Span {
            row_start: 6,
            row_end: Some(
                6,
            ),
            col_start: 5,
            col_end: Some(
                9,
            ),
        },
    },
    Token {
        token_type: OpenParen,
        span: Span {
            row_start: 6,
            row_end: None,
            col_start: 9,
            col_end: None,
        },
    },
    Token {
        token_type: Underscore,
        span: Span {
            row_start: 6,
            row_end: None,
            col_start: 10,
            col_end: None,
        },
    },
    Token {
        token_type: CloseParen,
        span: Span {
            row_start: 6,
            row_end: None,
            col_start: 11,
            col_end: None,
        },
    },
    Token {
        token_type: OpenBrace,
        span: Span {
            row_start: 6,
            row_end: None,
            col_start: 13,
            col_end: None,
        },
    },
    Token {
        token_type: NewLine,
        span: Span {
            row_start: 6,
            row_end: None,
            col_start: 14,
            col_end: None,
        },
    },
    Token {
        token_type: Id(
            "print",
        ),
        span: Span {
            row_start: 7,
            row_end: Some(
                7,
            ),
            col_start: 9,
            col_end: Some(
                14,
            ),
        },
    },
    Token {
        token_type: OpenParen,
        span: Span {
            row_start: 7,
            row_end: None,
            col_start: 14,
            col_end: None,
        },
    },
    Token {
        token_type: Str(
            "Got PATH env var",
        ),
        span: Span {
            row_start: 7,
            row_end: Some(
                7,
            ),
            col_start: 15,
            col_end: Some(
                33,
            ),
        },
    },
    Token {
        token_type: CloseParen,
        span: Span {
            row_start: 7,
            row_end: None,
            col_start: 33,
            col_end: None,
        },
    },
    Token {
        token_type: NewLine,
        span: Span {
            row_start: 7,
            row_end: None,
            col_start: 34,
            col_end: None,
        },
    },
    Token {
        token_type: CloseBrace,
        span: Span {
            row_start: 8,
            row_end: None,
            col_start: 5,
            col_end: None,
        },
    },
    Token {
        token_type: NewLine,
        span: Span {
            row_start: 8,
            row_end: None,
            col_start: 6,
            col_end: None,
        },
    },
    Token {
        token_type: None,
        span: Span {
            row_start: 9,
            row_end: Some(
                9,
            ),
            col_start: 5,
            col_end: Some(
                9,
            ),
        },
    },
    Token {
        token_type: OpenBrace,
        span: Span {
            row_start: 9,
            row_end: None,
            col_start: 10,
            col_end: None,
        },
    },
    Token {
        token_type: NewLine,
        span: Span {
            row_start: 9,
            row_end: None,
            col_start: 11,
            col_end: None,
        },
    },
    Token {
        token_type: Id(
            "assert",
        ),
        span: Span {
            row_start: 10,
            row_end: Some(
                10,
            ),
            col_start: 9,
            col_end: Some(
                15,
            ),
        },
    },
    Token {
        token_type: Dot,
        span: Span {
            row_start: 10,
            row_end: None,
            col_start: 15,
            col_end: None,
        },
    },
    Token {
        token_type: Id(
            "assert",
        ),
        span: Span {
            row_start: 10,
            row_end: Some(
                10,
            ),
            col_start: 16,
            col_end: Some(
                22,
            ),
        },
    },
    Token {
        token_type: OpenParen,
        span: Span {
            row_start: 10,
            row_end: None,
            col_start: 22,
            col_end: None,
        },
    },
    Token {
        token_type: Bool(
            false,
        ),
        span: Span {
            row_start: 10,
            row_end: Some(
                10,
            ),
            col_start: 23,
            col_end: Some(
                28,
            ),
        },
    },
    Token {
        token_type: Comma,
        span: Span {
            row_start: 10,
            row_end: None,
            col_start: 28,
            col_end: None,
        },
    },
    Token {
        token_type: Str(
            "PATH environment variable not found; CI must provide PATH",
        ),
        span: Span {
            row_start: 10,
            row_end: Some(
                10,
            ),
            col_start: 30,
            col_end: Some(
                89,
            ),
        },
    },
    Token {
        token_type: CloseParen,
        span: Span {
            row_start: 10,
            row_end: None,
            col_start: 89,
            col_end: None,
        },
    },
    Token {
        token_type: NewLine,
        span: Span {
            row_start: 10,
            row_end: None,
            col_start: 90,
            col_end: None,
        },
    },
    Token {
        token_type: CloseBrace,
        span: Span {
            row_start: 11,
            row_end: None,
            col_start: 5,
            col_end: None,
        },
    },
    Token {
        token_type: NewLine,
        span: Span {
            row_start: 11,
            row_end: None,
            col_start: 6,
            col_end: None,
        },
    },
    Token {
        token_type: CloseBrace,
        span: Span {
            row_start: 12,
            row_end: None,
            col_start: 1,
            col_end: None,
        },
    },
    Token {
        token_type: NewLine,
        span: Span {
            row_start: 12,
            row_end: None,
            col_start: 2,
            col_end: None,
        },
    },
    Token {
        token_type: NewLine,
        span: Span {
            row_start: 13,
            row_end: None,
            col_start: 1,
            col_end: None,
        },
    },
    Token {
        token_type: LineComment(
            "Also test a variable that should not exist to exercise the `none` branch",
        ),
        span: Span {
            row_start: 14,
            row_end: None,
            col_start: 1,
            col_end: None,
        },
    },
    Token {
        token_type: NewLine,
        span: Span {
            row_start: 14,
            row_end: None,
            col_start: 76,
            col_end: None,
        },
    },
    Token {
        token_type: Match,
        span: Span {
            row_start: 15,
            row_end: Some(
                15,
            ),
            col_start: 1,
            col_end: Some(
                6,
            ),
        },
    },
    Token {
        token_type: Id(
            "env",
        ),
        span: Span {
            row_start: 15,
            row_end: Some(
                15,
            ),
            col_start: 7,
            col_end: Some(
                10,
            ),
        },
    },
    Token {
        token_type: Dot,
        span: Span {
            row_start: 15,
            row_end: None,
            col_start: 10,
            col_end: None,
        },
    },
    Token {
        token_type: Id(
            "get",
        ),
        span: Span {
            row_start: 15,
            row_end: Some(
                15,
            ),
            col_start: 11,
            col_end: Some(
                14,
            ),
        },
    },
    Token {
        token_type: OpenParen,
        span: Span {
            row_start: 15,
            row_end: None,
            col_start: 14,
            col_end: None,
        },
    },
    Token {
        token_type: Str(
            "MUX_TEST_NON_EXISTENT_ENV_VAR_12345",
        ),
        span: Span {
            row_start: 15,
            row_end: Some(
                15,
            ),
            col_start: 15,
            col_end: Some(
                52,
            ),
        },
    },
    Token {
        token_type: CloseParen,
        span: Span {
            row_start: 15,
            row_end: None,
            col_start: 52,
            col_end: None,
        },
    },
    Token {
        token_type: OpenBrace,
        span: Span {
            row_start: 15,
            row_end: None,
            col_start: 54,
            col_end: None,
        },
    },
    Token {
        token_type: NewLine,
        span: Span {
            row_start: 15,
            row_end: None,
            col_start: 55,
            col_end: None,
        },
    },
    Token {
        token_type: Id(
            "some",
        ),
        span: Span {
            row_start: 16,
            row_end: Some(
                16,
            ),
            col_start: 5,
            col_end: Some(
                9,
            ),
        },
    },
    Token {
        token_type: OpenParen,
        span: Span {
            row_start: 16,
            row_end: None,
            col_start: 9,
            col_end: None,
        },
    },
    Token {
        token_type: Id(
            "v",
        ),
        span: Span {
            row_start: 16,
            row_end: Some(
                16,
            ),
            col_start: 10,
            col_end: Some(
                11,
            ),
        },
    },
    Token {
        token_type: CloseParen,
        span: Span {
            row_start: 16,
            row_end: None,
            col_start: 11,
            col_end: None,
        },
    },
    Token {
        token_type: OpenBrace,
        span: Span {
            row_start: 16,
            row_end: None,
            col_start: 13,
            col_end: None,
        },
    },
    Token {
        token_type: Id(
            "print",
        ),
        span: Span {
            row_start: 16,
            row_end: Some(
                16,
            ),
            col_start: 15,
            col_end: Some(
                20,
            ),
        },
    },
    Token {
        token_type: OpenParen,
        span: Span {
            row_start: 16,
            row_end: None,
            col_start: 20,
            col_end: None,
        },
    },
    Token {
        token_type: Str(
            "UNEXPECTED: ",
        ),
        span: Span {
            row_start: 16,
            row_end: Some(
                16,
            ),
            col_start: 21,
            col_end: Some(
                35,
            ),
        },
    },
    Token {
        token_type: Plus,
        span: Span {
            row_start: 16,
            row_end: Some(
                16,
            ),
            col_start: 36,
            col_end: Some(
                37,
            ),
        },
    },
    Token {
        token_type: Id(
            "v",
        ),
        span: Span {
            row_start: 16,
            row_end: Some(
                16,
            ),
            col_start: 38,
            col_end: Some(
                39,
            ),
        },
    },
    Token {
        token_type: CloseParen,
        span: Span {
            row_start: 16,
            row_end: None,
            col_start: 39,
            col_end: None,
        },
    },
    Token {
        token_type: CloseBrace,
        span: Span {
            row_start: 16,
            row_end: None,
            col_start: 41,
            col_end: None,
        },
    },
    Token {
        token_type: NewLine,
        span: Span {
            row_start: 16,
            row_end: None,
            col_start: 42,
            col_end: None,
        },
    },
    Token {
        token_type: None,
        span: Span {
            row_start: 17,
            row_end: Some(
                17,
            ),
            col_start: 5,
            col_end: Some(
                9,
            ),
        },
    },
    Token {
        token_type: OpenBrace,
        span: Span {
            row_start: 17,
            row_end: None,
            col_start: 10,
            col_end: None,
        },
    },
    Token {
        token_type: Id(
            "print",
        ),
        span: Span {
            row_start: 17,
            row_end: Some(
                17,
            ),
            col_start: 12,
            col_end: Some(
                17,
            ),
        },
    },
    Token {
        token_type: OpenParen,
        span: Span {
            row_start: 17,
            row_end: None,
            col_start: 17,
            col_end: None,
        },
    },
    Token {
        token_type: Str(
            "MISSING_ENV_VAR (expected)",
        ),
        span: Span {
            row_start: 17,
            row_end: Some(
                17,
            ),
            col_start: 18,
            col_end: Some(
                46,
            ),
        },
    },
    Token {
        token_type: CloseParen,
        span: Span {
            row_start: 17,
            row_end: None,
            col_start: 46,
            col_end: None,
        },
    },
    Token {
        token_type: CloseBrace,
        span: Span {
            row_start: 17,
            row_end: None,
            col_start: 48,
            col_end: None,
        },
    },
    Token {
        token_type: NewLine,
        span: Span {
            row_start: 17,
            row_end: None,
            col_start: 49,
            col_end: None,
        },
    },
    Token {
        token_type: CloseBrace,
        span: Span {
            row_start: 18,
            row_end: None,
            col_start: 1,
            col_end: None,
        },
    },
    Token {
        token_type: NewLine,
        span: Span {
            row_start: 18,
            row_end: None,
            col_start: 2,
            col_end: None,
        },
    },
]
