---
source: mux-compiler/tests/lexer_integration.rs
expression: tokens
---
[
    Token {
        token_type: LineComment(
            "Negative list indexes count from the end, Python-style. Valid on both list",
        ),
        span: Span { .. },
    },
    Token {
        token_type: NewLine,
        span: Span { .. },
    },
    Token {
        token_type: LineComment(
            "literals and variables; on unknown-length lists an out-of-range index is",
        ),
        span: Span { .. },
    },
    Token {
        token_type: NewLine,
        span: Span { .. },
    },
    Token {
        token_type: LineComment(
            "caught at runtime.",
        ),
        span: Span { .. },
    },
    Token {
        token_type: NewLine,
        span: Span { .. },
    },
    Token {
        token_type: Auto,
        span: Span { .. },
    },
    Token {
        token_type: Id(
            "nums",
        ),
        span: Span { .. },
    },
    Token {
        token_type: Eq,
        span: Span { .. },
    },
    Token {
        token_type: OpenBracket,
        span: Span { .. },
    },
    Token {
        token_type: Int(
            10,
        ),
        span: Span { .. },
    },
    Token {
        token_type: Comma,
        span: Span { .. },
    },
    Token {
        token_type: Int(
            20,
        ),
        span: Span { .. },
    },
    Token {
        token_type: Comma,
        span: Span { .. },
    },
    Token {
        token_type: Int(
            30,
        ),
        span: Span { .. },
    },
    Token {
        token_type: CloseBracket,
        span: Span { .. },
    },
    Token {
        token_type: NewLine,
        span: Span { .. },
    },
    Token {
        token_type: Id(
            "print",
        ),
        span: Span { .. },
    },
    Token {
        token_type: OpenParen,
        span: Span { .. },
    },
    Token {
        token_type: Id(
            "nums",
        ),
        span: Span { .. },
    },
    Token {
        token_type: OpenBracket,
        span: Span { .. },
    },
    Token {
        token_type: Int(
            -1,
        ),
        span: Span { .. },
    },
    Token {
        token_type: CloseBracket,
        span: Span { .. },
    },
    Token {
        token_type: Dot,
        span: Span { .. },
    },
    Token {
        token_type: Id(
            "to_string",
        ),
        span: Span { .. },
    },
    Token {
        token_type: OpenParen,
        span: Span { .. },
    },
    Token {
        token_type: CloseParen,
        span: Span { .. },
    },
    Token {
        token_type: CloseParen,
        span: Span { .. },
    },
    Token {
        token_type: LineComment(
            "30",
        ),
        span: Span { .. },
    },
    Token {
        token_type: NewLine,
        span: Span { .. },
    },
    Token {
        token_type: Id(
            "print",
        ),
        span: Span { .. },
    },
    Token {
        token_type: OpenParen,
        span: Span { .. },
    },
    Token {
        token_type: Id(
            "nums",
        ),
        span: Span { .. },
    },
    Token {
        token_type: OpenBracket,
        span: Span { .. },
    },
    Token {
        token_type: Int(
            -2,
        ),
        span: Span { .. },
    },
    Token {
        token_type: CloseBracket,
        span: Span { .. },
    },
    Token {
        token_type: Dot,
        span: Span { .. },
    },
    Token {
        token_type: Id(
            "to_string",
        ),
        span: Span { .. },
    },
    Token {
        token_type: OpenParen,
        span: Span { .. },
    },
    Token {
        token_type: CloseParen,
        span: Span { .. },
    },
    Token {
        token_type: CloseParen,
        span: Span { .. },
    },
    Token {
        token_type: LineComment(
            "20",
        ),
        span: Span { .. },
    },
    Token {
        token_type: NewLine,
        span: Span { .. },
    },
    Token {
        token_type: Id(
            "print",
        ),
        span: Span { .. },
    },
    Token {
        token_type: OpenParen,
        span: Span { .. },
    },
    Token {
        token_type: Id(
            "nums",
        ),
        span: Span { .. },
    },
    Token {
        token_type: OpenBracket,
        span: Span { .. },
    },
    Token {
        token_type: Int(
            -3,
        ),
        span: Span { .. },
    },
    Token {
        token_type: CloseBracket,
        span: Span { .. },
    },
    Token {
        token_type: Dot,
        span: Span { .. },
    },
    Token {
        token_type: Id(
            "to_string",
        ),
        span: Span { .. },
    },
    Token {
        token_type: OpenParen,
        span: Span { .. },
    },
    Token {
        token_type: CloseParen,
        span: Span { .. },
    },
    Token {
        token_type: CloseParen,
        span: Span { .. },
    },
    Token {
        token_type: LineComment(
            "10",
        ),
        span: Span { .. },
    },
    Token {
        token_type: NewLine,
        span: Span { .. },
    },
    Token {
        token_type: NewLine,
        span: Span { .. },
    },
    Token {
        token_type: LineComment(
            "Direct indexing of a list literal.",
        ),
        span: Span { .. },
    },
    Token {
        token_type: NewLine,
        span: Span { .. },
    },
    Token {
        token_type: Id(
            "print",
        ),
        span: Span { .. },
    },
    Token {
        token_type: OpenParen,
        span: Span { .. },
    },
    Token {
        token_type: OpenBracket,
        span: Span { .. },
    },
    Token {
        token_type: Int(
            1,
        ),
        span: Span { .. },
    },
    Token {
        token_type: Comma,
        span: Span { .. },
    },
    Token {
        token_type: Int(
            2,
        ),
        span: Span { .. },
    },
    Token {
        token_type: Comma,
        span: Span { .. },
    },
    Token {
        token_type: Int(
            3,
        ),
        span: Span { .. },
    },
    Token {
        token_type: CloseBracket,
        span: Span { .. },
    },
    Token {
        token_type: OpenBracket,
        span: Span { .. },
    },
    Token {
        token_type: Int(
            -1,
        ),
        span: Span { .. },
    },
    Token {
        token_type: CloseBracket,
        span: Span { .. },
    },
    Token {
        token_type: Dot,
        span: Span { .. },
    },
    Token {
        token_type: Id(
            "to_string",
        ),
        span: Span { .. },
    },
    Token {
        token_type: OpenParen,
        span: Span { .. },
    },
    Token {
        token_type: CloseParen,
        span: Span { .. },
    },
    Token {
        token_type: CloseParen,
        span: Span { .. },
    },
    Token {
        token_type: LineComment(
            "3",
        ),
        span: Span { .. },
    },
    Token {
        token_type: NewLine,
        span: Span { .. },
    },
    Token {
        token_type: NewLine,
        span: Span { .. },
    },
    Token {
        token_type: LineComment(
            "Negative index computed at runtime still wraps.",
        ),
        span: Span { .. },
    },
    Token {
        token_type: NewLine,
        span: Span { .. },
    },
    Token {
        token_type: Auto,
        span: Span { .. },
    },
    Token {
        token_type: Id(
            "i",
        ),
        span: Span { .. },
    },
    Token {
        token_type: Eq,
        span: Span { .. },
    },
    Token {
        token_type: Int(
            0,
        ),
        span: Span { .. },
    },
    Token {
        token_type: Minus,
        span: Span { .. },
    },
    Token {
        token_type: Int(
            2,
        ),
        span: Span { .. },
    },
    Token {
        token_type: NewLine,
        span: Span { .. },
    },
    Token {
        token_type: Id(
            "print",
        ),
        span: Span { .. },
    },
    Token {
        token_type: OpenParen,
        span: Span { .. },
    },
    Token {
        token_type: Id(
            "nums",
        ),
        span: Span { .. },
    },
    Token {
        token_type: OpenBracket,
        span: Span { .. },
    },
    Token {
        token_type: Id(
            "i",
        ),
        span: Span { .. },
    },
    Token {
        token_type: CloseBracket,
        span: Span { .. },
    },
    Token {
        token_type: Dot,
        span: Span { .. },
    },
    Token {
        token_type: Id(
            "to_string",
        ),
        span: Span { .. },
    },
    Token {
        token_type: OpenParen,
        span: Span { .. },
    },
    Token {
        token_type: CloseParen,
        span: Span { .. },
    },
    Token {
        token_type: CloseParen,
        span: Span { .. },
    },
    Token {
        token_type: LineComment(
            "20",
        ),
        span: Span { .. },
    },
    Token {
        token_type: NewLine,
        span: Span { .. },
    },
    Token {
        token_type: NewLine,
        span: Span { .. },
    },
    Token {
        token_type: LineComment(
            "Works for other element types and when nested.",
        ),
        span: Span { .. },
    },
    Token {
        token_type: NewLine,
        span: Span { .. },
    },
    Token {
        token_type: Id(
            "list",
        ),
        span: Span { .. },
    },
    Token {
        token_type: Lt,
        span: Span { .. },
    },
    Token {
        token_type: Id(
            "string",
        ),
        span: Span { .. },
    },
    Token {
        token_type: Gt,
        span: Span { .. },
    },
    Token {
        token_type: Id(
            "words",
        ),
        span: Span { .. },
    },
    Token {
        token_type: Eq,
        span: Span { .. },
    },
    Token {
        token_type: OpenBracket,
        span: Span { .. },
    },
    Token {
        token_type: Str(
            "a",
        ),
        span: Span { .. },
    },
    Token {
        token_type: Comma,
        span: Span { .. },
    },
    Token {
        token_type: Str(
            "bb",
        ),
        span: Span { .. },
    },
    Token {
        token_type: Comma,
        span: Span { .. },
    },
    Token {
        token_type: Str(
            "ccc",
        ),
        span: Span { .. },
    },
    Token {
        token_type: CloseBracket,
        span: Span { .. },
    },
    Token {
        token_type: NewLine,
        span: Span { .. },
    },
    Token {
        token_type: Id(
            "print",
        ),
        span: Span { .. },
    },
    Token {
        token_type: OpenParen,
        span: Span { .. },
    },
    Token {
        token_type: Id(
            "words",
        ),
        span: Span { .. },
    },
    Token {
        token_type: OpenBracket,
        span: Span { .. },
    },
    Token {
        token_type: Int(
            -1,
        ),
        span: Span { .. },
    },
    Token {
        token_type: CloseBracket,
        span: Span { .. },
    },
    Token {
        token_type: CloseParen,
        span: Span { .. },
    },
    Token {
        token_type: LineComment(
            "ccc",
        ),
        span: Span { .. },
    },
    Token {
        token_type: NewLine,
        span: Span { .. },
    },
    Token {
        token_type: Auto,
        span: Span { .. },
    },
    Token {
        token_type: Id(
            "grid",
        ),
        span: Span { .. },
    },
    Token {
        token_type: Eq,
        span: Span { .. },
    },
    Token {
        token_type: OpenBracket,
        span: Span { .. },
    },
    Token {
        token_type: OpenBracket,
        span: Span { .. },
    },
    Token {
        token_type: Int(
            1,
        ),
        span: Span { .. },
    },
    Token {
        token_type: Comma,
        span: Span { .. },
    },
    Token {
        token_type: Int(
            2,
        ),
        span: Span { .. },
    },
    Token {
        token_type: CloseBracket,
        span: Span { .. },
    },
    Token {
        token_type: Comma,
        span: Span { .. },
    },
    Token {
        token_type: OpenBracket,
        span: Span { .. },
    },
    Token {
        token_type: Int(
            3,
        ),
        span: Span { .. },
    },
    Token {
        token_type: Comma,
        span: Span { .. },
    },
    Token {
        token_type: Int(
            4,
        ),
        span: Span { .. },
    },
    Token {
        token_type: CloseBracket,
        span: Span { .. },
    },
    Token {
        token_type: CloseBracket,
        span: Span { .. },
    },
    Token {
        token_type: NewLine,
        span: Span { .. },
    },
    Token {
        token_type: Id(
            "print",
        ),
        span: Span { .. },
    },
    Token {
        token_type: OpenParen,
        span: Span { .. },
    },
    Token {
        token_type: Id(
            "grid",
        ),
        span: Span { .. },
    },
    Token {
        token_type: OpenBracket,
        span: Span { .. },
    },
    Token {
        token_type: Int(
            -1,
        ),
        span: Span { .. },
    },
    Token {
        token_type: CloseBracket,
        span: Span { .. },
    },
    Token {
        token_type: OpenBracket,
        span: Span { .. },
    },
    Token {
        token_type: Int(
            -1,
        ),
        span: Span { .. },
    },
    Token {
        token_type: CloseBracket,
        span: Span { .. },
    },
    Token {
        token_type: Dot,
        span: Span { .. },
    },
    Token {
        token_type: Id(
            "to_string",
        ),
        span: Span { .. },
    },
    Token {
        token_type: OpenParen,
        span: Span { .. },
    },
    Token {
        token_type: CloseParen,
        span: Span { .. },
    },
    Token {
        token_type: CloseParen,
        span: Span { .. },
    },
    Token {
        token_type: LineComment(
            "4",
        ),
        span: Span { .. },
    },
    Token {
        token_type: NewLine,
        span: Span { .. },
    },
]
