---
source: mux-compiler/tests/parser_integration.rs
---
[
    Statement(
        StatementNode {
            kind: Import {
                module_path: "std",
                spec: Item {
                    item: "sql",
                    alias: None,
                },
            },
            span: Span,
        },
    ),
    Function(
        FunctionNode {
            name: "run_nested_transaction",
            type_params: [],
            params: [],
            return_type: TypeNode {
                kind: Named(
                    "result",
                    [
                        TypeNode {
                            kind: Primitive(
                                Int,
                            ),
                            span: Span,
                        },
                        TypeNode {
                            kind: Named(
                                "SqlError",
                                [],
                            ),
                            span: Span,
                        },
                    ],
                ),
                span: Span,
            },
            body: [
                StatementNode {
                    kind: AutoDecl(
                        "conn",
                        TypeNode {
                            kind: Auto,
                            span: Span,
                        },
                        ExpressionNode {
                            kind: Unary {
                                op: Use,
                                op_span: Span,
                                expr: ExpressionNode {
                                    kind: Call {
                                        func: ExpressionNode {
                                            kind: FieldAccess {
                                                expr: ExpressionNode {
                                                    kind: Identifier(
                                                        "sql",
                                                    ),
                                                    span: Span,
                                                },
                                                field: "sqlite_memory",
                                            },
                                            span: Span,
                                        },
                                        args: [],
                                    },
                                    span: Span,
                                },
                                postfix: false,
                            },
                            span: Span,
                        },
                    ),
                    span: Span,
                },
                StatementNode {
                    kind: Expression(
                        ExpressionNode {
                            kind: Unary {
                                op: Use,
                                op_span: Span,
                                expr: ExpressionNode {
                                    kind: Call {
                                        func: ExpressionNode {
                                            kind: FieldAccess {
                                                expr: ExpressionNode {
                                                    kind: Identifier(
                                                        "conn",
                                                    ),
                                                    span: Span,
                                                },
                                                field: "execute",
                                            },
                                            span: Span,
                                        },
                                        args: [
                                            ExpressionNode {
                                                kind: Literal(
                                                    String(
                                                        "CREATE TABLE items (value INTEGER)",
                                                    ),
                                                ),
                                                span: Span,
                                            },
                                        ],
                                    },
                                    span: Span,
                                },
                                postfix: false,
                            },
                            span: Span,
                        },
                    ),
                    span: Span,
                },
                StatementNode {
                    kind: AutoDecl(
                        "outer",
                        TypeNode {
                            kind: Auto,
                            span: Span,
                        },
                        ExpressionNode {
                            kind: Unary {
                                op: Use,
                                op_span: Span,
                                expr: ExpressionNode {
                                    kind: Call {
                                        func: ExpressionNode {
                                            kind: FieldAccess {
                                                expr: ExpressionNode {
                                                    kind: Identifier(
                                                        "conn",
                                                    ),
                                                    span: Span,
                                                },
                                                field: "begin_transaction",
                                            },
                                            span: Span,
                                        },
                                        args: [],
                                    },
                                    span: Span,
                                },
                                postfix: false,
                            },
                            span: Span,
                        },
                    ),
                    span: Span,
                },
                StatementNode {
                    kind: AutoDecl(
                        "child",
                        TypeNode {
                            kind: Auto,
                            span: Span,
                        },
                        ExpressionNode {
                            kind: Unary {
                                op: Use,
                                op_span: Span,
                                expr: ExpressionNode {
                                    kind: Call {
                                        func: ExpressionNode {
                                            kind: FieldAccess {
                                                expr: ExpressionNode {
                                                    kind: Identifier(
                                                        "outer",
                                                    ),
                                                    span: Span,
                                                },
                                                field: "begin_transaction",
                                            },
                                            span: Span,
                                        },
                                        args: [],
                                    },
                                    span: Span,
                                },
                                postfix: false,
                            },
                            span: Span,
                        },
                    ),
                    span: Span,
                },
                StatementNode {
                    kind: Expression(
                        ExpressionNode {
                            kind: Unary {
                                op: Use,
                                op_span: Span,
                                expr: ExpressionNode {
                                    kind: Call {
                                        func: ExpressionNode {
                                            kind: FieldAccess {
                                                expr: ExpressionNode {
                                                    kind: Identifier(
                                                        "child",
                                                    ),
                                                    span: Span,
                                                },
                                                field: "execute",
                                            },
                                            span: Span,
                                        },
                                        args: [
                                            ExpressionNode {
                                                kind: Literal(
                                                    String(
                                                        "INSERT INTO items VALUES (42)",
                                                    ),
                                                ),
                                                span: Span,
                                            },
                                        ],
                                    },
                                    span: Span,
                                },
                                postfix: false,
                            },
                            span: Span,
                        },
                    ),
                    span: Span,
                },
                StatementNode {
                    kind: Expression(
                        ExpressionNode {
                            kind: Unary {
                                op: Use,
                                op_span: Span,
                                expr: ExpressionNode {
                                    kind: Call {
                                        func: ExpressionNode {
                                            kind: FieldAccess {
                                                expr: ExpressionNode {
                                                    kind: Identifier(
                                                        "child",
                                                    ),
                                                    span: Span,
                                                },
                                                field: "commit",
                                            },
                                            span: Span,
                                        },
                                        args: [],
                                    },
                                    span: Span,
                                },
                                postfix: false,
                            },
                            span: Span,
                        },
                    ),
                    span: Span,
                },
                StatementNode {
                    kind: Expression(
                        ExpressionNode {
                            kind: Unary {
                                op: Use,
                                op_span: Span,
                                expr: ExpressionNode {
                                    kind: Call {
                                        func: ExpressionNode {
                                            kind: FieldAccess {
                                                expr: ExpressionNode {
                                                    kind: Identifier(
                                                        "outer",
                                                    ),
                                                    span: Span,
                                                },
                                                field: "rollback",
                                            },
                                            span: Span,
                                        },
                                        args: [],
                                    },
                                    span: Span,
                                },
                                postfix: false,
                            },
                            span: Span,
                        },
                    ),
                    span: Span,
                },
                StatementNode {
                    kind: AutoDecl(
                        "rows",
                        TypeNode {
                            kind: Auto,
                            span: Span,
                        },
                        ExpressionNode {
                            kind: Unary {
                                op: Use,
                                op_span: Span,
                                expr: ExpressionNode {
                                    kind: Call {
                                        func: ExpressionNode {
                                            kind: FieldAccess {
                                                expr: ExpressionNode {
                                                    kind: Identifier(
                                                        "conn",
                                                    ),
                                                    span: Span,
                                                },
                                                field: "query",
                                            },
                                            span: Span,
                                        },
                                        args: [
                                            ExpressionNode {
                                                kind: Literal(
                                                    String(
                                                        "SELECT value FROM items",
                                                    ),
                                                ),
                                                span: Span,
                                            },
                                        ],
                                    },
                                    span: Span,
                                },
                                postfix: false,
                            },
                            span: Span,
                        },
                    ),
                    span: Span,
                },
                StatementNode {
                    kind: AutoDecl(
                        "all_rows",
                        TypeNode {
                            kind: Auto,
                            span: Span,
                        },
                        ExpressionNode {
                            kind: Unary {
                                op: Use,
                                op_span: Span,
                                expr: ExpressionNode {
                                    kind: Call {
                                        func: ExpressionNode {
                                            kind: FieldAccess {
                                                expr: ExpressionNode {
                                                    kind: Identifier(
                                                        "rows",
                                                    ),
                                                    span: Span,
                                                },
                                                field: "rows",
                                            },
                                            span: Span,
                                        },
                                        args: [],
                                    },
                                    span: Span,
                                },
                                postfix: false,
                            },
                            span: Span,
                        },
                    ),
                    span: Span,
                },
                StatementNode {
                    kind: Expression(
                        ExpressionNode {
                            kind: Call {
                                func: ExpressionNode {
                                    kind: Identifier(
                                        "assert",
                                    ),
                                    span: Span,
                                },
                                args: [
                                    ExpressionNode {
                                        kind: Binary {
                                            left: ExpressionNode {
                                                kind: Call {
                                                    func: ExpressionNode {
                                                        kind: FieldAccess {
                                                            expr: ExpressionNode {
                                                                kind: Identifier(
                                                                    "all_rows",
                                                                ),
                                                                span: Span,
                                                            },
                                                            field: "size",
                                                        },
                                                        span: Span,
                                                    },
                                                    args: [],
                                                },
                                                span: Span,
                                            },
                                            op: Equal,
                                            op_span: Span,
                                            right: ExpressionNode {
                                                kind: Literal(
                                                    Integer(
                                                        0,
                                                    ),
                                                ),
                                                span: Span,
                                            },
                                        },
                                        span: Span,
                                    },
                                    ExpressionNode {
                                        kind: Literal(
                                            String(
                                                "nested query should return no rows",
                                            ),
                                        ),
                                        span: Span,
                                    },
                                ],
                            },
                            span: Span,
                        },
                    ),
                    span: Span,
                },
                StatementNode {
                    kind: Expression(
                        ExpressionNode {
                            kind: Call {
                                func: ExpressionNode {
                                    kind: FieldAccess {
                                        expr: ExpressionNode {
                                            kind: Identifier(
                                                "conn",
                                            ),
                                            span: Span,
                                        },
                                        field: "close",
                                    },
                                    span: Span,
                                },
                                args: [],
                            },
                            span: Span,
                        },
                    ),
                    span: Span,
                },
                StatementNode {
                    kind: Return(
                        Some(
                            ExpressionNode {
                                kind: Call {
                                    func: ExpressionNode {
                                        kind: Identifier(
                                            "ok",
                                        ),
                                        span: Span,
                                    },
                                    args: [
                                        ExpressionNode {
                                            kind: Literal(
                                                Integer(
                                                    0,
                                                ),
                                            ),
                                            span: Span,
                                        },
                                    ],
                                },
                                span: Span,
                            },
                        ),
                    ),
                    span: Span,
                },
            ],
            span: Span,
            is_common: false,
            where_clause: None,
        },
    ),
    Function(
        FunctionNode {
            name: "main",
            type_params: [],
            params: [],
            return_type: TypeNode {
                kind: Primitive(
                    Void,
                ),
                span: Span,
            },
            body: [
                StatementNode {
                    kind: AutoDecl(
                        "result",
                        TypeNode {
                            kind: Auto,
                            span: Span,
                        },
                        ExpressionNode {
                            kind: Call {
                                func: ExpressionNode {
                                    kind: Identifier(
                                        "run_nested_transaction",
                                    ),
                                    span: Span,
                                },
                                args: [],
                            },
                            span: Span,
                        },
                    ),
                    span: Span,
                },
                StatementNode {
                    kind: If {
                        cond: ExpressionNode {
                            kind: Call {
                                func: ExpressionNode {
                                    kind: FieldAccess {
                                        expr: ExpressionNode {
                                            kind: Identifier(
                                                "result",
                                            ),
                                            span: Span,
                                        },
                                        field: "is_err",
                                    },
                                    span: Span,
                                },
                                args: [],
                            },
                            span: Span,
                        },
                        then_block: [
                            StatementNode {
                                kind: Expression(
                                    ExpressionNode {
                                        kind: Call {
                                            func: ExpressionNode {
                                                kind: Identifier(
                                                    "print",
                                                ),
                                                span: Span,
                                            },
                                            args: [
                                                ExpressionNode {
                                                    kind: Call {
                                                        func: ExpressionNode {
                                                            kind: FieldAccess {
                                                                expr: ExpressionNode {
                                                                    kind: Call {
                                                                        func: ExpressionNode {
                                                                            kind: FieldAccess {
                                                                                expr: ExpressionNode {
                                                                                    kind: Identifier(
                                                                                        "result",
                                                                                    ),
                                                                                    span: Span,
                                                                                },
                                                                                field: "error",
                                                                            },
                                                                            span: Span,
                                                                        },
                                                                        args: [],
                                                                    },
                                                                    span: Span,
                                                                },
                                                                field: "message",
                                                            },
                                                            span: Span,
                                                        },
                                                        args: [],
                                                    },
                                                    span: Span,
                                                },
                                            ],
                                        },
                                        span: Span,
                                    },
                                ),
                                span: Span,
                            },
                            StatementNode {
                                kind: Return(
                                    None,
                                ),
                                span: Span,
                            },
                        ],
                        else_block: None,
                    },
                    span: Span,
                },
                StatementNode {
                    kind: Expression(
                        ExpressionNode {
                            kind: Call {
                                func: ExpressionNode {
                                    kind: Identifier(
                                        "print",
                                    ),
                                    span: Span,
                                },
                                args: [
                                    ExpressionNode {
                                        kind: Literal(
                                            String(
                                                "nested transaction rollback passed",
                                            ),
                                        ),
                                        span: Span,
                                    },
                                ],
                            },
                            span: Span,
                        },
                    ),
                    span: Span,
                },
                StatementNode {
                    kind: Return(
                        None,
                    ),
                    span: Span,
                },
            ],
            span: Span,
            is_common: false,
            where_clause: None,
        },
    ),
]
