---
source: mux-compiler/tests/parser_integration.rs
---
[
    Enum {
        name: "IntList",
        type_params: [],
        variants: [
            EnumVariant {
                name: "Nil",
                data: None,
                where_clause: None,
            },
            EnumVariant {
                name: "Cons",
                data: Some(
                    [
                        (
                            Some(
                                "head",
                            ),
                            TypeNode {
                                kind: Primitive(
                                    Int,
                                ),
                                span: Span,
                            },
                        ),
                        (
                            Some(
                                "tail",
                            ),
                            TypeNode {
                                kind: Named(
                                    "IntList",
                                    [],
                                ),
                                span: Span,
                            },
                        ),
                    ],
                ),
                where_clause: None,
            },
        ],
        span: Span,
    },
    Function(
        FunctionNode {
            name: "sum",
            type_params: [],
            params: [
                Param {
                    name: "l",
                    type_: TypeNode {
                        kind: Named(
                            "IntList",
                            [],
                        ),
                        span: Span,
                    },
                    default_value: None,
                },
            ],
            return_type: TypeNode {
                kind: Primitive(
                    Int,
                ),
                span: Span,
            },
            body: [
                StatementNode {
                    kind: Match {
                        expr: ExpressionNode {
                            kind: Identifier(
                                "l",
                            ),
                            span: Span,
                        },
                        arms: [
                            MatchArm {
                                pattern: Identifier(
                                    "Nil",
                                ),
                                guard: None,
                                body: [
                                    StatementNode {
                                        kind: Return(
                                            Some(
                                                ExpressionNode {
                                                    kind: Literal(
                                                        Integer(
                                                            0,
                                                        ),
                                                    ),
                                                    span: Span,
                                                },
                                            ),
                                        ),
                                        span: Span,
                                    },
                                ],
                            },
                            MatchArm {
                                pattern: EnumVariant {
                                    name: "Cons",
                                    args: [
                                        Identifier(
                                            "head",
                                        ),
                                        Identifier(
                                            "tail",
                                        ),
                                    ],
                                },
                                guard: None,
                                body: [
                                    StatementNode {
                                        kind: Return(
                                            Some(
                                                ExpressionNode {
                                                    kind: Binary {
                                                        left: ExpressionNode {
                                                            kind: Identifier(
                                                                "head",
                                                            ),
                                                            span: Span,
                                                        },
                                                        op: Add,
                                                        op_span: Span,
                                                        right: ExpressionNode {
                                                            kind: Call {
                                                                func: ExpressionNode {
                                                                    kind: Identifier(
                                                                        "sum",
                                                                    ),
                                                                    span: Span,
                                                                },
                                                                args: [
                                                                    ExpressionNode {
                                                                        kind: Identifier(
                                                                            "tail",
                                                                        ),
                                                                        span: Span,
                                                                    },
                                                                ],
                                                            },
                                                            span: Span,
                                                        },
                                                    },
                                                    span: Span,
                                                },
                                            ),
                                        ),
                                        span: Span,
                                    },
                                ],
                            },
                        ],
                    },
                    span: Span,
                },
            ],
            span: Span,
            is_common: false,
            where_clause: None,
        },
    ),
    Function(
        FunctionNode {
            name: "main",
            type_params: [],
            params: [],
            return_type: TypeNode {
                kind: Primitive(
                    Void,
                ),
                span: Span,
            },
            body: [
                StatementNode {
                    kind: AutoDecl(
                        "xs",
                        TypeNode {
                            kind: Auto,
                            span: Span,
                        },
                        ExpressionNode {
                            kind: Call {
                                func: ExpressionNode {
                                    kind: FieldAccess {
                                        expr: ExpressionNode {
                                            kind: Identifier(
                                                "IntList",
                                            ),
                                            span: Span,
                                        },
                                        field: "Cons",
                                    },
                                    span: Span,
                                },
                                args: [
                                    ExpressionNode {
                                        kind: Literal(
                                            Integer(
                                                1,
                                            ),
                                        ),
                                        span: Span,
                                    },
                                    ExpressionNode {
                                        kind: Call {
                                            func: ExpressionNode {
                                                kind: FieldAccess {
                                                    expr: ExpressionNode {
                                                        kind: Identifier(
                                                            "IntList",
                                                        ),
                                                        span: Span,
                                                    },
                                                    field: "Cons",
                                                },
                                                span: Span,
                                            },
                                            args: [
                                                ExpressionNode {
                                                    kind: Literal(
                                                        Integer(
                                                            2,
                                                        ),
                                                    ),
                                                    span: Span,
                                                },
                                                ExpressionNode {
                                                    kind: Call {
                                                        func: ExpressionNode {
                                                            kind: FieldAccess {
                                                                expr: ExpressionNode {
                                                                    kind: Identifier(
                                                                        "IntList",
                                                                    ),
                                                                    span: Span,
                                                                },
                                                                field: "Cons",
                                                            },
                                                            span: Span,
                                                        },
                                                        args: [
                                                            ExpressionNode {
                                                                kind: Literal(
                                                                    Integer(
                                                                        3,
                                                                    ),
                                                                ),
                                                                span: Span,
                                                            },
                                                            ExpressionNode {
                                                                kind: FieldAccess {
                                                                    expr: ExpressionNode {
                                                                        kind: Identifier(
                                                                            "IntList",
                                                                        ),
                                                                        span: Span,
                                                                    },
                                                                    field: "Nil",
                                                                },
                                                                span: Span,
                                                            },
                                                        ],
                                                    },
                                                    span: Span,
                                                },
                                            ],
                                        },
                                        span: Span,
                                    },
                                ],
                            },
                            span: Span,
                        },
                    ),
                    span: Span,
                },
                StatementNode {
                    kind: Expression(
                        ExpressionNode {
                            kind: Call {
                                func: ExpressionNode {
                                    kind: Identifier(
                                        "print",
                                    ),
                                    span: Span,
                                },
                                args: [
                                    ExpressionNode {
                                        kind: Binary {
                                            left: ExpressionNode {
                                                kind: Literal(
                                                    String(
                                                        "sum: ",
                                                    ),
                                                ),
                                                span: Span,
                                            },
                                            op: Add,
                                            op_span: Span,
                                            right: ExpressionNode {
                                                kind: Call {
                                                    func: ExpressionNode {
                                                        kind: FieldAccess {
                                                            expr: ExpressionNode {
                                                                kind: Call {
                                                                    func: ExpressionNode {
                                                                        kind: Identifier(
                                                                            "sum",
                                                                        ),
                                                                        span: Span,
                                                                    },
                                                                    args: [
                                                                        ExpressionNode {
                                                                            kind: Identifier(
                                                                                "xs",
                                                                            ),
                                                                            span: Span,
                                                                        },
                                                                    ],
                                                                },
                                                                span: Span,
                                                            },
                                                            field: "to_string",
                                                        },
                                                        span: Span,
                                                    },
                                                    args: [],
                                                },
                                                span: Span,
                                            },
                                        },
                                        span: Span,
                                    },
                                ],
                            },
                            span: Span,
                        },
                    ),
                    span: Span,
                },
                StatementNode {
                    kind: AutoDecl(
                        "ys",
                        TypeNode {
                            kind: Auto,
                            span: Span,
                        },
                        ExpressionNode {
                            kind: Identifier(
                                "xs",
                            ),
                            span: Span,
                        },
                    ),
                    span: Span,
                },
                StatementNode {
                    kind: Expression(
                        ExpressionNode {
                            kind: Call {
                                func: ExpressionNode {
                                    kind: Identifier(
                                        "print",
                                    ),
                                    span: Span,
                                },
                                args: [
                                    ExpressionNode {
                                        kind: Binary {
                                            left: ExpressionNode {
                                                kind: Literal(
                                                    String(
                                                        "copy: ",
                                                    ),
                                                ),
                                                span: Span,
                                            },
                                            op: Add,
                                            op_span: Span,
                                            right: ExpressionNode {
                                                kind: Call {
                                                    func: ExpressionNode {
                                                        kind: FieldAccess {
                                                            expr: ExpressionNode {
                                                                kind: Call {
                                                                    func: ExpressionNode {
                                                                        kind: Identifier(
                                                                            "sum",
                                                                        ),
                                                                        span: Span,
                                                                    },
                                                                    args: [
                                                                        ExpressionNode {
                                                                            kind: Identifier(
                                                                                "ys",
                                                                            ),
                                                                            span: Span,
                                                                        },
                                                                    ],
                                                                },
                                                                span: Span,
                                                            },
                                                            field: "to_string",
                                                        },
                                                        span: Span,
                                                    },
                                                    args: [],
                                                },
                                                span: Span,
                                            },
                                        },
                                        span: Span,
                                    },
                                ],
                            },
                            span: Span,
                        },
                    ),
                    span: Span,
                },
                StatementNode {
                    kind: Expression(
                        ExpressionNode {
                            kind: Binary {
                                left: ExpressionNode {
                                    kind: Identifier(
                                        "xs",
                                    ),
                                    span: Span,
                                },
                                op: Assign,
                                op_span: Span,
                                right: ExpressionNode {
                                    kind: Call {
                                        func: ExpressionNode {
                                            kind: FieldAccess {
                                                expr: ExpressionNode {
                                                    kind: Identifier(
                                                        "IntList",
                                                    ),
                                                    span: Span,
                                                },
                                                field: "Cons",
                                            },
                                            span: Span,
                                        },
                                        args: [
                                            ExpressionNode {
                                                kind: Literal(
                                                    Integer(
                                                        10,
                                                    ),
                                                ),
                                                span: Span,
                                            },
                                            ExpressionNode {
                                                kind: FieldAccess {
                                                    expr: ExpressionNode {
                                                        kind: Identifier(
                                                            "IntList",
                                                        ),
                                                        span: Span,
                                                    },
                                                    field: "Nil",
                                                },
                                                span: Span,
                                            },
                                        ],
                                    },
                                    span: Span,
                                },
                            },
                            span: Span,
                        },
                    ),
                    span: Span,
                },
                StatementNode {
                    kind: Expression(
                        ExpressionNode {
                            kind: Call {
                                func: ExpressionNode {
                                    kind: Identifier(
                                        "print",
                                    ),
                                    span: Span,
                                },
                                args: [
                                    ExpressionNode {
                                        kind: Binary {
                                            left: ExpressionNode {
                                                kind: Literal(
                                                    String(
                                                        "rebound: ",
                                                    ),
                                                ),
                                                span: Span,
                                            },
                                            op: Add,
                                            op_span: Span,
                                            right: ExpressionNode {
                                                kind: Call {
                                                    func: ExpressionNode {
                                                        kind: FieldAccess {
                                                            expr: ExpressionNode {
                                                                kind: Call {
                                                                    func: ExpressionNode {
                                                                        kind: Identifier(
                                                                            "sum",
                                                                        ),
                                                                        span: Span,
                                                                    },
                                                                    args: [
                                                                        ExpressionNode {
                                                                            kind: Identifier(
                                                                                "xs",
                                                                            ),
                                                                            span: Span,
                                                                        },
                                                                    ],
                                                                },
                                                                span: Span,
                                                            },
                                                            field: "to_string",
                                                        },
                                                        span: Span,
                                                    },
                                                    args: [],
                                                },
                                                span: Span,
                                            },
                                        },
                                        span: Span,
                                    },
                                ],
                            },
                            span: Span,
                        },
                    ),
                    span: Span,
                },
                StatementNode {
                    kind: Return(
                        None,
                    ),
                    span: Span,
                },
            ],
            span: Span,
            is_common: false,
            where_clause: None,
        },
    ),
]
