---
source: mux-compiler/tests/parser_integration.rs
---
[
    Function(
        FunctionNode {
            name: "add",
            type_params: [],
            params: [
                Param {
                    name: "a",
                    type_: TypeNode {
                        kind: Primitive(
                            Int,
                        ),
                        span: Span,
                    },
                    default_value: None,
                },
                Param {
                    name: "b",
                    type_: TypeNode {
                        kind: Primitive(
                            Int,
                        ),
                        span: Span,
                    },
                    default_value: None,
                },
            ],
            return_type: TypeNode {
                kind: Primitive(
                    Int,
                ),
                span: Span,
            },
            body: [
                StatementNode {
                    kind: Return(
                        Some(
                            ExpressionNode {
                                kind: Binary {
                                    left: ExpressionNode {
                                        kind: Identifier(
                                            "a",
                                        ),
                                        span: Span,
                                    },
                                    op: Add,
                                    op_span: Span,
                                    right: ExpressionNode {
                                        kind: Identifier(
                                            "b",
                                        ),
                                        span: Span,
                                    },
                                },
                                span: Span,
                            },
                        ),
                    ),
                    span: Span,
                },
            ],
            span: Span,
            is_common: false,
            where_clause: None,
        },
    ),
    Function(
        FunctionNode {
            name: "greet",
            type_params: [],
            params: [
                Param {
                    name: "name",
                    type_: TypeNode {
                        kind: Primitive(
                            Str,
                        ),
                        span: Span,
                    },
                    default_value: None,
                },
                Param {
                    name: "times",
                    type_: TypeNode {
                        kind: Primitive(
                            Int,
                        ),
                        span: Span,
                    },
                    default_value: Some(
                        ExpressionNode {
                            kind: Literal(
                                Integer(
                                    1,
                                ),
                            ),
                            span: Span,
                        },
                    ),
                },
            ],
            return_type: TypeNode {
                kind: Primitive(
                    Void,
                ),
                span: Span,
            },
            body: [
                StatementNode {
                    kind: For {
                        var: "i",
                        var_type: TypeNode {
                            kind: Primitive(
                                Int,
                            ),
                            span: Span,
                        },
                        iter: ExpressionNode {
                            kind: Call {
                                func: ExpressionNode {
                                    kind: Identifier(
                                        "range",
                                    ),
                                    span: Span,
                                },
                                args: [
                                    ExpressionNode {
                                        kind: Literal(
                                            Integer(
                                                0,
                                            ),
                                        ),
                                        span: Span,
                                    },
                                    ExpressionNode {
                                        kind: Identifier(
                                            "times",
                                        ),
                                        span: Span,
                                    },
                                ],
                            },
                            span: Span,
                        },
                        body: [
                            StatementNode {
                                kind: Expression(
                                    ExpressionNode {
                                        kind: Call {
                                            func: ExpressionNode {
                                                kind: Identifier(
                                                    "print",
                                                ),
                                                span: Span,
                                            },
                                            args: [
                                                ExpressionNode {
                                                    kind: Binary {
                                                        left: ExpressionNode {
                                                            kind: Literal(
                                                                String(
                                                                    "Hello ",
                                                                ),
                                                            ),
                                                            span: Span,
                                                        },
                                                        op: Add,
                                                        op_span: Span,
                                                        right: ExpressionNode {
                                                            kind: Identifier(
                                                                "name",
                                                            ),
                                                            span: Span,
                                                        },
                                                    },
                                                    span: Span,
                                                },
                                            ],
                                        },
                                        span: Span,
                                    },
                                ),
                                span: Span,
                            },
                        ],
                    },
                    span: Span,
                },
                StatementNode {
                    kind: Return(
                        None,
                    ),
                    span: Span,
                },
            ],
            span: Span,
            is_common: false,
            where_clause: None,
        },
    ),
    Function(
        FunctionNode {
            name: "say_hello",
            type_params: [],
            params: [
                Param {
                    name: "name",
                    type_: TypeNode {
                        kind: Primitive(
                            Str,
                        ),
                        span: Span,
                    },
                    default_value: Some(
                        ExpressionNode {
                            kind: Literal(
                                String(
                                    "world",
                                ),
                            ),
                            span: Span,
                        },
                    ),
                },
            ],
            return_type: TypeNode {
                kind: Primitive(
                    Void,
                ),
                span: Span,
            },
            body: [
                StatementNode {
                    kind: Expression(
                        ExpressionNode {
                            kind: Call {
                                func: ExpressionNode {
                                    kind: Identifier(
                                        "print",
                                    ),
                                    span: Span,
                                },
                                args: [
                                    ExpressionNode {
                                        kind: Binary {
                                            left: ExpressionNode {
                                                kind: Literal(
                                                    String(
                                                        "Hello ",
                                                    ),
                                                ),
                                                span: Span,
                                            },
                                            op: Add,
                                            op_span: Span,
                                            right: ExpressionNode {
                                                kind: Identifier(
                                                    "name",
                                                ),
                                                span: Span,
                                            },
                                        },
                                        span: Span,
                                    },
                                ],
                            },
                            span: Span,
                        },
                    ),
                    span: Span,
                },
                StatementNode {
                    kind: Return(
                        None,
                    ),
                    span: Span,
                },
            ],
            span: Span,
            is_common: false,
            where_clause: None,
        },
    ),
    Function(
        FunctionNode {
            name: "create_message",
            type_params: [],
            params: [
                Param {
                    name: "greeting",
                    type_: TypeNode {
                        kind: Primitive(
                            Str,
                        ),
                        span: Span,
                    },
                    default_value: None,
                },
                Param {
                    name: "name",
                    type_: TypeNode {
                        kind: Primitive(
                            Str,
                        ),
                        span: Span,
                    },
                    default_value: Some(
                        ExpressionNode {
                            kind: Literal(
                                String(
                                    "friend",
                                ),
                            ),
                            span: Span,
                        },
                    ),
                },
                Param {
                    name: "punctuation",
                    type_: TypeNode {
                        kind: Primitive(
                            Str,
                        ),
                        span: Span,
                    },
                    default_value: Some(
                        ExpressionNode {
                            kind: Literal(
                                String(
                                    "!",
                                ),
                            ),
                            span: Span,
                        },
                    ),
                },
            ],
            return_type: TypeNode {
                kind: Primitive(
                    Str,
                ),
                span: Span,
            },
            body: [
                StatementNode {
                    kind: Return(
                        Some(
                            ExpressionNode {
                                kind: Binary {
                                    left: ExpressionNode {
                                        kind: Binary {
                                            left: ExpressionNode {
                                                kind: Binary {
                                                    left: ExpressionNode {
                                                        kind: Identifier(
                                                            "greeting",
                                                        ),
                                                        span: Span,
                                                    },
                                                    op: Add,
                                                    op_span: Span,
                                                    right: ExpressionNode {
                                                        kind: Literal(
                                                            String(
                                                                " ",
                                                            ),
                                                        ),
                                                        span: Span,
                                                    },
                                                },
                                                span: Span,
                                            },
                                            op: Add,
                                            op_span: Span,
                                            right: ExpressionNode {
                                                kind: Identifier(
                                                    "name",
                                                ),
                                                span: Span,
                                            },
                                        },
                                        span: Span,
                                    },
                                    op: Add,
                                    op_span: Span,
                                    right: ExpressionNode {
                                        kind: Identifier(
                                            "punctuation",
                                        ),
                                        span: Span,
                                    },
                                },
                                span: Span,
                            },
                        ),
                    ),
                    span: Span,
                },
            ],
            span: Span,
            is_common: false,
            where_clause: None,
        },
    ),
    Function(
        FunctionNode {
            name: "calculate",
            type_params: [],
            params: [
                Param {
                    name: "a",
                    type_: TypeNode {
                        kind: Primitive(
                            Int,
                        ),
                        span: Span,
                    },
                    default_value: None,
                },
                Param {
                    name: "b",
                    type_: TypeNode {
                        kind: Primitive(
                            Int,
                        ),
                        span: Span,
                    },
                    default_value: Some(
                        ExpressionNode {
                            kind: Literal(
                                Integer(
                                    10,
                                ),
                            ),
                            span: Span,
                        },
                    ),
                },
                Param {
                    name: "c",
                    type_: TypeNode {
                        kind: Primitive(
                            Int,
                        ),
                        span: Span,
                    },
                    default_value: Some(
                        ExpressionNode {
                            kind: Literal(
                                Integer(
                                    100,
                                ),
                            ),
                            span: Span,
                        },
                    ),
                },
            ],
            return_type: TypeNode {
                kind: Primitive(
                    Int,
                ),
                span: Span,
            },
            body: [
                StatementNode {
                    kind: Return(
                        Some(
                            ExpressionNode {
                                kind: Binary {
                                    left: ExpressionNode {
                                        kind: Binary {
                                            left: ExpressionNode {
                                                kind: Identifier(
                                                    "a",
                                                ),
                                                span: Span,
                                            },
                                            op: Add,
                                            op_span: Span,
                                            right: ExpressionNode {
                                                kind: Identifier(
                                                    "b",
                                                ),
                                                span: Span,
                                            },
                                        },
                                        span: Span,
                                    },
                                    op: Add,
                                    op_span: Span,
                                    right: ExpressionNode {
                                        kind: Identifier(
                                            "c",
                                        ),
                                        span: Span,
                                    },
                                },
                                span: Span,
                            },
                        ),
                    ),
                    span: Span,
                },
            ],
            span: Span,
            is_common: false,
            where_clause: None,
        },
    ),
    Statement(
        StatementNode {
            kind: AutoDecl(
                "square",
                TypeNode {
                    kind: Auto,
                    span: Span,
                },
                ExpressionNode {
                    kind: Lambda {
                        params: [
                            Param {
                                name: "n",
                                type_: TypeNode {
                                    kind: Primitive(
                                        Int,
                                    ),
                                    span: Span,
                                },
                                default_value: None,
                            },
                        ],
                        return_type: TypeNode {
                            kind: Primitive(
                                Int,
                            ),
                            span: Span,
                        },
                        body: [
                            StatementNode {
                                kind: Return(
                                    Some(
                                        ExpressionNode {
                                            kind: Binary {
                                                left: ExpressionNode {
                                                    kind: Identifier(
                                                        "n",
                                                    ),
                                                    span: Span,
                                                },
                                                op: Multiply,
                                                op_span: Span,
                                                right: ExpressionNode {
                                                    kind: Identifier(
                                                        "n",
                                                    ),
                                                    span: Span,
                                                },
                                            },
                                            span: Span,
                                        },
                                    ),
                                ),
                                span: Span,
                            },
                        ],
                        where_clause: None,
                    },
                    span: Span,
                },
            ),
            span: Span,
        },
    ),
    Statement(
        StatementNode {
            kind: AutoDecl(
                "doubled",
                TypeNode {
                    kind: Auto,
                    span: Span,
                },
                ExpressionNode {
                    kind: Lambda {
                        params: [
                            Param {
                                name: "x",
                                type_: TypeNode {
                                    kind: Primitive(
                                        Float,
                                    ),
                                    span: Span,
                                },
                                default_value: None,
                            },
                        ],
                        return_type: TypeNode {
                            kind: Primitive(
                                Float,
                            ),
                            span: Span,
                        },
                        body: [
                            StatementNode {
                                kind: Return(
                                    Some(
                                        ExpressionNode {
                                            kind: Binary {
                                                left: ExpressionNode {
                                                    kind: Identifier(
                                                        "x",
                                                    ),
                                                    span: Span,
                                                },
                                                op: Multiply,
                                                op_span: Span,
                                                right: ExpressionNode {
                                                    kind: Literal(
                                                        Float(
                                                            2.0,
                                                        ),
                                                    ),
                                                    span: Span,
                                                },
                                            },
                                            span: Span,
                                        },
                                    ),
                                ),
                                span: Span,
                            },
                        ],
                        where_clause: None,
                    },
                    span: Span,
                },
            ),
            span: Span,
        },
    ),
    Statement(
        StatementNode {
            kind: Expression(
                ExpressionNode {
                    kind: Call {
                        func: ExpressionNode {
                            kind: Identifier(
                                "print",
                            ),
                            span: Span,
                        },
                        args: [
                            ExpressionNode {
                                kind: Binary {
                                    left: ExpressionNode {
                                        kind: Literal(
                                            String(
                                                "add(3,4): ",
                                            ),
                                        ),
                                        span: Span,
                                    },
                                    op: Add,
                                    op_span: Span,
                                    right: ExpressionNode {
                                        kind: Call {
                                            func: ExpressionNode {
                                                kind: FieldAccess {
                                                    expr: ExpressionNode {
                                                        kind: Call {
                                                            func: ExpressionNode {
                                                                kind: Identifier(
                                                                    "add",
                                                                ),
                                                                span: Span,
                                                            },
                                                            args: [
                                                                ExpressionNode {
                                                                    kind: Literal(
                                                                        Integer(
                                                                            3,
                                                                        ),
                                                                    ),
                                                                    span: Span,
                                                                },
                                                                ExpressionNode {
                                                                    kind: Literal(
                                                                        Integer(
                                                                            4,
                                                                        ),
                                                                    ),
                                                                    span: Span,
                                                                },
                                                            ],
                                                        },
                                                        span: Span,
                                                    },
                                                    field: "to_string",
                                                },
                                                span: Span,
                                            },
                                            args: [],
                                        },
                                        span: Span,
                                    },
                                },
                                span: Span,
                            },
                        ],
                    },
                    span: Span,
                },
            ),
            span: Span,
        },
    ),
    Statement(
        StatementNode {
            kind: Expression(
                ExpressionNode {
                    kind: Call {
                        func: ExpressionNode {
                            kind: Identifier(
                                "greet",
                            ),
                            span: Span,
                        },
                        args: [
                            ExpressionNode {
                                kind: Literal(
                                    String(
                                        "World",
                                    ),
                                ),
                                span: Span,
                            },
                            ExpressionNode {
                                kind: Literal(
                                    Integer(
                                        2,
                                    ),
                                ),
                                span: Span,
                            },
                        ],
                    },
                    span: Span,
                },
            ),
            span: Span,
        },
    ),
    Statement(
        StatementNode {
            kind: Expression(
                ExpressionNode {
                    kind: Call {
                        func: ExpressionNode {
                            kind: Identifier(
                                "greet",
                            ),
                            span: Span,
                        },
                        args: [
                            ExpressionNode {
                                kind: Literal(
                                    String(
                                        "Alice",
                                    ),
                                ),
                                span: Span,
                            },
                        ],
                    },
                    span: Span,
                },
            ),
            span: Span,
        },
    ),
    Statement(
        StatementNode {
            kind: Expression(
                ExpressionNode {
                    kind: Call {
                        func: ExpressionNode {
                            kind: Identifier(
                                "say_hello",
                            ),
                            span: Span,
                        },
                        args: [],
                    },
                    span: Span,
                },
            ),
            span: Span,
        },
    ),
    Statement(
        StatementNode {
            kind: Expression(
                ExpressionNode {
                    kind: Call {
                        func: ExpressionNode {
                            kind: Identifier(
                                "say_hello",
                            ),
                            span: Span,
                        },
                        args: [
                            ExpressionNode {
                                kind: Literal(
                                    String(
                                        "Mux",
                                    ),
                                ),
                                span: Span,
                            },
                        ],
                    },
                    span: Span,
                },
            ),
            span: Span,
        },
    ),
    Statement(
        StatementNode {
            kind: Expression(
                ExpressionNode {
                    kind: Call {
                        func: ExpressionNode {
                            kind: Identifier(
                                "print",
                            ),
                            span: Span,
                        },
                        args: [
                            ExpressionNode {
                                kind: Call {
                                    func: ExpressionNode {
                                        kind: Identifier(
                                            "create_message",
                                        ),
                                        span: Span,
                                    },
                                    args: [
                                        ExpressionNode {
                                            kind: Literal(
                                                String(
                                                    "Hi",
                                                ),
                                            ),
                                            span: Span,
                                        },
                                    ],
                                },
                                span: Span,
                            },
                        ],
                    },
                    span: Span,
                },
            ),
            span: Span,
        },
    ),
    Statement(
        StatementNode {
            kind: Expression(
                ExpressionNode {
                    kind: Call {
                        func: ExpressionNode {
                            kind: Identifier(
                                "print",
                            ),
                            span: Span,
                        },
                        args: [
                            ExpressionNode {
                                kind: Call {
                                    func: ExpressionNode {
                                        kind: Identifier(
                                            "create_message",
                                        ),
                                        span: Span,
                                    },
                                    args: [
                                        ExpressionNode {
                                            kind: Literal(
                                                String(
                                                    "Hello",
                                                ),
                                            ),
                                            span: Span,
                                        },
                                        ExpressionNode {
                                            kind: Literal(
                                                String(
                                                    "Bob",
                                                ),
                                            ),
                                            span: Span,
                                        },
                                    ],
                                },
                                span: Span,
                            },
                        ],
                    },
                    span: Span,
                },
            ),
            span: Span,
        },
    ),
    Statement(
        StatementNode {
            kind: Expression(
                ExpressionNode {
                    kind: Call {
                        func: ExpressionNode {
                            kind: Identifier(
                                "print",
                            ),
                            span: Span,
                        },
                        args: [
                            ExpressionNode {
                                kind: Call {
                                    func: ExpressionNode {
                                        kind: Identifier(
                                            "create_message",
                                        ),
                                        span: Span,
                                    },
                                    args: [
                                        ExpressionNode {
                                            kind: Literal(
                                                String(
                                                    "Hey",
                                                ),
                                            ),
                                            span: Span,
                                        },
                                        ExpressionNode {
                                            kind: Literal(
                                                String(
                                                    "Charlie",
                                                ),
                                            ),
                                            span: Span,
                                        },
                                        ExpressionNode {
                                            kind: Literal(
                                                String(
                                                    "?",
                                                ),
                                            ),
                                            span: Span,
                                        },
                                    ],
                                },
                                span: Span,
                            },
                        ],
                    },
                    span: Span,
                },
            ),
            span: Span,
        },
    ),
    Statement(
        StatementNode {
            kind: AutoDecl(
                "result1",
                TypeNode {
                    kind: Auto,
                    span: Span,
                },
                ExpressionNode {
                    kind: Call {
                        func: ExpressionNode {
                            kind: Identifier(
                                "calculate",
                            ),
                            span: Span,
                        },
                        args: [
                            ExpressionNode {
                                kind: Literal(
                                    Integer(
                                        1,
                                    ),
                                ),
                                span: Span,
                            },
                        ],
                    },
                    span: Span,
                },
            ),
            span: Span,
        },
    ),
    Statement(
        StatementNode {
            kind: AutoDecl(
                "result2",
                TypeNode {
                    kind: Auto,
                    span: Span,
                },
                ExpressionNode {
                    kind: Call {
                        func: ExpressionNode {
                            kind: Identifier(
                                "calculate",
                            ),
                            span: Span,
                        },
                        args: [
                            ExpressionNode {
                                kind: Literal(
                                    Integer(
                                        1,
                                    ),
                                ),
                                span: Span,
                            },
                            ExpressionNode {
                                kind: Literal(
                                    Integer(
                                        5,
                                    ),
                                ),
                                span: Span,
                            },
                        ],
                    },
                    span: Span,
                },
            ),
            span: Span,
        },
    ),
    Statement(
        StatementNode {
            kind: AutoDecl(
                "result3",
                TypeNode {
                    kind: Auto,
                    span: Span,
                },
                ExpressionNode {
                    kind: Call {
                        func: ExpressionNode {
                            kind: Identifier(
                                "calculate",
                            ),
                            span: Span,
                        },
                        args: [
                            ExpressionNode {
                                kind: Literal(
                                    Integer(
                                        1,
                                    ),
                                ),
                                span: Span,
                            },
                            ExpressionNode {
                                kind: Literal(
                                    Integer(
                                        5,
                                    ),
                                ),
                                span: Span,
                            },
                            ExpressionNode {
                                kind: Literal(
                                    Integer(
                                        50,
                                    ),
                                ),
                                span: Span,
                            },
                        ],
                    },
                    span: Span,
                },
            ),
            span: Span,
        },
    ),
    Statement(
        StatementNode {
            kind: Expression(
                ExpressionNode {
                    kind: Call {
                        func: ExpressionNode {
                            kind: Identifier(
                                "print",
                            ),
                            span: Span,
                        },
                        args: [
                            ExpressionNode {
                                kind: Binary {
                                    left: ExpressionNode {
                                        kind: Literal(
                                            String(
                                                "calculate(1): ",
                                            ),
                                        ),
                                        span: Span,
                                    },
                                    op: Add,
                                    op_span: Span,
                                    right: ExpressionNode {
                                        kind: Call {
                                            func: ExpressionNode {
                                                kind: FieldAccess {
                                                    expr: ExpressionNode {
                                                        kind: Identifier(
                                                            "result1",
                                                        ),
                                                        span: Span,
                                                    },
                                                    field: "to_string",
                                                },
                                                span: Span,
                                            },
                                            args: [],
                                        },
                                        span: Span,
                                    },
                                },
                                span: Span,
                            },
                        ],
                    },
                    span: Span,
                },
            ),
            span: Span,
        },
    ),
    Statement(
        StatementNode {
            kind: Expression(
                ExpressionNode {
                    kind: Call {
                        func: ExpressionNode {
                            kind: Identifier(
                                "print",
                            ),
                            span: Span,
                        },
                        args: [
                            ExpressionNode {
                                kind: Binary {
                                    left: ExpressionNode {
                                        kind: Literal(
                                            String(
                                                "calculate(1, 5): ",
                                            ),
                                        ),
                                        span: Span,
                                    },
                                    op: Add,
                                    op_span: Span,
                                    right: ExpressionNode {
                                        kind: Call {
                                            func: ExpressionNode {
                                                kind: FieldAccess {
                                                    expr: ExpressionNode {
                                                        kind: Identifier(
                                                            "result2",
                                                        ),
                                                        span: Span,
                                                    },
                                                    field: "to_string",
                                                },
                                                span: Span,
                                            },
                                            args: [],
                                        },
                                        span: Span,
                                    },
                                },
                                span: Span,
                            },
                        ],
                    },
                    span: Span,
                },
            ),
            span: Span,
        },
    ),
    Statement(
        StatementNode {
            kind: Expression(
                ExpressionNode {
                    kind: Call {
                        func: ExpressionNode {
                            kind: Identifier(
                                "print",
                            ),
                            span: Span,
                        },
                        args: [
                            ExpressionNode {
                                kind: Binary {
                                    left: ExpressionNode {
                                        kind: Literal(
                                            String(
                                                "calculate(1, 5, 50): ",
                                            ),
                                        ),
                                        span: Span,
                                    },
                                    op: Add,
                                    op_span: Span,
                                    right: ExpressionNode {
                                        kind: Call {
                                            func: ExpressionNode {
                                                kind: FieldAccess {
                                                    expr: ExpressionNode {
                                                        kind: Identifier(
                                                            "result3",
                                                        ),
                                                        span: Span,
                                                    },
                                                    field: "to_string",
                                                },
                                                span: Span,
                                            },
                                            args: [],
                                        },
                                        span: Span,
                                    },
                                },
                                span: Span,
                            },
                        ],
                    },
                    span: Span,
                },
            ),
            span: Span,
        },
    ),
    Statement(
        StatementNode {
            kind: Expression(
                ExpressionNode {
                    kind: Call {
                        func: ExpressionNode {
                            kind: Identifier(
                                "print",
                            ),
                            span: Span,
                        },
                        args: [
                            ExpressionNode {
                                kind: Binary {
                                    left: ExpressionNode {
                                        kind: Literal(
                                            String(
                                                "square(5): ",
                                            ),
                                        ),
                                        span: Span,
                                    },
                                    op: Add,
                                    op_span: Span,
                                    right: ExpressionNode {
                                        kind: Call {
                                            func: ExpressionNode {
                                                kind: FieldAccess {
                                                    expr: ExpressionNode {
                                                        kind: Call {
                                                            func: ExpressionNode {
                                                                kind: Identifier(
                                                                    "square",
                                                                ),
                                                                span: Span,
                                                            },
                                                            args: [
                                                                ExpressionNode {
                                                                    kind: Literal(
                                                                        Integer(
                                                                            5,
                                                                        ),
                                                                    ),
                                                                    span: Span,
                                                                },
                                                            ],
                                                        },
                                                        span: Span,
                                                    },
                                                    field: "to_string",
                                                },
                                                span: Span,
                                            },
                                            args: [],
                                        },
                                        span: Span,
                                    },
                                },
                                span: Span,
                            },
                        ],
                    },
                    span: Span,
                },
            ),
            span: Span,
        },
    ),
    Statement(
        StatementNode {
            kind: Expression(
                ExpressionNode {
                    kind: Call {
                        func: ExpressionNode {
                            kind: Identifier(
                                "print",
                            ),
                            span: Span,
                        },
                        args: [
                            ExpressionNode {
                                kind: Binary {
                                    left: ExpressionNode {
                                        kind: Literal(
                                            String(
                                                "doubled(3.5): ",
                                            ),
                                        ),
                                        span: Span,
                                    },
                                    op: Add,
                                    op_span: Span,
                                    right: ExpressionNode {
                                        kind: Call {
                                            func: ExpressionNode {
                                                kind: FieldAccess {
                                                    expr: ExpressionNode {
                                                        kind: Call {
                                                            func: ExpressionNode {
                                                                kind: Identifier(
                                                                    "doubled",
                                                                ),
                                                                span: Span,
                                                            },
                                                            args: [
                                                                ExpressionNode {
                                                                    kind: Literal(
                                                                        Float(
                                                                            3.5,
                                                                        ),
                                                                    ),
                                                                    span: Span,
                                                                },
                                                            ],
                                                        },
                                                        span: Span,
                                                    },
                                                    field: "to_string",
                                                },
                                                span: Span,
                                            },
                                            args: [],
                                        },
                                        span: Span,
                                    },
                                },
                                span: Span,
                            },
                        ],
                    },
                    span: Span,
                },
            ),
            span: Span,
        },
    ),
]
