---
source: mux-compiler/tests/parser_integration.rs
---
[
    Statement(
        StatementNode {
            kind: Import {
                module_path: "std",
                spec: Item {
                    item: "net",
                    alias: None,
                },
            },
            span: Span,
        },
    ),
    Function(
        FunctionNode {
            name: "typed_http_signatures",
            type_params: [],
            params: [
                Param {
                    name: "target",
                    type_: TypeNode {
                        kind: Primitive(
                            Str,
                        ),
                        span: Span,
                    },
                    default_value: None,
                },
                Param {
                    name: "payload",
                    type_: TypeNode {
                        kind: Primitive(
                            Bytes,
                        ),
                        span: Span,
                    },
                    default_value: None,
                },
            ],
            return_type: TypeNode {
                kind: Named(
                    "result",
                    [
                        TypeNode {
                            kind: Primitive(
                                Int,
                            ),
                            span: Span,
                        },
                        TypeNode {
                            kind: Named(
                                "HttpError",
                                [],
                            ),
                            span: Span,
                        },
                    ],
                ),
                span: Span,
            },
            body: [
                StatementNode {
                    kind: AutoDecl(
                        "headers",
                        TypeNode {
                            kind: Auto,
                            span: Span,
                        },
                        ExpressionNode {
                            kind: Call {
                                func: ExpressionNode {
                                    kind: FieldAccess {
                                        expr: ExpressionNode {
                                            kind: FieldAccess {
                                                expr: ExpressionNode {
                                                    kind: Identifier(
                                                        "net",
                                                    ),
                                                    span: Span,
                                                },
                                                field: "Headers",
                                            },
                                            span: Span,
                                        },
                                        field: "new",
                                    },
                                    span: Span,
                                },
                                args: [],
                            },
                            span: Span,
                        },
                    ),
                    span: Span,
                },
                StatementNode {
                    kind: AutoDecl(
                        "request",
                        TypeNode {
                            kind: Auto,
                            span: Span,
                        },
                        ExpressionNode {
                            kind: Call {
                                func: ExpressionNode {
                                    kind: FieldAccess {
                                        expr: ExpressionNode {
                                            kind: FieldAccess {
                                                expr: ExpressionNode {
                                                    kind: Identifier(
                                                        "net",
                                                    ),
                                                    span: Span,
                                                },
                                                field: "HttpRequest",
                                            },
                                            span: Span,
                                        },
                                        field: "new",
                                    },
                                    span: Span,
                                },
                                args: [],
                            },
                            span: Span,
                        },
                    ),
                    span: Span,
                },
                StatementNode {
                    kind: Expression(
                        ExpressionNode {
                            kind: Binary {
                                left: ExpressionNode {
                                    kind: FieldAccess {
                                        expr: ExpressionNode {
                                            kind: Identifier(
                                                "request",
                                            ),
                                            span: Span,
                                        },
                                        field: "method",
                                    },
                                    span: Span,
                                },
                                op: Assign,
                                op_span: Span,
                                right: ExpressionNode {
                                    kind: Literal(
                                        String(
                                            "POST",
                                        ),
                                    ),
                                    span: Span,
                                },
                            },
                            span: Span,
                        },
                    ),
                    span: Span,
                },
                StatementNode {
                    kind: Expression(
                        ExpressionNode {
                            kind: Binary {
                                left: ExpressionNode {
                                    kind: FieldAccess {
                                        expr: ExpressionNode {
                                            kind: Identifier(
                                                "request",
                                            ),
                                            span: Span,
                                        },
                                        field: "url",
                                    },
                                    span: Span,
                                },
                                op: Assign,
                                op_span: Span,
                                right: ExpressionNode {
                                    kind: Identifier(
                                        "target",
                                    ),
                                    span: Span,
                                },
                            },
                            span: Span,
                        },
                    ),
                    span: Span,
                },
                StatementNode {
                    kind: Expression(
                        ExpressionNode {
                            kind: Binary {
                                left: ExpressionNode {
                                    kind: FieldAccess {
                                        expr: ExpressionNode {
                                            kind: Identifier(
                                                "request",
                                            ),
                                            span: Span,
                                        },
                                        field: "headers",
                                    },
                                    span: Span,
                                },
                                op: Assign,
                                op_span: Span,
                                right: ExpressionNode {
                                    kind: Identifier(
                                        "headers",
                                    ),
                                    span: Span,
                                },
                            },
                            span: Span,
                        },
                    ),
                    span: Span,
                },
                StatementNode {
                    kind: Expression(
                        ExpressionNode {
                            kind: Binary {
                                left: ExpressionNode {
                                    kind: FieldAccess {
                                        expr: ExpressionNode {
                                            kind: Identifier(
                                                "request",
                                            ),
                                            span: Span,
                                        },
                                        field: "body",
                                    },
                                    span: Span,
                                },
                                op: Assign,
                                op_span: Span,
                                right: ExpressionNode {
                                    kind: Identifier(
                                        "payload",
                                    ),
                                    span: Span,
                                },
                            },
                            span: Span,
                        },
                    ),
                    span: Span,
                },
                StatementNode {
                    kind: Expression(
                        ExpressionNode {
                            kind: Binary {
                                left: ExpressionNode {
                                    kind: FieldAccess {
                                        expr: ExpressionNode {
                                            kind: Identifier(
                                                "request",
                                            ),
                                            span: Span,
                                        },
                                        field: "timeout_ms",
                                    },
                                    span: Span,
                                },
                                op: Assign,
                                op_span: Span,
                                right: ExpressionNode {
                                    kind: Literal(
                                        Integer(
                                            30000,
                                        ),
                                    ),
                                    span: Span,
                                },
                            },
                            span: Span,
                        },
                    ),
                    span: Span,
                },
                StatementNode {
                    kind: Expression(
                        ExpressionNode {
                            kind: Binary {
                                left: ExpressionNode {
                                    kind: FieldAccess {
                                        expr: ExpressionNode {
                                            kind: Identifier(
                                                "request",
                                            ),
                                            span: Span,
                                        },
                                        field: "max_redirects",
                                    },
                                    span: Span,
                                },
                                op: Assign,
                                op_span: Span,
                                right: ExpressionNode {
                                    kind: Literal(
                                        Integer(
                                            10,
                                        ),
                                    ),
                                    span: Span,
                                },
                            },
                            span: Span,
                        },
                    ),
                    span: Span,
                },
                StatementNode {
                    kind: Expression(
                        ExpressionNode {
                            kind: Binary {
                                left: ExpressionNode {
                                    kind: FieldAccess {
                                        expr: ExpressionNode {
                                            kind: Identifier(
                                                "request",
                                            ),
                                            span: Span,
                                        },
                                        field: "retries",
                                    },
                                    span: Span,
                                },
                                op: Assign,
                                op_span: Span,
                                right: ExpressionNode {
                                    kind: Literal(
                                        Integer(
                                            0,
                                        ),
                                    ),
                                    span: Span,
                                },
                            },
                            span: Span,
                        },
                    ),
                    span: Span,
                },
                StatementNode {
                    kind: AutoDecl(
                        "response",
                        TypeNode {
                            kind: Auto,
                            span: Span,
                        },
                        ExpressionNode {
                            kind: Unary {
                                op: Use,
                                op_span: Span,
                                expr: ExpressionNode {
                                    kind: Call {
                                        func: ExpressionNode {
                                            kind: FieldAccess {
                                                expr: ExpressionNode {
                                                    kind: Identifier(
                                                        "request",
                                                    ),
                                                    span: Span,
                                                },
                                                field: "send",
                                            },
                                            span: Span,
                                        },
                                        args: [],
                                    },
                                    span: Span,
                                },
                                postfix: false,
                            },
                            span: Span,
                        },
                    ),
                    span: Span,
                },
                StatementNode {
                    kind: AutoDecl(
                        "status",
                        TypeNode {
                            kind: Auto,
                            span: Span,
                        },
                        ExpressionNode {
                            kind: FieldAccess {
                                expr: ExpressionNode {
                                    kind: Identifier(
                                        "response",
                                    ),
                                    span: Span,
                                },
                                field: "status",
                            },
                            span: Span,
                        },
                    ),
                    span: Span,
                },
                StatementNode {
                    kind: Expression(
                        ExpressionNode {
                            kind: Call {
                                func: ExpressionNode {
                                    kind: Identifier(
                                        "assert",
                                    ),
                                    span: Span,
                                },
                                args: [
                                    ExpressionNode {
                                        kind: Binary {
                                            left: ExpressionNode {
                                                kind: Identifier(
                                                    "status",
                                                ),
                                                span: Span,
                                            },
                                            op: Greater,
                                            op_span: Span,
                                            right: ExpressionNode {
                                                kind: Literal(
                                                    Integer(
                                                        0,
                                                    ),
                                                ),
                                                span: Span,
                                            },
                                        },
                                        span: Span,
                                    },
                                    ExpressionNode {
                                        kind: Literal(
                                            String(
                                                "invalid response status",
                                            ),
                                        ),
                                        span: Span,
                                    },
                                ],
                            },
                            span: Span,
                        },
                    ),
                    span: Span,
                },
                StatementNode {
                    kind: Expression(
                        ExpressionNode {
                            kind: FieldAccess {
                                expr: ExpressionNode {
                                    kind: Identifier(
                                        "response",
                                    ),
                                    span: Span,
                                },
                                field: "headers",
                            },
                            span: Span,
                        },
                    ),
                    span: Span,
                },
                StatementNode {
                    kind: Expression(
                        ExpressionNode {
                            kind: Unary {
                                op: Use,
                                op_span: Span,
                                expr: ExpressionNode {
                                    kind: Call {
                                        func: ExpressionNode {
                                            kind: FieldAccess {
                                                expr: ExpressionNode {
                                                    kind: Identifier(
                                                        "response",
                                                    ),
                                                    span: Span,
                                                },
                                                field: "error_for_status",
                                            },
                                            span: Span,
                                        },
                                        args: [],
                                    },
                                    span: Span,
                                },
                                postfix: false,
                            },
                            span: Span,
                        },
                    ),
                    span: Span,
                },
                StatementNode {
                    kind: Expression(
                        ExpressionNode {
                            kind: Unary {
                                op: Use,
                                op_span: Span,
                                expr: ExpressionNode {
                                    kind: Call {
                                        func: ExpressionNode {
                                            kind: FieldAccess {
                                                expr: ExpressionNode {
                                                    kind: Identifier(
                                                        "response",
                                                    ),
                                                    span: Span,
                                                },
                                                field: "read_bytes",
                                            },
                                            span: Span,
                                        },
                                        args: [
                                            ExpressionNode {
                                                kind: Literal(
                                                    Integer(
                                                        16,
                                                    ),
                                                ),
                                                span: Span,
                                            },
                                        ],
                                    },
                                    span: Span,
                                },
                                postfix: false,
                            },
                            span: Span,
                        },
                    ),
                    span: Span,
                },
                StatementNode {
                    kind: AutoDecl(
                        "configured",
                        TypeNode {
                            kind: Auto,
                            span: Span,
                        },
                        ExpressionNode {
                            kind: Unary {
                                op: Use,
                                op_span: Span,
                                expr: ExpressionNode {
                                    kind: Call {
                                        func: ExpressionNode {
                                            kind: FieldAccess {
                                                expr: ExpressionNode {
                                                    kind: FieldAccess {
                                                        expr: ExpressionNode {
                                                            kind: Identifier(
                                                                "net",
                                                            ),
                                                            span: Span,
                                                        },
                                                        field: "HttpRequest",
                                                    },
                                                    span: Span,
                                                },
                                                field: "from_config",
                                            },
                                            span: Span,
                                        },
                                        args: [
                                            ExpressionNode {
                                                kind: Literal(
                                                    String(
                                                        "POST",
                                                    ),
                                                ),
                                                span: Span,
                                            },
                                            ExpressionNode {
                                                kind: Identifier(
                                                    "target",
                                                ),
                                                span: Span,
                                            },
                                            ExpressionNode {
                                                kind: Identifier(
                                                    "headers",
                                                ),
                                                span: Span,
                                            },
                                            ExpressionNode {
                                                kind: Identifier(
                                                    "payload",
                                                ),
                                                span: Span,
                                            },
                                        ],
                                    },
                                    span: Span,
                                },
                                postfix: false,
                            },
                            span: Span,
                        },
                    ),
                    span: Span,
                },
                StatementNode {
                    kind: Expression(
                        ExpressionNode {
                            kind: FieldAccess {
                                expr: ExpressionNode {
                                    kind: Identifier(
                                        "configured",
                                    ),
                                    span: Span,
                                },
                                field: "url",
                            },
                            span: Span,
                        },
                    ),
                    span: Span,
                },
                StatementNode {
                    kind: Return(
                        Some(
                            ExpressionNode {
                                kind: Call {
                                    func: ExpressionNode {
                                        kind: Identifier(
                                            "ok",
                                        ),
                                        span: Span,
                                    },
                                    args: [
                                        ExpressionNode {
                                            kind: Literal(
                                                Integer(
                                                    1,
                                                ),
                                            ),
                                            span: Span,
                                        },
                                    ],
                                },
                                span: Span,
                            },
                        ),
                    ),
                    span: Span,
                },
            ],
            span: Span,
            is_common: false,
            where_clause: None,
        },
    ),
    Function(
        FunctionNode {
            name: "request_once",
            type_params: [],
            params: [],
            return_type: TypeNode {
                kind: Named(
                    "result",
                    [
                        TypeNode {
                            kind: Primitive(
                                Int,
                            ),
                            span: Span,
                        },
                        TypeNode {
                            kind: Named(
                                "HttpError",
                                [],
                            ),
                            span: Span,
                        },
                    ],
                ),
                span: Span,
            },
            body: [
                StatementNode {
                    kind: AutoDecl(
                        "request",
                        TypeNode {
                            kind: Auto,
                            span: Span,
                        },
                        ExpressionNode {
                            kind: Call {
                                func: ExpressionNode {
                                    kind: FieldAccess {
                                        expr: ExpressionNode {
                                            kind: FieldAccess {
                                                expr: ExpressionNode {
                                                    kind: Identifier(
                                                        "net",
                                                    ),
                                                    span: Span,
                                                },
                                                field: "HttpRequest",
                                            },
                                            span: Span,
                                        },
                                        field: "new",
                                    },
                                    span: Span,
                                },
                                args: [],
                            },
                            span: Span,
                        },
                    ),
                    span: Span,
                },
                StatementNode {
                    kind: Expression(
                        ExpressionNode {
                            kind: Binary {
                                left: ExpressionNode {
                                    kind: FieldAccess {
                                        expr: ExpressionNode {
                                            kind: Identifier(
                                                "request",
                                            ),
                                            span: Span,
                                        },
                                        field: "method",
                                    },
                                    span: Span,
                                },
                                op: Assign,
                                op_span: Span,
                                right: ExpressionNode {
                                    kind: Literal(
                                        String(
                                            "GET",
                                        ),
                                    ),
                                    span: Span,
                                },
                            },
                            span: Span,
                        },
                    ),
                    span: Span,
                },
                StatementNode {
                    kind: Expression(
                        ExpressionNode {
                            kind: Binary {
                                left: ExpressionNode {
                                    kind: FieldAccess {
                                        expr: ExpressionNode {
                                            kind: Identifier(
                                                "request",
                                            ),
                                            span: Span,
                                        },
                                        field: "url",
                                    },
                                    span: Span,
                                },
                                op: Assign,
                                op_span: Span,
                                right: ExpressionNode {
                                    kind: Literal(
                                        String(
                                            "https://httpbingo.org/get",
                                        ),
                                    ),
                                    span: Span,
                                },
                            },
                            span: Span,
                        },
                    ),
                    span: Span,
                },
                StatementNode {
                    kind: AutoDecl(
                        "response",
                        TypeNode {
                            kind: Auto,
                            span: Span,
                        },
                        ExpressionNode {
                            kind: Unary {
                                op: Use,
                                op_span: Span,
                                expr: ExpressionNode {
                                    kind: Call {
                                        func: ExpressionNode {
                                            kind: FieldAccess {
                                                expr: ExpressionNode {
                                                    kind: Identifier(
                                                        "request",
                                                    ),
                                                    span: Span,
                                                },
                                                field: "send",
                                            },
                                            span: Span,
                                        },
                                        args: [],
                                    },
                                    span: Span,
                                },
                                postfix: false,
                            },
                            span: Span,
                        },
                    ),
                    span: Span,
                },
                StatementNode {
                    kind: AutoDecl(
                        "status",
                        TypeNode {
                            kind: Auto,
                            span: Span,
                        },
                        ExpressionNode {
                            kind: FieldAccess {
                                expr: ExpressionNode {
                                    kind: Identifier(
                                        "response",
                                    ),
                                    span: Span,
                                },
                                field: "status",
                            },
                            span: Span,
                        },
                    ),
                    span: Span,
                },
                StatementNode {
                    kind: If {
                        cond: ExpressionNode {
                            kind: Binary {
                                left: ExpressionNode {
                                    kind: Identifier(
                                        "status",
                                    ),
                                    span: Span,
                                },
                                op: NotEqual,
                                op_span: Span,
                                right: ExpressionNode {
                                    kind: Literal(
                                        Integer(
                                            200,
                                        ),
                                    ),
                                    span: Span,
                                },
                            },
                            span: Span,
                        },
                        then_block: [
                            StatementNode {
                                kind: Return(
                                    Some(
                                        ExpressionNode {
                                            kind: Call {
                                                func: ExpressionNode {
                                                    kind: Identifier(
                                                        "err",
                                                    ),
                                                    span: Span,
                                                },
                                                args: [
                                                    ExpressionNode {
                                                        kind: Call {
                                                            func: ExpressionNode {
                                                                kind: FieldAccess {
                                                                    expr: ExpressionNode {
                                                                        kind: Identifier(
                                                                            "HttpError",
                                                                        ),
                                                                        span: Span,
                                                                    },
                                                                    field: "from_message",
                                                                },
                                                                span: Span,
                                                            },
                                                            args: [
                                                                ExpressionNode {
                                                                    kind: Binary {
                                                                        left: ExpressionNode {
                                                                            kind: Literal(
                                                                                String(
                                                                                    "unexpected status: ",
                                                                                ),
                                                                            ),
                                                                            span: Span,
                                                                        },
                                                                        op: Add,
                                                                        op_span: Span,
                                                                        right: ExpressionNode {
                                                                            kind: Call {
                                                                                func: ExpressionNode {
                                                                                    kind: FieldAccess {
                                                                                        expr: ExpressionNode {
                                                                                            kind: Identifier(
                                                                                                "status",
                                                                                            ),
                                                                                            span: Span,
                                                                                        },
                                                                                        field: "to_string",
                                                                                    },
                                                                                    span: Span,
                                                                                },
                                                                                args: [],
                                                                            },
                                                                            span: Span,
                                                                        },
                                                                    },
                                                                    span: Span,
                                                                },
                                                            ],
                                                        },
                                                        span: Span,
                                                    },
                                                ],
                                            },
                                            span: Span,
                                        },
                                    ),
                                ),
                                span: Span,
                            },
                        ],
                        else_block: None,
                    },
                    span: Span,
                },
                StatementNode {
                    kind: Expression(
                        ExpressionNode {
                            kind: Unary {
                                op: Use,
                                op_span: Span,
                                expr: ExpressionNode {
                                    kind: Call {
                                        func: ExpressionNode {
                                            kind: FieldAccess {
                                                expr: ExpressionNode {
                                                    kind: Identifier(
                                                        "response",
                                                    ),
                                                    span: Span,
                                                },
                                                field: "read_bytes",
                                            },
                                            span: Span,
                                        },
                                        args: [
                                            ExpressionNode {
                                                kind: Binary {
                                                    left: ExpressionNode {
                                                        kind: Binary {
                                                            left: ExpressionNode {
                                                                kind: Literal(
                                                                    Integer(
                                                                        16,
                                                                    ),
                                                                ),
                                                                span: Span,
                                                            },
                                                            op: Multiply,
                                                            op_span: Span,
                                                            right: ExpressionNode {
                                                                kind: Literal(
                                                                    Integer(
                                                                        1024,
                                                                    ),
                                                                ),
                                                                span: Span,
                                                            },
                                                        },
                                                        span: Span,
                                                    },
                                                    op: Multiply,
                                                    op_span: Span,
                                                    right: ExpressionNode {
                                                        kind: Literal(
                                                            Integer(
                                                                1024,
                                                            ),
                                                        ),
                                                        span: Span,
                                                    },
                                                },
                                                span: Span,
                                            },
                                        ],
                                    },
                                    span: Span,
                                },
                                postfix: false,
                            },
                            span: Span,
                        },
                    ),
                    span: Span,
                },
                StatementNode {
                    kind: Return(
                        Some(
                            ExpressionNode {
                                kind: Call {
                                    func: ExpressionNode {
                                        kind: Identifier(
                                            "ok",
                                        ),
                                        span: Span,
                                    },
                                    args: [
                                        ExpressionNode {
                                            kind: Identifier(
                                                "status",
                                            ),
                                            span: Span,
                                        },
                                    ],
                                },
                                span: Span,
                            },
                        ),
                    ),
                    span: Span,
                },
            ],
            span: Span,
            is_common: false,
            where_clause: None,
        },
    ),
    Function(
        FunctionNode {
            name: "main",
            type_params: [],
            params: [],
            return_type: TypeNode {
                kind: Primitive(
                    Void,
                ),
                span: Span,
            },
            body: [
                StatementNode {
                    kind: Expression(
                        ExpressionNode {
                            kind: Call {
                                func: ExpressionNode {
                                    kind: Identifier(
                                        "print",
                                    ),
                                    span: Span,
                                },
                                args: [
                                    ExpressionNode {
                                        kind: Literal(
                                            String(
                                                "Starting http client smoke test",
                                            ),
                                        ),
                                        span: Span,
                                    },
                                ],
                            },
                            span: Span,
                        },
                    ),
                    span: Span,
                },
                StatementNode {
                    kind: AutoDecl(
                        "synthetic_error",
                        TypeNode {
                            kind: Auto,
                            span: Span,
                        },
                        ExpressionNode {
                            kind: Call {
                                func: ExpressionNode {
                                    kind: FieldAccess {
                                        expr: ExpressionNode {
                                            kind: Identifier(
                                                "HttpError",
                                            ),
                                            span: Span,
                                        },
                                        field: "from_message",
                                    },
                                    span: Span,
                                },
                                args: [
                                    ExpressionNode {
                                        kind: Literal(
                                            String(
                                                "offline transport",
                                            ),
                                        ),
                                        span: Span,
                                    },
                                ],
                            },
                            span: Span,
                        },
                    ),
                    span: Span,
                },
                StatementNode {
                    kind: Expression(
                        ExpressionNode {
                            kind: Call {
                                func: ExpressionNode {
                                    kind: Identifier(
                                        "assert",
                                    ),
                                    span: Span,
                                },
                                args: [
                                    ExpressionNode {
                                        kind: Binary {
                                            left: ExpressionNode {
                                                kind: FieldAccess {
                                                    expr: ExpressionNode {
                                                        kind: Identifier(
                                                            "synthetic_error",
                                                        ),
                                                        span: Span,
                                                    },
                                                    field: "kind",
                                                },
                                                span: Span,
                                            },
                                            op: Equal,
                                            op_span: Span,
                                            right: ExpressionNode {
                                                kind: FieldAccess {
                                                    expr: ExpressionNode {
                                                        kind: FieldAccess {
                                                            expr: ExpressionNode {
                                                                kind: Identifier(
                                                                    "net",
                                                                ),
                                                                span: Span,
                                                            },
                                                            field: "HttpErrorKind",
                                                        },
                                                        span: Span,
                                                    },
                                                    field: "Transport",
                                                },
                                                span: Span,
                                            },
                                        },
                                        span: Span,
                                    },
                                    ExpressionNode {
                                        kind: Literal(
                                            String(
                                                "HTTP error kind",
                                            ),
                                        ),
                                        span: Span,
                                    },
                                ],
                            },
                            span: Span,
                        },
                    ),
                    span: Span,
                },
                StatementNode {
                    kind: Expression(
                        ExpressionNode {
                            kind: Call {
                                func: ExpressionNode {
                                    kind: Identifier(
                                        "assert",
                                    ),
                                    span: Span,
                                },
                                args: [
                                    ExpressionNode {
                                        kind: Binary {
                                            left: ExpressionNode {
                                                kind: FieldAccess {
                                                    expr: ExpressionNode {
                                                        kind: Identifier(
                                                            "synthetic_error",
                                                        ),
                                                        span: Span,
                                                    },
                                                    field: "status",
                                                },
                                                span: Span,
                                            },
                                            op: Equal,
                                            op_span: Span,
                                            right: ExpressionNode {
                                                kind: Literal(
                                                    Integer(
                                                        0,
                                                    ),
                                                ),
                                                span: Span,
                                            },
                                        },
                                        span: Span,
                                    },
                                    ExpressionNode {
                                        kind: Literal(
                                            String(
                                                "HTTP error status",
                                            ),
                                        ),
                                        span: Span,
                                    },
                                ],
                            },
                            span: Span,
                        },
                    ),
                    span: Span,
                },
                StatementNode {
                    kind: Expression(
                        ExpressionNode {
                            kind: Call {
                                func: ExpressionNode {
                                    kind: Identifier(
                                        "assert",
                                    ),
                                    span: Span,
                                },
                                args: [
                                    ExpressionNode {
                                        kind: Binary {
                                            left: ExpressionNode {
                                                kind: Call {
                                                    func: ExpressionNode {
                                                        kind: FieldAccess {
                                                            expr: ExpressionNode {
                                                                kind: Identifier(
                                                                    "synthetic_error",
                                                                ),
                                                                span: Span,
                                                            },
                                                            field: "message",
                                                        },
                                                        span: Span,
                                                    },
                                                    args: [],
                                                },
                                                span: Span,
                                            },
                                            op: Equal,
                                            op_span: Span,
                                            right: ExpressionNode {
                                                kind: Literal(
                                                    String(
                                                        "offline transport",
                                                    ),
                                                ),
                                                span: Span,
                                            },
                                        },
                                        span: Span,
                                    },
                                    ExpressionNode {
                                        kind: Literal(
                                            String(
                                                "HTTP error message",
                                            ),
                                        ),
                                        span: Span,
                                    },
                                ],
                            },
                            span: Span,
                        },
                    ),
                    span: Span,
                },
                StatementNode {
                    kind: TypedDecl(
                        "last_error",
                        TypeNode {
                            kind: Primitive(
                                Str,
                            ),
                            span: Span,
                        },
                        ExpressionNode {
                            kind: Literal(
                                String(
                                    "no attempts made",
                                ),
                            ),
                            span: Span,
                        },
                    ),
                    span: Span,
                },
                StatementNode {
                    kind: TypedDecl(
                        "success",
                        TypeNode {
                            kind: Primitive(
                                Bool,
                            ),
                            span: Span,
                        },
                        ExpressionNode {
                            kind: Literal(
                                Boolean(
                                    false,
                                ),
                            ),
                            span: Span,
                        },
                    ),
                    span: Span,
                },
                StatementNode {
                    kind: TypedDecl(
                        "attempt",
                        TypeNode {
                            kind: Primitive(
                                Int,
                            ),
                            span: Span,
                        },
                        ExpressionNode {
                            kind: Literal(
                                Integer(
                                    0,
                                ),
                            ),
                            span: Span,
                        },
                    ),
                    span: Span,
                },
                StatementNode {
                    kind: While {
                        cond: ExpressionNode {
                            kind: Binary {
                                left: ExpressionNode {
                                    kind: Binary {
                                        left: ExpressionNode {
                                            kind: Identifier(
                                                "attempt",
                                            ),
                                            span: Span,
                                        },
                                        op: Less,
                                        op_span: Span,
                                        right: ExpressionNode {
                                            kind: Literal(
                                                Integer(
                                                    3,
                                                ),
                                            ),
                                            span: Span,
                                        },
                                    },
                                    span: Span,
                                },
                                op: LogicalAnd,
                                op_span: Span,
                                right: ExpressionNode {
                                    kind: Unary {
                                        op: Not,
                                        op_span: Span,
                                        expr: ExpressionNode {
                                            kind: Identifier(
                                                "success",
                                            ),
                                            span: Span,
                                        },
                                        postfix: false,
                                    },
                                    span: Span,
                                },
                            },
                            span: Span,
                        },
                        body: [
                            StatementNode {
                                kind: Expression(
                                    ExpressionNode {
                                        kind: Binary {
                                            left: ExpressionNode {
                                                kind: Identifier(
                                                    "attempt",
                                                ),
                                                span: Span,
                                            },
                                            op: AddAssign,
                                            op_span: Span,
                                            right: ExpressionNode {
                                                kind: Literal(
                                                    Integer(
                                                        1,
                                                    ),
                                                ),
                                                span: Span,
                                            },
                                        },
                                        span: Span,
                                    },
                                ),
                                span: Span,
                            },
                            StatementNode {
                                kind: AutoDecl(
                                    "attempt_result",
                                    TypeNode {
                                        kind: Auto,
                                        span: Span,
                                    },
                                    ExpressionNode {
                                        kind: Call {
                                            func: ExpressionNode {
                                                kind: Identifier(
                                                    "request_once",
                                                ),
                                                span: Span,
                                            },
                                            args: [],
                                        },
                                        span: Span,
                                    },
                                ),
                                span: Span,
                            },
                            StatementNode {
                                kind: If {
                                    cond: ExpressionNode {
                                        kind: Call {
                                            func: ExpressionNode {
                                                kind: FieldAccess {
                                                    expr: ExpressionNode {
                                                        kind: Identifier(
                                                            "attempt_result",
                                                        ),
                                                        span: Span,
                                                    },
                                                    field: "is_ok",
                                                },
                                                span: Span,
                                            },
                                            args: [],
                                        },
                                        span: Span,
                                    },
                                    then_block: [
                                        StatementNode {
                                            kind: Expression(
                                                ExpressionNode {
                                                    kind: Binary {
                                                        left: ExpressionNode {
                                                            kind: Identifier(
                                                                "success",
                                                            ),
                                                            span: Span,
                                                        },
                                                        op: Assign,
                                                        op_span: Span,
                                                        right: ExpressionNode {
                                                            kind: Literal(
                                                                Boolean(
                                                                    true,
                                                                ),
                                                            ),
                                                            span: Span,
                                                        },
                                                    },
                                                    span: Span,
                                                },
                                            ),
                                            span: Span,
                                        },
                                    ],
                                    else_block: Some(
                                        [
                                            StatementNode {
                                                kind: Expression(
                                                    ExpressionNode {
                                                        kind: Binary {
                                                            left: ExpressionNode {
                                                                kind: Identifier(
                                                                    "last_error",
                                                                ),
                                                                span: Span,
                                                            },
                                                            op: Assign,
                                                            op_span: Span,
                                                            right: ExpressionNode {
                                                                kind: Call {
                                                                    func: ExpressionNode {
                                                                        kind: FieldAccess {
                                                                            expr: ExpressionNode {
                                                                                kind: Call {
                                                                                    func: ExpressionNode {
                                                                                        kind: FieldAccess {
                                                                                            expr: ExpressionNode {
                                                                                                kind: Identifier(
                                                                                                    "attempt_result",
                                                                                                ),
                                                                                                span: Span,
                                                                                            },
                                                                                            field: "error",
                                                                                        },
                                                                                        span: Span,
                                                                                    },
                                                                                    args: [],
                                                                                },
                                                                                span: Span,
                                                                            },
                                                                            field: "message",
                                                                        },
                                                                        span: Span,
                                                                    },
                                                                    args: [],
                                                                },
                                                                span: Span,
                                                            },
                                                        },
                                                        span: Span,
                                                    },
                                                ),
                                                span: Span,
                                            },
                                        ],
                                    ),
                                },
                                span: Span,
                            },
                        ],
                    },
                    span: Span,
                },
                StatementNode {
                    kind: Expression(
                        ExpressionNode {
                            kind: Call {
                                func: ExpressionNode {
                                    kind: Identifier(
                                        "assert",
                                    ),
                                    span: Span,
                                },
                                args: [
                                    ExpressionNode {
                                        kind: Identifier(
                                            "success",
                                        ),
                                        span: Span,
                                    },
                                    ExpressionNode {
                                        kind: Binary {
                                            left: ExpressionNode {
                                                kind: Binary {
                                                    left: ExpressionNode {
                                                        kind: Binary {
                                                            left: ExpressionNode {
                                                                kind: Literal(
                                                                    String(
                                                                        "http request failed after ",
                                                                    ),
                                                                ),
                                                                span: Span,
                                                            },
                                                            op: Add,
                                                            op_span: Span,
                                                            right: ExpressionNode {
                                                                kind: Call {
                                                                    func: ExpressionNode {
                                                                        kind: FieldAccess {
                                                                            expr: ExpressionNode {
                                                                                kind: Identifier(
                                                                                    "attempt",
                                                                                ),
                                                                                span: Span,
                                                                            },
                                                                            field: "to_string",
                                                                        },
                                                                        span: Span,
                                                                    },
                                                                    args: [],
                                                                },
                                                                span: Span,
                                                            },
                                                        },
                                                        span: Span,
                                                    },
                                                    op: Add,
                                                    op_span: Span,
                                                    right: ExpressionNode {
                                                        kind: Literal(
                                                            String(
                                                                " attempts: ",
                                                            ),
                                                        ),
                                                        span: Span,
                                                    },
                                                },
                                                span: Span,
                                            },
                                            op: Add,
                                            op_span: Span,
                                            right: ExpressionNode {
                                                kind: Identifier(
                                                    "last_error",
                                                ),
                                                span: Span,
                                            },
                                        },
                                        span: Span,
                                    },
                                ],
                            },
                            span: Span,
                        },
                    ),
                    span: Span,
                },
                StatementNode {
                    kind: Expression(
                        ExpressionNode {
                            kind: Call {
                                func: ExpressionNode {
                                    kind: Identifier(
                                        "print",
                                    ),
                                    span: Span,
                                },
                                args: [
                                    ExpressionNode {
                                        kind: Literal(
                                            String(
                                                "http request success path validated",
                                            ),
                                        ),
                                        span: Span,
                                    },
                                ],
                            },
                            span: Span,
                        },
                    ),
                    span: Span,
                },
                StatementNode {
                    kind: AutoDecl(
                        "invalid_req",
                        TypeNode {
                            kind: Auto,
                            span: Span,
                        },
                        ExpressionNode {
                            kind: Call {
                                func: ExpressionNode {
                                    kind: FieldAccess {
                                        expr: ExpressionNode {
                                            kind: FieldAccess {
                                                expr: ExpressionNode {
                                                    kind: Identifier(
                                                        "net",
                                                    ),
                                                    span: Span,
                                                },
                                                field: "HttpRequest",
                                            },
                                            span: Span,
                                        },
                                        field: "new",
                                    },
                                    span: Span,
                                },
                                args: [],
                            },
                            span: Span,
                        },
                    ),
                    span: Span,
                },
                StatementNode {
                    kind: AutoDecl(
                        "invalid_result",
                        TypeNode {
                            kind: Auto,
                            span: Span,
                        },
                        ExpressionNode {
                            kind: Call {
                                func: ExpressionNode {
                                    kind: FieldAccess {
                                        expr: ExpressionNode {
                                            kind: Identifier(
                                                "invalid_req",
                                            ),
                                            span: Span,
                                        },
                                        field: "send",
                                    },
                                    span: Span,
                                },
                                args: [],
                            },
                            span: Span,
                        },
                    ),
                    span: Span,
                },
                StatementNode {
                    kind: If {
                        cond: ExpressionNode {
                            kind: Call {
                                func: ExpressionNode {
                                    kind: FieldAccess {
                                        expr: ExpressionNode {
                                            kind: Identifier(
                                                "invalid_result",
                                            ),
                                            span: Span,
                                        },
                                        field: "is_ok",
                                    },
                                    span: Span,
                                },
                                args: [],
                            },
                            span: Span,
                        },
                        then_block: [
                            StatementNode {
                                kind: Expression(
                                    ExpressionNode {
                                        kind: Call {
                                            func: ExpressionNode {
                                                kind: Identifier(
                                                    "assert",
                                                ),
                                                span: Span,
                                            },
                                            args: [
                                                ExpressionNode {
                                                    kind: Literal(
                                                        Boolean(
                                                            false,
                                                        ),
                                                    ),
                                                    span: Span,
                                                },
                                                ExpressionNode {
                                                    kind: Literal(
                                                        String(
                                                            "expected invalid request to fail",
                                                        ),
                                                    ),
                                                    span: Span,
                                                },
                                            ],
                                        },
                                        span: Span,
                                    },
                                ),
                                span: Span,
                            },
                        ],
                        else_block: Some(
                            [
                                StatementNode {
                                    kind: Expression(
                                        ExpressionNode {
                                            kind: Call {
                                                func: ExpressionNode {
                                                    kind: Identifier(
                                                        "print",
                                                    ),
                                                    span: Span,
                                                },
                                                args: [
                                                    ExpressionNode {
                                                        kind: Binary {
                                                            left: ExpressionNode {
                                                                kind: Literal(
                                                                    String(
                                                                        "http invalid-request path validated: ",
                                                                    ),
                                                                ),
                                                                span: Span,
                                                            },
                                                            op: Add,
                                                            op_span: Span,
                                                            right: ExpressionNode {
                                                                kind: Call {
                                                                    func: ExpressionNode {
                                                                        kind: FieldAccess {
                                                                            expr: ExpressionNode {
                                                                                kind: Call {
                                                                                    func: ExpressionNode {
                                                                                        kind: FieldAccess {
                                                                                            expr: ExpressionNode {
                                                                                                kind: Identifier(
                                                                                                    "invalid_result",
                                                                                                ),
                                                                                                span: Span,
                                                                                            },
                                                                                            field: "error",
                                                                                        },
                                                                                        span: Span,
                                                                                    },
                                                                                    args: [],
                                                                                },
                                                                                span: Span,
                                                                            },
                                                                            field: "message",
                                                                        },
                                                                        span: Span,
                                                                    },
                                                                    args: [],
                                                                },
                                                                span: Span,
                                                            },
                                                        },
                                                        span: Span,
                                                    },
                                                ],
                                            },
                                            span: Span,
                                        },
                                    ),
                                    span: Span,
                                },
                            ],
                        ),
                    },
                    span: Span,
                },
                StatementNode {
                    kind: Expression(
                        ExpressionNode {
                            kind: Call {
                                func: ExpressionNode {
                                    kind: Identifier(
                                        "print",
                                    ),
                                    span: Span,
                                },
                                args: [
                                    ExpressionNode {
                                        kind: Literal(
                                            String(
                                                "http smoke test passed",
                                            ),
                                        ),
                                        span: Span,
                                    },
                                ],
                            },
                            span: Span,
                        },
                    ),
                    span: Span,
                },
                StatementNode {
                    kind: Return(
                        None,
                    ),
                    span: Span,
                },
            ],
            span: Span,
            is_common: false,
            where_clause: None,
        },
    ),
]
